Component: ARM Compiler 5.06 update 6 (build 750) Tool: armlink [4d35ed]

==============================================================================

Section Cross References

    heap_4.o(.text) refers to tasks.o(.text) for vTaskSuspendAll
    heap_4.o(.text) refers to heap_4.o(.data) for .data
    heap_4.o(.text) refers to heap_4.o(.bss) for .bss
    port.o(.emb_text) refers to tasks.o(.text) for vTaskSwitchContext
    port.o(.emb_text) refers to tasks.o(.data) for pxCurrentTCB
    port.o(.text) refers to port.o(.emb_text) for __asm___6_port_c_39a90d8d__prvEnableVFP
    port.o(.text) refers to tasks.o(.text) for xTaskIncrementTick
    port.o(.text) refers to port.o(.data) for .data
    port.o(.text) refers to system_stm32f4xx.o(.data) for SystemCoreClock
    event_groups.o(.text) refers to heap_4.o(.text) for pvPortMalloc
    event_groups.o(.text) refers to list.o(.text) for vListInitialise
    event_groups.o(.text) refers to tasks.o(.text) for vTaskSuspendAll
    event_groups.o(.text) refers to port.o(.text) for vPortEnterCritical
    queue.o(.text) refers to port.o(.text) for vPortEnterCritical
    queue.o(.text) refers to list.o(.text) for vListInitialise
    queue.o(.text) refers to tasks.o(.text) for xTaskRemoveFromEventList
    queue.o(.text) refers to heap_4.o(.text) for pvPortMalloc
    queue.o(.text) refers to rt_memcpy_v6.o(.text) for __aeabi_memcpy
    queue.o(.text) refers to queue.o(.bss) for .bss
    stream_buffer.o(.text) refers to memset.o(.text) for memset
    stream_buffer.o(.text) refers to rt_memclr_w.o(.text) for __aeabi_memclr4
    stream_buffer.o(.text) refers to heap_4.o(.text) for pvPortMalloc
    stream_buffer.o(.text) refers to rt_memcpy_v6.o(.text) for __aeabi_memcpy
    stream_buffer.o(.text) refers to tasks.o(.text) for vTaskSetTimeOutState
    stream_buffer.o(.text) refers to port.o(.text) for vPortEnterCritical
    tasks.o(.text) refers to port.o(.text) for vPortEnterCritical
    tasks.o(.text) refers to list.o(.text) for vListInitialise
    tasks.o(.text) refers to heap_4.o(.text) for pvPortMalloc
    tasks.o(.text) refers to tasks.o(.data) for .data
    tasks.o(.text) refers to tasks.o(.bss) for .bss
    tasks.o(.text) refers to timers.o(.text) for xTimerCreateTimerTask
    tasks.o(.text) refers to aeabi_memset.o(.text) for __aeabi_memset
    timers.o(.text) refers to list.o(.text) for vListInsert
    timers.o(.text) refers to tasks.o(.text) for xTaskGetSchedulerState
    timers.o(.text) refers to queue.o(.text) for xQueueGenericSend
    timers.o(.text) refers to heap_4.o(.text) for vPortFree
    timers.o(.text) refers to port.o(.text) for vPortEnterCritical
    timers.o(.text) refers to timers.o(.data) for .data
    timers.o(.text) refers to timers.o(.bss) for .bss
    stm32f4xx_hal.o(.text) refers to stm32f4xx_hal_rcc.o(.text) for HAL_RCC_GetHCLKFreq
    stm32f4xx_hal.o(.text) refers to stm32f4xx_hal_cortex.o(.text) for HAL_SYSTICK_Config
    stm32f4xx_hal.o(.text) refers to stm32f4xx_hal_msp.o(.text) for HAL_MspInit
    stm32f4xx_hal.o(.text) refers to stm32f4xx_hal.o(.data) for .data
    stm32f4xx_hal_can.o(.text) refers to bsp_can.o(.text) for HAL_CAN_MspInit
    stm32f4xx_hal_can.o(.text) refers to stm32f4xx_hal.o(.text) for HAL_GetTick
    stm32f4xx_hal_flash.o(.text) refers to stm32f4xx_hal.o(.text) for HAL_GetTick
    stm32f4xx_hal_flash.o(.text) refers to stm32f4xx_hal_flash_ex.o(.text) for FLASH_Erase_Sector
    stm32f4xx_hal_flash.o(.text) refers to stm32f4xx_hal_flash.o(.bss) for .bss
    stm32f4xx_hal_flash_ex.o(.text) refers to stm32f4xx_hal_flash.o(.text) for FLASH_WaitForLastOperation
    stm32f4xx_hal_flash_ex.o(.text) refers to stm32f4xx_hal_flash.o(.bss) for pFlash
    stm32f4xx_hal_pwr_ex.o(.text) refers to stm32f4xx_hal.o(.text) for HAL_GetTick
    stm32f4xx_hal_rcc.o(.text) refers to stm32f4xx_hal.o(.text) for HAL_GetTick
    stm32f4xx_hal_rcc.o(.text) refers to stm32f4xx_hal_gpio.o(.text) for HAL_GPIO_Init
    stm32f4xx_hal_rcc.o(.text) refers to stm32f4xx_hal_rcc.o(.constdata) for .constdata
    stm32f4xx_hal_rcc.o(.text) refers to system_stm32f4xx.o(.data) for SystemCoreClock
    stm32f4xx_hal_rcc_ex.o(.text) refers to stm32f4xx_hal.o(.text) for HAL_GetTick
    stm32f4xx_hal_tim.o(.text) refers to bsp_tim.o(.text) for HAL_TIM_Base_MspInit
    stm32f4xx_hal_tim.o(.text) refers to stm32f4xx_hal_dma.o(.text) for HAL_DMA_Start_IT
    stm32f4xx_hal_tim.o(.text) refers to stm32f4xx_hal_tim_ex.o(.text) for HAL_TIMEx_BreakCallback
    stm32f4xx_hal_tim_ex.o(.text) refers to stm32f4xx_hal_tim.o(.text) for TIM_Base_SetConfig
    stm32f4xx_hal_tim_ex.o(.text) refers to stm32f4xx_hal_dma.o(.text) for HAL_DMA_Start_IT
    stm32f4xx_hal_uart.o(.text) refers to stm32f4xx_hal_rcc.o(.text) for HAL_RCC_GetPCLK2Freq
    stm32f4xx_hal_uart.o(.text) refers to bsp_usart.o(.text) for HAL_UART_MspInit
    stm32f4xx_hal_uart.o(.text) refers to stm32f4xx_hal.o(.text) for HAL_GetTick
[...]
    .bss                                     0x20012ce4   Section      200  tasks.o(.bss)
    pxReadyTasksLists                        0x20012ce4   Data         100  tasks.o(.bss)
    xDelayedTaskList1                        0x20012d48   Data          20  tasks.o(.bss)
    xDelayedTaskList2                        0x20012d5c   Data          20  tasks.o(.bss)
    xPendingReadyList                        0x20012d70   Data          20  tasks.o(.bss)
    xTasksWaitingTermination                 0x20012d84   Data          20  tasks.o(.bss)
    xSuspendedTaskList                       0x20012d98   Data          20  tasks.o(.bss)
    .bss                                     0x20012dac   Section       40  timers.o(.bss)
    xActiveTimerList1                        0x20012dac   Data          20  timers.o(.bss)
    xActiveTimerList2                        0x20012dc0   Data          20  timers.o(.bss)
    .bss                                     0x20012dd4   Section      240  bsp_tim.o(.bss)
    .bss                                     0x20012ec4   Section      256  bsp_can.o(.bss)
    Tx1Message                               0x20012ec4   Data          28  bsp_can.o(.bss)
    Rx1Message                               0x20012ee0   Data          36  bsp_can.o(.bss)
    Tx2Message                               0x20012f04   Data          28  bsp_can.o(.bss)
    Rx2Message                               0x20012f20   Data          36  bsp_can.o(.bss)
    .bss                                     0x20012fc4   Section     1088  bsp_usart.o(.bss)
    .bss                                     0x20013404   Section       96  libspace.o(.bss)
    HEAP                                     0x20013468   Section      512  startup_stm32f427xx.o(HEAP)
    Heap_Mem                                 0x20013468   Data         512  startup_stm32f427xx.o(HEAP)
    STACK                                    0x20013668   Section     1024  startup_stm32f427xx.o(STACK)
    Stack_Mem                                0x20013668   Data        1024  startup_stm32f427xx.o(STACK)
    __initial_sp                             0x20013a68   Data           0  startup_stm32f427xx.o(STACK)

    Global Symbols

    Symbol Name                              Value     Ov Type        Size  Object(Section)

    BuildAttributes$$THM_ISAv4$E$P$D$K$B$S$7EM$VFPi3$EXTD16$VFPS$VFMA$PE$A:L22UL41UL21$X:L11$S22US41US21$IEEE1$IW$USESV6$~STKCKD$USESV7$~SHL$OTIME$ROPI$IEEEJ$EBA8$UX$STANDARDLIB$REQ8$PRES8$EABIv2 0x00000000   Number         0  anon$$obj.o ABSOLUTE
    __ARM_use_no_argv                        0x00000000   Number         0  main.o ABSOLUTE
    __ARM_exceptions_init                     - Undefined Weak Reference
    __alloca_initialize                       - Undefined Weak Reference
    __arm_preinit_                            - Undefined Weak Reference
    __cpp_initialize__aeabi_                  - Undefined Weak Reference
    __cxa_finalize                            - Undefined Weak Reference
    __sigvec_lookup                           - Undefined Weak Reference
    _atexit_init                              - Undefined Weak Reference
    _call_atexit_fns                          - Undefined Weak Reference
    _clock_init                               - Undefined Weak Reference
    _fp_trap_init                             - Undefined Weak Reference
    _fp_trap_shutdown                         - Undefined Weak Reference
    _get_lc_collate                           - Undefined Weak Reference
    _get_lc_ctype                             - Undefined Weak Reference
    _get_lc_monetary                          - Undefined Weak Reference
    _get_lc_time                              - Undefined Weak Reference
    _getenv_init                              - Undefined Weak Reference
    _handle_redirection                       - Undefined Weak Reference
    _init_alloc                               - Undefined Weak Reference
    _init_user_alloc                          - Undefined Weak Reference
    _initio                                   - Undefined Weak Reference
    _mutex_acquire                            - Undefined Weak Reference
    _mutex_release                            - Undefined Weak Reference
    _printf_post_padding                      - Undefined Weak Reference
    _printf_pre_padding                       - Undefined Weak Reference
    _rand_init                                - Undefined Weak Reference
    _signal_finish                            - Undefined Weak Reference
    _signal_init                              - Undefined Weak Reference
    _terminate_alloc                          - Undefined Weak Reference
    _terminate_user_alloc                     - Undefined Weak Reference
    _terminateio                              - Undefined Weak Reference
    __Vectors_Size                           0x000001ac   Number         0  startup_stm32f427xx.o ABSOLUTE
    __Vectors                                0x08000000   Data           4  startup_stm32f427xx.o(RESET)
    __Vectors_End                            0x080001ac   Data           0  startup_stm32f427xx.o(RESET)
    __main                                   0x080001ad   Thumb Code     8  __main.o(!!!main)
    __scatterload                            0x080001b5   Thumb Code     0  __scatter.o(!!!scatter)
    __scatterload_rt2                        0x080001b5   Thumb Code    44  __scatter.o(!!!scatter)
    __scatterload_rt2_thumb_only             0x080001b5   Thumb Code     0  __scatter.o(!!!scatter)
    __scatterload_null                       0x080001c3   Thumb Code     0  __scatter.o(!!!scatter)
    __scatterload_copy                       0x080001e9   Thumb Code    26  __scatter_copy.o(!!handler_copy)
    __scatterload_zeroinit                   0x08000205   Thumb Code    28  __scatter_zi.o(!!handler_zi)
    _printf_f                                0x08000221   Thumb Code     0  _printf_f.o(.ARM.Collect$$_printf_percent$$00000003)
    _printf_percent                          0x08000221   Thumb Code     0  _printf_percent.o(.ARM.Collect$$_printf_percent$$00000000)
    _printf_percent_end                      0x08000227   Thumb Code     0  _printf_percent_end.o(.ARM.Collect$$_printf_percent$$00000017)
    __rt_lib_init                            0x0800022b   Thumb Code     0  libinit.o(.ARM.Collect$$libinit$$00000000)
    __rt_lib_init_fp_1                       0x0800022d   Thumb Code     0  libinit2.o(.ARM.Collect$$libinit$$00000001)
    __rt_lib_init_heap_1                     0x08000231   Thumb Code     0  libinit2.o(.ARM.Collect$$libinit$$0000000A)
    __rt_lib_init_lc_common                  0x08000231   Thumb Code     0  libinit2.o(.ARM.Collect$$libinit$$0000000F)
    __rt_lib_init_preinit_1                  0x08000231   Thumb Code     0  libinit2.o(.ARM.Collect$$libinit$$00000004)
    __rt_lib_init_rand_1                     0x08000231   Thumb Code     0  libinit2.o(.ARM.Collect$$libinit$$0000000E)
    __rt_lib_init_user_alloc_1               0x08000231   Thumb Code     0  libinit2.o(.ARM.Collect$$libinit$$0000000C)
    __rt_lib_init_lc_collate_1               0x08000237   Thumb Code     0  libinit2.o(.ARM.Collect$$libinit$$00000011)
    __rt_lib_init_lc_ctype_1                 0x08000237   Thumb Code     0  libinit2.o(.ARM.Collect$$libinit$$00000013)
    __rt_lib_init_lc_monetary_1              0x08000237   Thumb Code     0  libinit2.o(.ARM.Collect$$libinit$$00000015)
    __rt_lib_init_lc_numeric_2               0x08000237   Thumb Code     0  libinit2.o(.ARM.Collect$$libinit$$00000016)
    __rt_lib_init_alloca_1                   0x08000241   Thumb Code     0  libinit2.o(.ARM.Collect$$libinit$$0000002E)
    __rt_lib_init_argv_1                     0x08000241   Thumb Code     0  libinit2.o(.ARM.Collect$$libinit$$0000002C)
    __rt_lib_init_atexit_1                   0x08000241   Thumb Code     0  libinit2.o(.ARM.Collect$$libinit$$0000001B)
    __rt_lib_init_clock_1                    0x08000241   Thumb Code     0  libinit2.o(.ARM.Collect$$libinit$$00000021)
    __rt_lib_init_cpp_1                      0x08000241   Thumb Code     0  libinit2.o(.ARM.Collect$$libinit$$00000032)
    __rt_lib_init_exceptions_1               0x08000241   Thumb Code     0  libinit2.o(.ARM.Collect$$libinit$$00000030)
    __rt_lib_init_fp_trap_1                  0x08000241   Thumb Code     0  libinit2.o(.ARM.Collect$$libinit$$0000001F)
    __rt_lib_init_getenv_1                   0x08000241   Thumb Code     0  libinit2.o(.ARM.Collect$$libinit$$00000023)
    __rt_lib_init_lc_numeric_1               0x08000241   Thumb Code     0  libinit2.o(.ARM.Collect$$libinit$$00000017)
    __rt_lib_init_lc_time_1                  0x08000241   Thumb Code     0  libinit2.o(.ARM.Collect$$libinit$$00000019)
    __rt_lib_init_return                     0x08000241   Thumb Code     0  libinit2.o(.ARM.Collect$$libinit$$00000033)
    __rt_lib_init_signal_1                   0x08000241   Thumb Code     0  libinit2.o(.ARM.Collect$$libinit$$0000001D)
    __rt_lib_init_stdio_1                    0x08000241   Thumb Code     0  libinit2.o(.ARM.Collect$$libinit$$00000025)
    __rt_lib_shutdown                        0x08000243   Thumb Code     0  libshutdown.o(.ARM.Collect$$libshutdown$$00000000)
    __rt_lib_shutdown_cpp_1                  0x08000245   Thumb Code     0  libshutdown2.o(.ARM.Collect$$libshutdown$$00000002)
    __rt_lib_shutdown_fp_trap_1              0x08000245   Thumb Code     0  libshutdown2.o(.ARM.Collect$$libshutdown$$00000007)
    __rt_lib_shutdown_heap_1                 0x08000245   Thumb Code     0  libshutdown2.o(.ARM.Collect$$libshutdown$$0000000F)
    __rt_lib_shutdown_return                 0x08000245   Thumb Code     0  libshutdown2.o(.ARM.Collect$$libshutdown$$00000010)
    __rt_lib_shutdown_signal_1               0x08000245   Thumb Code     0  libshutdown2.o(.ARM.Collect$$libshutdown$$0000000A)
    __rt_lib_shutdown_stdio_1                0x08000245   Thumb Code     0  libshutdown2.o(.ARM.Collect$$libshutdown$$00000004)
    __rt_lib_shutdown_user_alloc_1           0x08000245   Thumb Code     0  libshutdown2.o(.ARM.Collect$$libshutdown$$0000000C)
    __rt_entry                               0x08000247   Thumb Code     0  __rtentry.o(.ARM.Collect$$rtentry$$00000000)
    __rt_entry_presh_1                       0x08000247   Thumb Code     0  __rtentry2.o(.ARM.Collect$$rtentry$$00000002)
    __rt_entry_sh                            0x08000247   Thumb Code     0  __rtentry4.o(.ARM.Collect$$rtentry$$00000004)
    __rt_entry_li                            0x0800024d   Thumb Code     0  __rtentry2.o(.ARM.Collect$$rtentry$$0000000A)
    __rt_entry_postsh_1                      0x0800024d   Thumb Code     0  __rtentry2.o(.ARM.Collect$$rtentry$$00000009)
    __rt_entry_main                          0x08000251   Thumb Code     0  __rtentry2.o(.ARM.Collect$$rtentry$$0000000D)
    __rt_entry_postli_1                      0x08000251   Thumb Code     0  __rtentry2.o(.ARM.Collect$$rtentry$$0000000C)
    __rt_exit                                0x08000259   Thumb Code     0  rtexit.o(.ARM.Collect$$rtexit$$00000000)
    __rt_exit_ls                             0x0800025b   Thumb Code     0  rtexit2.o(.ARM.Collect$$rtexit$$00000003)
    __rt_exit_prels_1                        0x0800025b   Thumb Code     0  rtexit2.o(.ARM.Collect$$rtexit$$00000002)
    __rt_exit_exit                           0x0800025f   Thumb Code     0  rtexit2.o(.ARM.Collect$$rtexit$$00000004)
    SVC_Handler                              0x08000265   Thumb Code    28  port.o(.emb_text)
    __asm___6_port_c_39a90d8d__prvStartFirstTask 0x08000285   Thumb Code    36  port.o(.emb_text)
    __asm___6_port_c_39a90d8d__prvEnableVFP  0x080002ad   Thumb Code    16  port.o(.emb_text)
    PendSV_Handler                           0x080002c1   Thumb Code    88  port.o(.emb_text)
    vPortGetIPSR                             0x0800031d   Thumb Code     6  port.o(.emb_text)
    pvPortMalloc                             0x0800036d   Thumb Code   210  heap_4.o(.text)
    vPortFree                                0x0800043f   Thumb Code    90  heap_4.o(.text)
    xPortGetFreeHeapSize                     0x08000499   Thumb Code     8  heap_4.o(.text)
    xPortGetMinimumEverFreeHeapSize          0x080004a1   Thumb Code     8  heap_4.o(.text)
    vPortInitialiseBlocks                    0x080004a9   Thumb Code     2  heap_4.o(.text)
    pxPortInitialiseStack                    0x08000519   Thumb Code    40  port.o(.text)
    vPortSetupTimerInterrupt                 0x08000541   Thumb Code    32  port.o(.text)
    xPortStartScheduler                      0x08000561   Thumb Code   222  port.o(.text)
    vPortEndScheduler                        0x0800063f   Thumb Code    28  port.o(.text)
    vPortEnterCritical                       0x0800065b   Thumb Code    56  port.o(.text)
    vPortExitCritical                        0x08000693   Thumb Code    34  port.o(.text)
    SysTick_Handler                          0x080006b5   Thumb Code    40  port.o(.text)
    vPortValidateInterruptPriority           0x080006dd   Thumb Code    76  port.o(.text)
    vListInitialise                          0x08000745   Thumb Code    22  list.o(.text)
    vListInitialiseItem                      0x0800075b   Thumb Code     6  list.o(.text)
    vListInsertEnd                           0x08000761   Thumb Code    24  list.o(.text)
    vListInsert                              0x08000779   Thumb Code    48  list.o(.text)
    uxListRemove                             0x080007a9   Thumb Code    38  list.o(.text)
    xQueueGenericReset                       0x080007d1   Thumb Code   132  queue.o(.text)
    xQueueGenericCreate                      0x08000855   Thumb Code    82  queue.o(.text)
    xQueueGenericSend                        0x0800097b   Thumb Code   346  queue.o(.text)
    xQueueCreateMutex                        0x08000ad5   Thumb Code    36  queue.o(.text)
    xQueueGiveMutexRecursive                 0x08000af9   Thumb Code    62  queue.o(.text)
    xQueueSemaphoreTake                      0x08000b37   Thumb Code   382  queue.o(.text)
    xQueueTakeMutexRecursive                 0x08000cb5   Thumb Code    64  queue.o(.text)
    xQueueCreateCountingSemaphore            0x08000cf5   Thumb Code    58  queue.o(.text)
    xQueueGenericSendFromISR                 0x08000d2f   Thumb Code   188  queue.o(.text)
    xQueueGiveFromISR                        0x08000deb   Thumb Code   156  queue.o(.text)
    xQueueReceive                            0x08000ead   Thumb Code   304  queue.o(.text)
    xQueuePeek                               0x08000fdd   Thumb Code   298  queue.o(.text)
    xQueueReceiveFromISR                     0x08001107   Thumb Code   152  queue.o(.text)
    xQueuePeekFromISR                        0x0800119f   Thumb Code   116  queue.o(.text)
    uxQueueMessagesWaiting                   0x08001213   Thumb Code    36  queue.o(.text)
    uxQueueSpacesAvailable                   0x08001237   Thumb Code    40  queue.o(.text)
    uxQueueMessagesWaitingFromISR            0x0800125f   Thumb Code    22  queue.o(.text)
    vQueueUnregisterQueue                    0x08001275   Thumb Code    36  queue.o(.text)
    vQueueDelete                             0x08001299   Thumb Code    36  queue.o(.text)
    uxQueueGetQueueNumber                    0x080012bd   Thumb Code     4  queue.o(.text)
    vQueueSetQueueNumber                     0x080012c1   Thumb Code     4  queue.o(.text)
    ucQueueGetQueueType                      0x080012c5   Thumb Code     6  queue.o(.text)
    xQueueIsQueueEmptyFromISR                0x080012cb   Thumb Code    30  queue.o(.text)
    xQueueIsQueueFullFromISR                 0x080012e9   Thumb Code    34  queue.o(.text)
    vQueueAddToRegistry                      0x0800130b   Thumb Code    32  queue.o(.text)
    pcQueueGetName                           0x0800132b   Thumb Code    34  queue.o(.text)
    vQueueWaitForMessageRestricted           0x0800134d   Thumb Code    68  queue.o(.text)
    xTaskCreate                              0x08001479   Thumb Code    86  tasks.o(.text)
    vTaskDelete                              0x080014cf   Thumb Code   158  tasks.o(.text)
    xTaskIncrementTick                       0x0800156d   Thumb Code   190  tasks.o(.text)
    xTaskResumeAll                           0x0800162b   Thumb Code   184  tasks.o(.text)
    vTaskSuspendAll                          0x08001749   Thumb Code    10  tasks.o(.text)
    vTaskDelayUntil                          0x08001753   Thumb Code   146  tasks.o(.text)
    vTaskDelay                               0x080017e5   Thumb Code    66  tasks.o(.text)
    eTaskGetState                            0x08001827   Thumb Code    94  tasks.o(.text)
    uxTaskPriorityGet                        0x08001885   Thumb Code    24  tasks.o(.text)
    uxTaskPriorityGetFromISR                 0x0800189d   Thumb Code    40  tasks.o(.text)
    vTaskPrioritySet                         0x080018c5   Thumb Code   184  tasks.o(.text)
    vTaskSwitchContext                       0x0800197d   Thumb Code    84  tasks.o(.text)
    vTaskSuspend                             0x080019d1   Thumb Code   170  tasks.o(.text)
    vTaskResume                              0x08001aab   Thumb Code   114  tasks.o(.text)
    xTaskResumeFromISR                       0x08001b1d   Thumb Code   128  tasks.o(.text)
    vTaskStartScheduler                      0x08001bfd   Thumb Code    94  tasks.o(.text)
    vTaskEndScheduler                        0x08001c5b   Thumb Code    26  tasks.o(.text)
    xTaskGetTickCount                        0x08001c75   Thumb Code     8  tasks.o(.text)
    xTaskGetTickCountFromISR                 0x08001c7d   Thumb Code    14  tasks.o(.text)
    uxTaskGetNumberOfTasks                   0x08001c8b   Thumb Code     8  tasks.o(.text)
    pcTaskGetName                            0x08001c93   Thumb Code    30  tasks.o(.text)
    vTaskGetInfo                             0x08001cb1   Thumb Code   122  tasks.o(.text)
    uxTaskGetSystemState                     0x08001d81   Thumb Code   162  tasks.o(.text)
    vTaskPlaceOnEventList                    0x08001e23   Thumb Code    44  tasks.o(.text)
    vTaskPlaceOnUnorderedEventList           0x08001e4f   Thumb Code    76  tasks.o(.text)
    vTaskPlaceOnEventListRestricted          0x08001e9b   Thumb Code    52  tasks.o(.text)
    xTaskRemoveFromEventList                 0x08001ecf   Thumb Code   110  tasks.o(.text)
    vTaskRemoveFromUnorderedEventList        0x08001f3d   Thumb Code   106  tasks.o(.text)
    vTaskSetTimeOutState                     0x08001fa7   Thumb Code    46  tasks.o(.text)
    vTaskInternalSetTimeOutState             0x08001fd5   Thumb Code    36  tasks.o(.text)
    xTaskCheckForTimeOut                     0x08001ff9   Thumb Code   110  tasks.o(.text)
    vTaskMissedYield                         0x08002067   Thumb Code     8  tasks.o(.text)
    uxTaskGetTaskNumber                      0x0800206f   Thumb Code     8  tasks.o(.text)
    vTaskSetTaskNumber                       0x08002077   Thumb Code     8  tasks.o(.text)
    xTaskGetCurrentTaskHandle                0x0800207f   Thumb Code     6  tasks.o(.text)
    xTaskGetSchedulerState                   0x08002085   Thumb Code    22  tasks.o(.text)
    xTaskPriorityInherit                     0x0800209b   Thumb Code   138  tasks.o(.text)
    xTaskPriorityDisinherit                  0x08002125   Thumb Code   144  tasks.o(.text)
    vTaskPriorityDisinheritAfterTimeout      0x080021b5   Thumb Code   160  tasks.o(.text)
    uxTaskResetEventItemValue                0x08002255   Thumb Code    20  tasks.o(.text)
    pvTaskIncrementMutexHeldCount            0x08002269   Thumb Code    18  tasks.o(.text)
    ulTaskNotifyTake                         0x0800227b   Thumb Code    96  tasks.o(.text)
    xTaskNotifyWait                          0x080022db   Thumb Code   128  tasks.o(.text)
    xTaskGenericNotify                       0x0800235b   Thumb Code   200  tasks.o(.text)
    xTaskGenericNotifyFromISR                0x08002423   Thumb Code   228  tasks.o(.text)
    vTaskNotifyGiveFromISR                   0x08002507   Thumb Code   174  tasks.o(.text)
    xTaskNotifyStateClear                    0x080025b5   Thumb Code    48  tasks.o(.text)
    xTimerGenericCommand                     0x080026ed   Thumb Code    92  timers.o(.text)
    xTimerCreateTimerTask                    0x08002857   Thumb Code    58  timers.o(.text)
    xTimerCreate                             0x08002891   Thumb Code    78  timers.o(.text)
    xTimerGetTimerDaemonTaskHandle           0x080028df   Thumb Code    26  timers.o(.text)
    xTimerGetPeriod                          0x080028f9   Thumb Code    22  timers.o(.text)
    xTimerGetExpiryTime                      0x0800290f   Thumb Code    22  timers.o(.text)
    pcTimerGetName                           0x08002925   Thumb Code    22  timers.o(.text)
    xTimerIsTimerActive                      0x0800293b   Thumb Code    44  timers.o(.text)
    pvTimerGetTimerID                        0x08002967   Thumb Code    36  timers.o(.text)
    vTimerSetTimerID                         0x0800298b   Thumb Code    38  timers.o(.text)
    uxTimerGetTimerNumber                    0x080029b1   Thumb Code     4  timers.o(.text)
    vTimerSetTimerNumber                     0x080029b5   Thumb Code     4  timers.o(.text)
    HAL_InitTick                             0x08002b13   Thumb Code    34  stm32f4xx_hal.o(.text)
    HAL_Init                                 0x08002b35   Thumb Code    48  stm32f4xx_hal.o(.text)
    HAL_MspDeInit                            0x08002b65   Thumb Code     2  stm32f4xx_hal.o(.text)
    HAL_DeInit                               0x08002b67   Thumb Code    48  stm32f4xx_hal.o(.text)
    HAL_IncTick                              0x08002b97   Thumb Code    10  stm32f4xx_hal.o(.text)
    HAL_GetTick                              0x08002ba1   Thumb Code     6  stm32f4xx_hal.o(.text)
    HAL_Delay                                0x08002ba7   Thumb Code    24  stm32f4xx_hal.o(.text)
    HAL_SuspendTick                          0x08002bbf   Thumb Code    14  stm32f4xx_hal.o(.text)
    HAL_ResumeTick                           0x08002bcd   Thumb Code    14  stm32f4xx_hal.o(.text)
    HAL_GetHalVersion                        0x08002bdb   Thumb Code     4  stm32f4xx_hal.o(.text)
    HAL_GetREVID                             0x08002bdf   Thumb Code     8  stm32f4xx_hal.o(.text)
    HAL_GetDEVID                             0x08002be7   Thumb Code    10  stm32f4xx_hal.o(.text)
    HAL_DBGMCU_EnableDBGSleepMode            0x08002bf1   Thumb Code    12  stm32f4xx_hal.o(.text)
    HAL_DBGMCU_DisableDBGSleepMode           0x08002bfd   Thumb Code    12  stm32f4xx_hal.o(.text)
    HAL_DBGMCU_EnableDBGStopMode             0x08002c09   Thumb Code    12  stm32f4xx_hal.o(.text)
    HAL_DBGMCU_DisableDBGStopMode            0x08002c15   Thumb Code    12  stm32f4xx_hal.o(.text)
    HAL_DBGMCU_EnableDBGStandbyMode          0x08002c21   Thumb Code    12  stm32f4xx_hal.o(.text)
    HAL_DBGMCU_DisableDBGStandbyMode         0x08002c2d   Thumb Code    12  stm32f4xx_hal.o(.text)
    HAL_EnableCompensationCell               0x08002c39   Thumb Code    22  stm32f4xx_hal.o(.text)
    HAL_DisableCompensationCell              0x08002c4f   Thumb Code    24  stm32f4xx_hal.o(.text)
    HAL_EnableMemorySwappingBank             0x08002c67   Thumb Code    20  stm32f4xx_hal.o(.text)
    HAL_DisableMemorySwappingBank            0x08002c7b   Thumb Code    22  stm32f4xx_hal.o(.text)
    HAL_CAN_Init                             0x08002cab   Thumb Code   326  stm32f4xx_hal_can.o(.text)
    HAL_CAN_ConfigFilter                     0x08002df1   Thumb Code   218  stm32f4xx_hal_can.o(.text)
    HAL_CAN_DeInit                           0x08002ecd   Thumb Code    32  stm32f4xx_hal_can.o(.text)
    HAL_CAN_Transmit                         0x08002eed   Thumb Code   390  stm32f4xx_hal_can.o(.text)
    HAL_CAN_Transmit_IT                      0x08003073   Thumb Code   324  stm32f4xx_hal_can.o(.text)
    HAL_CAN_Receive                          0x080031b7   Thumb Code   346  stm32f4xx_hal_can.o(.text)
    HAL_CAN_Receive_IT                       0x08003311   Thumb Code   134  stm32f4xx_hal_can.o(.text)
    HAL_CAN_Sleep                            0x08003397   Thumb Code   116  stm32f4xx_hal_can.o(.text)
    HAL_CAN_WakeUp                           0x0800340b   Thumb Code   104  stm32f4xx_hal_can.o(.text)
    HAL_CAN_ErrorCallback                    0x08003473   Thumb Code     2  stm32f4xx_hal_can.o(.text)
    HAL_CAN_TxCpltCallback                   0x0800359d   Thumb Code     2  stm32f4xx_hal_can.o(.text)
    HAL_CAN_IRQHandler                       0x0800359f   Thumb Code   370  stm32f4xx_hal_can.o(.text)
    HAL_CAN_GetState                         0x08003711   Thumb Code     6  stm32f4xx_hal_can.o(.text)
    HAL_CAN_GetError                         0x08003717   Thumb Code     4  stm32f4xx_hal_can.o(.text)
    HAL_NVIC_SetPriorityGrouping             0x08003789   Thumb Code    26  stm32f4xx_hal_cortex.o(.text)
    HAL_NVIC_SetPriority                     0x080037a3   Thumb Code    60  stm32f4xx_hal_cortex.o(.text)
    HAL_NVIC_EnableIRQ                       0x080037df   Thumb Code    22  stm32f4xx_hal_cortex.o(.text)
    HAL_NVIC_DisableIRQ                      0x080037f5   Thumb Code    22  stm32f4xx_hal_cortex.o(.text)
    HAL_NVIC_SystemReset                     0x0800380b   Thumb Code    28  stm32f4xx_hal_cortex.o(.text)
    HAL_SYSTICK_Config                       0x08003827   Thumb Code    40  stm32f4xx_hal_cortex.o(.text)
    HAL_MPU_ConfigRegion                     0x0800384f   Thumb Code    82  stm32f4xx_hal_cortex.o(.text)
    HAL_NVIC_GetPriorityGrouping             0x080038a1   Thumb Code    10  stm32f4xx_hal_cortex.o(.text)
    HAL_NVIC_GetPriority                     0x080038ab   Thumb Code    82  stm32f4xx_hal_cortex.o(.text)
    HAL_NVIC_SetPendingIRQ                   0x080038fd   Thumb Code    22  stm32f4xx_hal_cortex.o(.text)
    HAL_NVIC_GetPendingIRQ                   0x08003913   Thumb Code    32  stm32f4xx_hal_cortex.o(.text)
    HAL_NVIC_ClearPendingIRQ                 0x08003933   Thumb Code    22  stm32f4xx_hal_cortex.o(.text)
    HAL_NVIC_GetActive                       0x08003949   Thumb Code    32  stm32f4xx_hal_cortex.o(.text)
    HAL_SYSTICK_CLKSourceConfig              0x08003969   Thumb Code    24  stm32f4xx_hal_cortex.o(.text)
    HAL_SYSTICK_Callback                     0x08003981   Thumb Code     2  stm32f4xx_hal_cortex.o(.text)
    HAL_SYSTICK_IRQHandler                   0x08003983   Thumb Code     8  stm32f4xx_hal_cortex.o(.text)
    HAL_GPIO_Init                            0x080039b5   Thumb Code   408  stm32f4xx_hal_gpio.o(.text)
    HAL_GPIO_DeInit                          0x08003b4d   Thumb Code   320  stm32f4xx_hal_gpio.o(.text)
    HAL_GPIO_ReadPin                         0x08003c8d   Thumb Code    10  stm32f4xx_hal_gpio.o(.text)
    HAL_GPIO_WritePin                        0x08003c97   Thumb Code    10  stm32f4xx_hal_gpio.o(.text)
    HAL_GPIO_TogglePin                       0x08003ca1   Thumb Code     8  stm32f4xx_hal_gpio.o(.text)
    HAL_GPIO_LockPin                         0x08003ca9   Thumb Code    34  stm32f4xx_hal_gpio.o(.text)
    HAL_GPIO_EXTI_Callback                   0x08003ccb   Thumb Code     2  stm32f4xx_hal_gpio.o(.text)
    HAL_GPIO_EXTI_IRQHandler                 0x08003ccd   Thumb Code    20  stm32f4xx_hal_gpio.o(.text)
    HAL_PWREx_EnableBkUpReg                  0x08003d15   Thumb Code    66  stm32f4xx_hal_pwr_ex.o(.text)
    HAL_PWREx_DisableBkUpReg                 0x08003d57   Thumb Code    68  stm32f4xx_hal_pwr_ex.o(.text)
    HAL_PWREx_EnableFlashPowerDown           0x08003d9b   Thumb Code    20  stm32f4xx_hal_pwr_ex.o(.text)
    HAL_PWREx_DisableFlashPowerDown          0x08003daf   Thumb Code    22  stm32f4xx_hal_pwr_ex.o(.text)
    HAL_PWREx_GetVoltageRange                0x08003dc5   Thumb Code    10  stm32f4xx_hal_pwr_ex.o(.text)
    HAL_PWREx_ControlVoltageScaling          0x08003dcf   Thumb Code   160  stm32f4xx_hal_pwr_ex.o(.text)
    HAL_PWREx_EnableOverDrive                0x08003e6f   Thumb Code   124  stm32f4xx_hal_pwr_ex.o(.text)
    HAL_PWREx_DisableOverDrive               0x08003eeb   Thumb Code   126  stm32f4xx_hal_pwr_ex.o(.text)
    HAL_PWREx_EnterUnderDriveSTOPMode        0x08003f69   Thumb Code   126  stm32f4xx_hal_pwr_ex.o(.text)
    HAL_RCC_OscConfig                        0x08003fff   Thumb Code   720  stm32f4xx_hal_rcc.o(.text)
    HAL_RCC_ClockConfig                      0x080042cf   Thumb Code   310  stm32f4xx_hal_rcc.o(.text)
    HAL_RCC_MCOConfig                        0x08004405   Thumb Code   154  stm32f4xx_hal_rcc.o(.text)
    HAL_RCC_EnableCSS                        0x0800449f   Thumb Code     8  stm32f4xx_hal_rcc.o(.text)
    HAL_RCC_DisableCSS                       0x080044a7   Thumb Code     8  stm32f4xx_hal_rcc.o(.text)
    HAL_RCC_GetSysClockFreq                  0x080044af   Thumb Code   104  stm32f4xx_hal_rcc.o(.text)
    HAL_RCC_GetHCLKFreq                      0x08004517   Thumb Code    38  stm32f4xx_hal_rcc.o(.text)
    HAL_RCC_GetPCLK1Freq                     0x0800453d   Thumb Code    36  stm32f4xx_hal_rcc.o(.text)
    HAL_RCC_GetPCLK2Freq                     0x08004561   Thumb Code    36  stm32f4xx_hal_rcc.o(.text)
    HAL_RCC_GetOscConfig                     0x08004585   Thumb Code   220  stm32f4xx_hal_rcc.o(.text)
    HAL_RCC_GetClockConfig                   0x08004661   Thumb Code    54  stm32f4xx_hal_rcc.o(.text)
    HAL_RCC_CSSCallback                      0x08004697   Thumb Code     2  stm32f4xx_hal_rcc.o(.text)
    HAL_RCC_NMI_IRQHandler                   0x08004699   Thumb Code    26  stm32f4xx_hal_rcc.o(.text)
    TIM_Base_SetConfig                       0x080046d5   Thumb Code   148  stm32f4xx_hal_tim.o(.text)
    HAL_TIM_Base_Init                        0x0800476b   Thumb Code    54  stm32f4xx_hal_tim.o(.text)
    HAL_TIM_Base_DeInit                      0x080047a3   Thumb Code    56  stm32f4xx_hal_tim.o(.text)
    HAL_TIM_Base_Start                       0x080047db   Thumb Code    26  stm32f4xx_hal_tim.o(.text)
    HAL_TIM_Base_Stop                        0x080047f5   Thumb Code    44  stm32f4xx_hal_tim.o(.text)
    HAL_TIM_Base_Start_IT                    0x08004821   Thumb Code    24  stm32f4xx_hal_tim.o(.text)
    HAL_TIM_Base_Stop_IT                     0x08004839   Thumb Code    42  stm32f4xx_hal_tim.o(.text)
    HAL_TIM_ErrorCallback                    0x08004863   Thumb Code     2  stm32f4xx_hal_tim.o(.text)
    TIM_DMAError                             0x08004865   Thumb Code    16  stm32f4xx_hal_tim.o(.text)
    HAL_TIM_Base_Start_DMA                   0x08004887   Thumb Code    84  stm32f4xx_hal_tim.o(.text)
    HAL_TIM_Base_Stop_DMA                    0x080048db   Thumb Code    48  stm32f4xx_hal_tim.o(.text)
    HAL_TIM_OC_MspInit                       0x0800490b   Thumb Code     2  stm32f4xx_hal_tim.o(.text)
    HAL_TIM_OC_Init                          0x0800490d   Thumb Code    54  stm32f4xx_hal_tim.o(.text)
    HAL_TIM_OC_MspDeInit                     0x08004943   Thumb Code     2  stm32f4xx_hal_tim.o(.text)
    HAL_TIM_OC_DeInit                        0x08004945   Thumb Code    56  stm32f4xx_hal_tim.o(.text)
    TIM_CCxChannelCmd                        0x0800497d   Thumb Code    22  stm32f4xx_hal_tim.o(.text)
    HAL_TIM_OC_Start                         0x08004993   Thumb Code    48  stm32f4xx_hal_tim.o(.text)
    HAL_TIM_OC_Stop                          0x080049c3   Thumb Code    78  stm32f4xx_hal_tim.o(.text)
    HAL_TIM_OC_Start_IT                      0x08004a11   Thumb Code    98  stm32f4xx_hal_tim.o(.text)
    HAL_TIM_OC_Stop_IT                       0x08004a73   Thumb Code   178  stm32f4xx_hal_tim.o(.text)
    HAL_TIM_PWM_PulseFinishedCallback        0x08004b25   Thumb Code     2  stm32f4xx_hal_tim.o(.text)
    TIM_DMADelayPulseCplt                    0x08004b27   Thumb Code    62  stm32f4xx_hal_tim.o(.text)
    HAL_TIM_OC_Start_DMA                     0x08004b65   Thumb Code   226  stm32f4xx_hal_tim.o(.text)
    HAL_TIM_OC_Stop_DMA                      0x08004c47   Thumb Code   134  stm32f4xx_hal_tim.o(.text)
    HAL_TIM_PWM_Init                         0x08004ccf   Thumb Code    54  stm32f4xx_hal_tim.o(.text)
    HAL_TIM_PWM_DeInit                       0x08004d07   Thumb Code    56  stm32f4xx_hal_tim.o(.text)
    HAL_TIM_PWM_Start                        0x08004d3f   Thumb Code    48  stm32f4xx_hal_tim.o(.text)
    HAL_TIM_PWM_Stop                         0x08004d6f   Thumb Code    84  stm32f4xx_hal_tim.o(.text)
    HAL_TIM_PWM_Start_IT                     0x08004dc3   Thumb Code    98  stm32f4xx_hal_tim.o(.text)
    HAL_TIM_PWM_Stop_IT                      0x08004e25   Thumb Code   128  stm32f4xx_hal_tim.o(.text)
    HAL_TIM_PWM_Start_DMA                    0x08004ea5   Thumb Code   226  stm32f4xx_hal_tim.o(.text)
    HAL_TIM_PWM_Stop_DMA                     0x08004f87   Thumb Code   144  stm32f4xx_hal_tim.o(.text)
    HAL_TIM_IC_MspInit                       0x08005017   Thumb Code     2  stm32f4xx_hal_tim.o(.text)
    HAL_TIM_IC_Init                          0x08005019   Thumb Code    54  stm32f4xx_hal_tim.o(.text)
    HAL_TIM_IC_MspDeInit                     0x0800504f   Thumb Code     2  stm32f4xx_hal_tim.o(.text)
    HAL_TIM_IC_DeInit                        0x08005051   Thumb Code    56  stm32f4xx_hal_tim.o(.text)
    HAL_TIM_IC_Start                         0x08005089   Thumb Code    26  stm32f4xx_hal_tim.o(.text)
    HAL_TIM_IC_Stop                          0x080050a3   Thumb Code    44  stm32f4xx_hal_tim.o(.text)
    HAL_TIM_IC_Start_IT                      0x080050cf   Thumb Code    76  stm32f4xx_hal_tim.o(.text)
    HAL_TIM_IC_Stop_IT                       0x0800511b   Thumb Code    94  stm32f4xx_hal_tim.o(.text)
    HAL_TIM_IC_CaptureCallback               0x08005179   Thumb Code     2  stm32f4xx_hal_tim.o(.text)
    TIM_DMACaptureCplt                       0x0800517b   Thumb Code    62  stm32f4xx_hal_tim.o(.text)
    HAL_TIM_IC_Start_DMA                     0x080051b9   Thumb Code   194  stm32f4xx_hal_tim.o(.text)
    HAL_TIM_IC_Stop_DMA                      0x0800527b   Thumb Code   100  stm32f4xx_hal_tim.o(.text)
    HAL_TIM_OnePulse_MspInit                 0x080052df   Thumb Code     2  stm32f4xx_hal_tim.o(.text)
    HAL_TIM_OnePulse_Init                    0x080052e1   Thumb Code    74  stm32f4xx_hal_tim.o(.text)
    HAL_TIM_OnePulse_MspDeInit               0x0800532b   Thumb Code     2  stm32f4xx_hal_tim.o(.text)
    HAL_TIM_OnePulse_DeInit                  0x0800532d   Thumb Code    56  stm32f4xx_hal_tim.o(.text)
    HAL_TIM_OnePulse_Start                   0x08005365   Thumb Code    50  stm32f4xx_hal_tim.o(.text)
    HAL_TIM_OnePulse_Stop                    0x08005397   Thumb Code    90  stm32f4xx_hal_tim.o(.text)
    HAL_TIM_OnePulse_Start_IT                0x080053f1   Thumb Code    70  stm32f4xx_hal_tim.o(.text)
    HAL_TIM_OnePulse_Stop_IT                 0x08005437   Thumb Code   110  stm32f4xx_hal_tim.o(.text)
    HAL_TIM_Encoder_MspInit                  0x080054a5   Thumb Code     2  stm32f4xx_hal_tim.o(.text)
    HAL_TIM_Encoder_Init                     0x080054a7   Thumb Code   150  stm32f4xx_hal_tim.o(.text)
    HAL_TIM_Encoder_MspDeInit                0x0800553d   Thumb Code     2  stm32f4xx_hal_tim.o(.text)
    HAL_TIM_Encoder_DeInit                   0x0800553f   Thumb Code    56  stm32f4xx_hal_tim.o(.text)
    HAL_TIM_Encoder_Start                    0x08005577   Thumb Code    50  stm32f4xx_hal_tim.o(.text)
    HAL_TIM_Encoder_Stop                     0x080055a9   Thumb Code    70  stm32f4xx_hal_tim.o(.text)
    HAL_TIM_Encoder_Start_IT                 0x080055ef   Thumb Code    92  stm32f4xx_hal_tim.o(.text)
    HAL_TIM_Encoder_Stop_IT                  0x0800564b   Thumb Code   116  stm32f4xx_hal_tim.o(.text)
    HAL_TIM_Encoder_Start_DMA                0x080056bf   Thumb Code   274  stm32f4xx_hal_tim.o(.text)
    HAL_TIM_Encoder_Stop_DMA                 0x080057d1   Thumb Code   116  stm32f4xx_hal_tim.o(.text)
    HAL_TIM_TriggerCallback                  0x08005845   Thumb Code     2  stm32f4xx_hal_tim.o(.text)
    HAL_TIM_OC_DelayElapsedCallback          0x08005847   Thumb Code     2  stm32f4xx_hal_tim.o(.text)
    HAL_TIM_IRQHandler                       0x08005849   Thumb Code   358  stm32f4xx_hal_tim.o(.text)
    TIM_OC2_SetConfig                        0x08005a4d   Thumb Code    90  stm32f4xx_hal_tim.o(.text)
    HAL_TIM_OC_ConfigChannel                 0x08005af7   Thumb Code    86  stm32f4xx_hal_tim.o(.text)
    TIM_TI1_SetConfig                        0x08005b83   Thumb Code   104  stm32f4xx_hal_tim.o(.text)
    HAL_TIM_IC_ConfigChannel                 0x08005beb   Thumb Code   282  stm32f4xx_hal_tim.o(.text)
    HAL_TIM_PWM_ConfigChannel                0x08005d05   Thumb Code   240  stm32f4xx_hal_tim.o(.text)
    HAL_TIM_OnePulse_ConfigChannel           0x08005df5   Thumb Code   218  stm32f4xx_hal_tim.o(.text)
    HAL_TIM_DMABurst_WriteStart              0x08005edf   Thumb Code   238  stm32f4xx_hal_tim.o(.text)
    HAL_TIM_DMABurst_WriteStop               0x08005fcd   Thumb Code    96  stm32f4xx_hal_tim.o(.text)
    HAL_TIM_DMABurst_ReadStart               0x0800602d   Thumb Code   240  stm32f4xx_hal_tim.o(.text)
    HAL_TIM_DMABurst_ReadStop                0x0800611d   Thumb Code    96  stm32f4xx_hal_tim.o(.text)
    HAL_TIM_GenerateEvent                    0x0800617d   Thumb Code    38  stm32f4xx_hal_tim.o(.text)
    HAL_TIM_ConfigOCrefClear                 0x080061a3   Thumb Code   172  stm32f4xx_hal_tim.o(.text)
    HAL_TIM_ConfigClockSource                0x0800624f   Thumb Code   262  stm32f4xx_hal_tim.o(.text)
    HAL_TIM_ConfigTI1Input                   0x08006355   Thumb Code    16  stm32f4xx_hal_tim.o(.text)
    HAL_TIM_SlaveConfigSynchronization       0x080063e1   Thumb Code    66  stm32f4xx_hal_tim.o(.text)
    HAL_TIM_SlaveConfigSynchronization_IT    0x08006423   Thumb Code    66  stm32f4xx_hal_tim.o(.text)
    HAL_TIM_ReadCapturedValue                0x08006465   Thumb Code    68  stm32f4xx_hal_tim.o(.text)
    HAL_TIM_Base_GetState                    0x080064a9   Thumb Code     6  stm32f4xx_hal_tim.o(.text)
    HAL_TIM_OC_GetState                      0x080064af   Thumb Code     6  stm32f4xx_hal_tim.o(.text)
    HAL_TIM_PWM_GetState                     0x080064b5   Thumb Code     6  stm32f4xx_hal_tim.o(.text)
    HAL_TIM_IC_GetState                      0x080064bb   Thumb Code     6  stm32f4xx_hal_tim.o(.text)
    HAL_TIM_OnePulse_GetState                0x080064c1   Thumb Code     6  stm32f4xx_hal_tim.o(.text)
    HAL_TIM_Encoder_GetState                 0x080064c7   Thumb Code     6  stm32f4xx_hal_tim.o(.text)
    HAL_TIMEx_HallSensor_MspInit             0x08006539   Thumb Code     2  stm32f4xx_hal_tim_ex.o(.text)
    HAL_TIMEx_HallSensor_Init                0x0800653b   Thumb Code   176  stm32f4xx_hal_tim_ex.o(.text)
    HAL_TIMEx_HallSensor_MspDeInit           0x080065eb   Thumb Code     2  stm32f4xx_hal_tim_ex.o(.text)
    HAL_TIMEx_HallSensor_DeInit              0x080065ed   Thumb Code    56  stm32f4xx_hal_tim_ex.o(.text)
    HAL_TIMEx_HallSensor_Start               0x08006625   Thumb Code    28  stm32f4xx_hal_tim_ex.o(.text)
    HAL_TIMEx_HallSensor_Stop                0x08006641   Thumb Code    46  stm32f4xx_hal_tim_ex.o(.text)
    HAL_TIMEx_HallSensor_Start_IT            0x0800666f   Thumb Code    38  stm32f4xx_hal_tim_ex.o(.text)
    HAL_TIMEx_HallSensor_Stop_IT             0x08006695   Thumb Code    56  stm32f4xx_hal_tim_ex.o(.text)
    HAL_TIMEx_HallSensor_Start_DMA           0x080066cd   Thumb Code    96  stm32f4xx_hal_tim_ex.o(.text)
    HAL_TIMEx_HallSensor_Stop_DMA            0x0800672d   Thumb Code    56  stm32f4xx_hal_tim_ex.o(.text)
    HAL_TIMEx_OCN_Start                      0x08006765   Thumb Code    36  stm32f4xx_hal_tim_ex.o(.text)
    HAL_TIMEx_OCN_Stop                       0x08006789   Thumb Code    68  stm32f4xx_hal_tim_ex.o(.text)
    HAL_TIMEx_OCN_Start_IT                   0x080067cd   Thumb Code    96  stm32f4xx_hal_tim_ex.o(.text)
    HAL_TIMEx_OCN_Stop_IT                    0x0800682d   Thumb Code   134  stm32f4xx_hal_tim_ex.o(.text)
    HAL_TIMEx_OCN_Start_DMA                  0x080068b3   Thumb Code   210  stm32f4xx_hal_tim_ex.o(.text)
    HAL_TIMEx_OCN_Stop_DMA                   0x08006985   Thumb Code   124  stm32f4xx_hal_tim_ex.o(.text)
    HAL_TIMEx_PWMN_Start                     0x08006a01   Thumb Code    36  stm32f4xx_hal_tim_ex.o(.text)
    HAL_TIMEx_PWMN_Stop                      0x08006a25   Thumb Code    68  stm32f4xx_hal_tim_ex.o(.text)
    HAL_TIMEx_PWMN_Start_IT                  0x08006a69   Thumb Code    96  stm32f4xx_hal_tim_ex.o(.text)
    HAL_TIMEx_PWMN_Stop_IT                   0x08006ac9   Thumb Code   148  stm32f4xx_hal_tim_ex.o(.text)
    HAL_TIMEx_PWMN_Start_DMA                 0x08006b5d   Thumb Code   210  stm32f4xx_hal_tim_ex.o(.text)
    HAL_TIMEx_PWMN_Stop_DMA                  0x08006c2f   Thumb Code   124  stm32f4xx_hal_tim_ex.o(.text)
    HAL_TIMEx_OnePulseN_Start                0x08006cab   Thumb Code    26  stm32f4xx_hal_tim_ex.o(.text)
    HAL_TIMEx_OnePulseN_Stop                 0x08006cc5   Thumb Code    68  stm32f4xx_hal_tim_ex.o(.text)
    HAL_TIMEx_OnePulseN_Start_IT             0x08006d09   Thumb Code    46  stm32f4xx_hal_tim_ex.o(.text)
    HAL_TIMEx_OnePulseN_Stop_IT              0x08006d37   Thumb Code    88  stm32f4xx_hal_tim_ex.o(.text)
    HAL_TIMEx_ConfigCommutationEvent         0x08006d8f   Thumb Code    92  stm32f4xx_hal_tim_ex.o(.text)
    HAL_TIMEx_ConfigCommutationEvent_IT      0x08006deb   Thumb Code   102  stm32f4xx_hal_tim_ex.o(.text)
    HAL_TIMEx_CommutationCallback            0x08006e51   Thumb Code     2  stm32f4xx_hal_tim_ex.o(.text)
    TIMEx_DMACommutationCplt                 0x08006e53   Thumb Code    16  stm32f4xx_hal_tim_ex.o(.text)
    HAL_TIMEx_ConfigCommutationEvent_DMA     0x08006e63   Thumb Code   116  stm32f4xx_hal_tim_ex.o(.text)
    HAL_TIMEx_MasterConfigSynchronization    0x08006ed7   Thumb Code    80  stm32f4xx_hal_tim_ex.o(.text)
    HAL_TIMEx_ConfigBreakDeadTime            0x08006f27   Thumb Code    74  stm32f4xx_hal_tim_ex.o(.text)
    HAL_TIMEx_RemapConfig                    0x08006f71   Thumb Code    34  stm32f4xx_hal_tim_ex.o(.text)
    HAL_TIMEx_BreakCallback                  0x08006f93   Thumb Code     2  stm32f4xx_hal_tim_ex.o(.text)
    HAL_TIMEx_HallSensor_GetState            0x08006f95   Thumb Code     6  stm32f4xx_hal_tim_ex.o(.text)
    HAL_UART_Init                            0x08007257   Thumb Code    98  stm32f4xx_hal_uart.o(.text)
    HAL_HalfDuplex_Init                      0x080072b9   Thumb Code   108  stm32f4xx_hal_uart.o(.text)
    HAL_LIN_Init                             0x08007325   Thumb Code   128  stm32f4xx_hal_uart.o(.text)
    HAL_MultiProcessor_Init                  0x080073a5   Thumb Code   150  stm32f4xx_hal_uart.o(.text)
    HAL_UART_DeInit                          0x0800743d   Thumb Code    40  stm32f4xx_hal_uart.o(.text)
    HAL_UART_Transmit                        0x080074fb   Thumb Code   168  stm32f4xx_hal_uart.o(.text)
    HAL_UART_Receive                         0x080075a3   Thumb Code   170  stm32f4xx_hal_uart.o(.text)
    HAL_UART_Transmit_IT                     0x0800764d   Thumb Code    62  stm32f4xx_hal_uart.o(.text)
    HAL_UART_Receive_IT                      0x0800768b   Thumb Code    88  stm32f4xx_hal_uart.o(.text)
    HAL_UART_ErrorCallback                   0x080076e3   Thumb Code     2  stm32f4xx_hal_uart.o(.text)
    HAL_UART_TxHalfCpltCallback              0x08007707   Thumb Code     2  stm32f4xx_hal_uart.o(.text)
    HAL_UART_TxCpltCallback                  0x08007713   Thumb Code     2  stm32f4xx_hal_uart.o(.text)
    HAL_UART_Transmit_DMA                    0x08007743   Thumb Code   110  stm32f4xx_hal_uart.o(.text)
    HAL_UART_RxHalfCpltCallback              0x080077b1   Thumb Code     2  stm32f4xx_hal_uart.o(.text)
    HAL_UART_RxCpltCallback                  0x080077bd   Thumb Code     2  stm32f4xx_hal_uart.o(.text)
    HAL_UART_Receive_DMA                     0x080077e7   Thumb Code   106  stm32f4xx_hal_uart.o(.text)
    HAL_UART_DMAPause                        0x08007851   Thumb Code    66  stm32f4xx_hal_uart.o(.text)
    HAL_UART_DMAResume                       0x08007893   Thumb Code    74  stm32f4xx_hal_uart.o(.text)
    HAL_UART_DMAStop                         0x080078dd   Thumb Code    52  stm32f4xx_hal_uart.o(.text)
    HAL_UART_IRQHandler                      0x08007911   Thumb Code   232  stm32f4xx_hal_uart.o(.text)
    HAL_LIN_SendBreak                        0x080079f9   Thumb Code    46  stm32f4xx_hal_uart.o(.text)
    HAL_MultiProcessor_EnterMuteMode         0x08007a27   Thumb Code    46  stm32f4xx_hal_uart.o(.text)
    HAL_MultiProcessor_ExitMuteMode          0x08007a55   Thumb Code    46  stm32f4xx_hal_uart.o(.text)
    HAL_HalfDuplex_EnableTransmitter         0x08007a83   Thumb Code    50  stm32f4xx_hal_uart.o(.text)
    HAL_HalfDuplex_EnableReceiver            0x08007ab5   Thumb Code    50  stm32f4xx_hal_uart.o(.text)
    HAL_UART_GetState                        0x08007ae7   Thumb Code    10  stm32f4xx_hal_uart.o(.text)
    HAL_UART_GetError                        0x08007af1   Thumb Code     4  stm32f4xx_hal_uart.o(.text)
    HAL_DMA_Init                             0x08007c27   Thumb Code   116  stm32f4xx_hal_dma.o(.text)
    HAL_DMA_DeInit                           0x08007c9b   Thumb Code    86  stm32f4xx_hal_dma.o(.text)
    HAL_DMA_Start                            0x08007d19   Thumb Code    58  stm32f4xx_hal_dma.o(.text)
    HAL_DMA_Start_IT                         0x08007d53   Thumb Code    78  stm32f4xx_hal_dma.o(.text)
    HAL_DMA_Abort                            0x08007da1   Thumb Code    84  stm32f4xx_hal_dma.o(.text)
    HAL_DMA_PollForTransfer                  0x08007df5   Thumb Code   332  stm32f4xx_hal_dma.o(.text)
    HAL_DMA_IRQHandler                       0x08007f41   Thumb Code   422  stm32f4xx_hal_dma.o(.text)
    HAL_DMA_GetState                         0x080080e7   Thumb Code     6  stm32f4xx_hal_dma.o(.text)
    HAL_DMA_GetError                         0x080080ed   Thumb Code     4  stm32f4xx_hal_dma.o(.text)
    SystemInit                               0x080080f1   Thumb Code    66  system_stm32f4xx.o(.text)
    SystemCoreClockUpdate                    0x08008133   Thumb Code   106  system_stm32f4xx.o(.text)
    MX_GPIO_Init                             0x080081bd   Thumb Code   238  bsp_gpio.o(.text)
    GPIO_Init                                0x080082ab   Thumb Code    66  bsp_gpio.o(.text)
    MX_TIM7_Init                             0x08008309   Thumb Code    42  bsp_tim.o(.text)
    MX_TIM6_Init                             0x08008333   Thumb Code    46  bsp_tim.o(.text)
    TIM_Init                                 0x08008361   Thumb Code    28  bsp_tim.o(.text)
    HAL_TIM_PeriodElapsedCallback            0x0800837d   Thumb Code     2  bsp_tim.o(.text)
    HAL_TIM_MspPostInit                      0x0800837f   Thumb Code    92  bsp_tim.o(.text)
    MX_TIM1_Init                             0x080083db   Thumb Code   158  bsp_tim.o(.text)
    MX_TIM12_Init                            0x08008479   Thumb Code    70  bsp_tim.o(.text)
    HAL_TIM_PWM_MspInit                      0x080084bf   Thumb Code    56  bsp_tim.o(.text)
    HAL_TIM_Base_MspInit                     0x080084f7   Thumb Code    88  bsp_tim.o(.text)
    HAL_TIM_PWM_MspDeInit                    0x0800854f   Thumb Code    38  bsp_tim.o(.text)
    HAL_TIM_Base_MspDeInit                   0x08008575   Thumb Code    46  bsp_tim.o(.text)
    CAN_Init                                 0x080085c9   Thumb Code   108  bsp_can.o(.text)
    HAL_CAN_RxCpltCallback                   0x08008635   Thumb Code    36  bsp_can.o(.text)
    MX_CAN1_Init                             0x08008659   Thumb Code    48  bsp_can.o(.text)
    MX_CAN2_Init                             0x08008689   Thumb Code    50  bsp_can.o(.text)
    HAL_CAN_MspInit                          0x080086bb   Thumb Code   204  bsp_can.o(.text)
    HAL_CAN_MspDeInit                        0x08008787   Thumb Code   102  bsp_can.o(.text)
    _sys_exit                                0x08008809   Thumb Code     2  bsp_usart.o(.text)
    fputc                                    0x0800880b   Thumb Code    18  bsp_usart.o(.text)
    MX_USART2_UART_Init                      0x0800881d   Thumb Code    32  bsp_usart.o(.text)
    UART_Init                                0x0800883d   Thumb Code     2  bsp_usart.o(.text)
    MX_UART7_Init                            0x0800883f   Thumb Code    34  bsp_usart.o(.text)
    MX_UART8_Init                            0x08008861   Thumb Code    34  bsp_usart.o(.text)
    MX_USART1_UART_Init                      0x08008883   Thumb Code    32  bsp_usart.o(.text)
    MX_USART3_UART_Init                      0x080088a3   Thumb Code    34  bsp_usart.o(.text)
    MX_USART6_UART_Init                      0x080088c5   Thumb Code    34  bsp_usart.o(.text)
    HAL_UART_MspInit                         0x080088e7   Thumb Code   730  bsp_usart.o(.text)
    HAL_UART_MspDeInit                       0x08008bc1   Thumb Code   304  bsp_usart.o(.text)
    main                                     0x08008d15   Thumb Code    60  main.o(.text)
    HAL_MspInit                              0x08008d6d   Thumb Code    68  stm32f4xx_hal_msp.o(.text)
    NMI_Handler                              0x08008db1   Thumb Code     2  stm32f4xx_it.o(.text)
    HardFault_Handler                        0x08008db3   Thumb Code     2  stm32f4xx_it.o(.text)
    MemManage_Handler                        0x08008db5   Thumb Code     2  stm32f4xx_it.o(.text)
    BusFault_Handler                         0x08008db7   Thumb Code     2  stm32f4xx_it.o(.text)
    UsageFault_Handler                       0x08008db9   Thumb Code     2  stm32f4xx_it.o(.text)
    DebugMon_Handler                         0x08008dbb   Thumb Code     2  stm32f4xx_it.o(.text)
    TIM6_DAC_IRQHandler                      0x08008dbd   Thumb Code     6  stm32f4xx_it.o(.text)
    TIM7_IRQHandler                          0x08008dc3   Thumb Code     6  stm32f4xx_it.o(.text)
    SystemClock_Config                       0x08008dd1   Thumb Code   142  systemclock.o(.text)
    KEY_Task                                 0x08008e69   Thumb Code   100  task_user.o(.text)
    LED_Task                                 0x08008ecd   Thumb Code    42  task_user.o(.text)
    float_task                               0x08008ef7   Thumb Code    56  task_user.o(.text)
    led1_task                                0x08008f2f   Thumb Code    22  task_user.o(.text)
    led0_task                                0x08008f45   Thumb Code    26  task_user.o(.text)
    start_task                               0x08008f5f   Thumb Code   142  task_user.o(.text)
    Reset_Handler                            0x08009049   Thumb Code     8  startup_stm32f427xx.o(.text)
    ADC_IRQHandler                           0x08009063   Thumb Code     0  startup_stm32f427xx.o(.text)
    CAN1_RX0_IRQHandler                      0x08009063   Thumb Code     0  startup_stm32f427xx.o(.text)
    CAN1_RX1_IRQHandler                      0x08009063   Thumb Code     0  startup_stm32f427xx.o(.text)
    CAN1_SCE_IRQHandler                      0x08009063   Thumb Code     0  startup_stm32f427xx.o(.text)
    CAN1_TX_IRQHandler                       0x08009063   Thumb Code     0  startup_stm32f427xx.o(.text)
    CAN2_RX0_IRQHandler                      0x08009063   Thumb Code     0  startup_stm32f427xx.o(.text)
    CAN2_RX1_IRQHandler                      0x08009063   Thumb Code     0  startup_stm32f427xx.o(.text)
    CAN2_SCE_IRQHandler                      0x08009063   Thumb Code     0  startup_stm32f427xx.o(.text)
    CAN2_TX_IRQHandler                       0x08009063   Thumb Code     0  startup_stm32f427xx.o(.text)
    DCMI_IRQHandler                          0x08009063   Thumb Code     0  startup_stm32f427xx.o(.text)
    DMA1_Stream0_IRQHandler                  0x08009063   Thumb Code     0  startup_stm32f427xx.o(.text)
    DMA1_Stream1_IRQHandler                  0x08009063   Thumb Code     0  startup_stm32f427xx.o(.text)
    DMA1_Stream2_IRQHandler                  0x08009063   Thumb Code     0  startup_stm32f427xx.o(.text)
    DMA1_Stream3_IRQHandler                  0x08009063   Thumb Code     0  startup_stm32f427xx.o(.text)
    DMA1_Stream4_IRQHandler                  0x08009063   Thumb Code     0  startup_stm32f427xx.o(.text)
    DMA1_Stream5_IRQHandler                  0x08009063   Thumb Code     0  startup_stm32f427xx.o(.text)
    DMA1_Stream6_IRQHandler                  0x08009063   Thumb Code     0  startup_stm32f427xx.o(.text)
    DMA1_Stream7_IRQHandler                  0x08009063   Thumb Code     0  startup_stm32f427xx.o(.text)
    DMA2D_IRQHandler                         0x08009063   Thumb Code     0  startup_stm32f427xx.o(.text)
    DMA2_Stream0_IRQHandler                  0x08009063   Thumb Code     0  startup_stm32f427xx.o(.text)
    DMA2_Stream1_IRQHandler                  0x08009063   Thumb Code     0  startup_stm32f427xx.o(.text)
    DMA2_Stream2_IRQHandler                  0x08009063   Thumb Code     0  startup_stm32f427xx.o(.text)
    DMA2_Stream3_IRQHandler                  0x08009063   Thumb Code     0  startup_stm32f427xx.o(.text)
    DMA2_Stream4_IRQHandler                  0x08009063   Thumb Code     0  startup_stm32f427xx.o(.text)
    DMA2_Stream5_IRQHandler                  0x08009063   Thumb Code     0  startup_stm32f427xx.o(.text)
    DMA2_Stream6_IRQHandler                  0x08009063   Thumb Code     0  startup_stm32f427xx.o(.text)
    DMA2_Stream7_IRQHandler                  0x08009063   Thumb Code     0  startup_stm32f427xx.o(.text)
    ETH_IRQHandler                           0x08009063   Thumb Code     0  startup_stm32f427xx.o(.text)
    ETH_WKUP_IRQHandler                      0x08009063   Thumb Code     0  startup_stm32f427xx.o(.text)
    EXTI0_IRQHandler                         0x08009063   Thumb Code     0  startup_stm32f427xx.o(.text)
    EXTI15_10_IRQHandler                     0x08009063   Thumb Code     0  startup_stm32f427xx.o(.text)
    EXTI1_IRQHandler                         0x08009063   Thumb Code     0  startup_stm32f427xx.o(.text)
    EXTI2_IRQHandler                         0x08009063   Thumb Code     0  startup_stm32f427xx.o(.text)
    EXTI3_IRQHandler                         0x08009063   Thumb Code     0  startup_stm32f427xx.o(.text)
    EXTI4_IRQHandler                         0x08009063   Thumb Code     0  startup_stm32f427xx.o(.text)
    EXTI9_5_IRQHandler                       0x08009063   Thumb Code     0  startup_stm32f427xx.o(.text)
    FLASH_IRQHandler                         0x08009063   Thumb Code     0  startup_stm32f427xx.o(.text)
    FMC_IRQHandler                           0x08009063   Thumb Code     0  startup_stm32f427xx.o(.text)
    FPU_IRQHandler                           0x08009063   Thumb Code     0  startup_stm32f427xx.o(.text)
    HASH_RNG_IRQHandler                      0x08009063   Thumb Code     0  startup_stm32f427xx.o(.text)
    I2C1_ER_IRQHandler                       0x08009063   Thumb Code     0  startup_stm32f427xx.o(.text)
    I2C1_EV_IRQHandler                       0x08009063   Thumb Code     0  startup_stm32f427xx.o(.text)
    I2C2_ER_IRQHandler                       0x08009063   Thumb Code     0  startup_stm32f427xx.o(.text)
    I2C2_EV_IRQHandler                       0x08009063   Thumb Code     0  startup_stm32f427xx.o(.text)
    I2C3_ER_IRQHandler                       0x08009063   Thumb Code     0  startup_stm32f427xx.o(.text)
    I2C3_EV_IRQHandler                       0x08009063   Thumb Code     0  startup_stm32f427xx.o(.text)
    OTG_FS_IRQHandler                        0x08009063   Thumb Code     0  startup_stm32f427xx.o(.text)
    OTG_FS_WKUP_IRQHandler                   0x08009063   Thumb Code     0  startup_stm32f427xx.o(.text)
    OTG_HS_EP1_IN_IRQHandler                 0x08009063   Thumb Code     0  startup_stm32f427xx.o(.text)
    OTG_HS_EP1_OUT_IRQHandler                0x08009063   Thumb Code     0  startup_stm32f427xx.o(.text)
    OTG_HS_IRQHandler                        0x08009063   Thumb Code     0  startup_stm32f427xx.o(.text)
    OTG_HS_WKUP_IRQHandler                   0x08009063   Thumb Code     0  startup_stm32f427xx.o(.text)
    PVD_IRQHandler                           0x08009063   Thumb Code     0  startup_stm32f427xx.o(.text)
    RCC_IRQHandler                           0x08009063   Thumb Code     0  startup_stm32f427xx.o(.text)
    RTC_Alarm_IRQHandler                     0x08009063   Thumb Code     0  startup_stm32f427xx.o(.text)
    RTC_WKUP_IRQHandler                      0x08009063   Thumb Code     0  startup_stm32f427xx.o(.text)
    SAI1_IRQHandler                          0x08009063   Thumb Code     0  startup_stm32f427xx.o(.text)
    SDIO_IRQHandler                          0x08009063   Thumb Code     0  startup_stm32f427xx.o(.text)
    SPI1_IRQHandler                          0x08009063   Thumb Code     0  startup_stm32f427xx.o(.text)
    SPI2_IRQHandler                          0x08009063   Thumb Code     0  startup_stm32f427xx.o(.text)
    SPI3_IRQHandler                          0x08009063   Thumb Code     0  startup_stm32f427xx.o(.text)
    SPI4_IRQHandler                          0x08009063   Thumb Code     0  startup_stm32f427xx.o(.text)
    SPI5_IRQHandler                          0x08009063   Thumb Code     0  startup_stm32f427xx.o(.text)
    SPI6_IRQHandler                          0x08009063   Thumb Code     0  startup_stm32f427xx.o(.text)
    TAMP_STAMP_IRQHandler                    0x08009063   Thumb Code     0  startup_stm32f427xx.o(.text)
    TIM1_BRK_TIM9_IRQHandler                 0x08009063   Thumb Code     0  startup_stm32f427xx.o(.text)
    TIM1_CC_IRQHandler                       0x08009063   Thumb Code     0  startup_stm32f427xx.o(.text)
    TIM1_TRG_COM_TIM11_IRQHandler            0x08009063   Thumb Code     0  startup_stm32f427xx.o(.text)
    TIM1_UP_TIM10_IRQHandler                 0x08009063   Thumb Code     0  startup_stm32f427xx.o(.text)
    TIM2_IRQHandler                          0x08009063   Thumb Code     0  startup_stm32f427xx.o(.text)
    TIM3_IRQHandler                          0x08009063   Thumb Code     0  startup_stm32f427xx.o(.text)
    TIM4_IRQHandler                          0x08009063   Thumb Code     0  startup_stm32f427xx.o(.text)
    TIM5_IRQHandler                          0x08009063   Thumb Code     0  startup_stm32f427xx.o(.text)
    TIM8_BRK_TIM12_IRQHandler                0x08009063   Thumb Code     0  startup_stm32f427xx.o(.text)
    TIM8_CC_IRQHandler                       0x08009063   Thumb Code     0  startup_stm32f427xx.o(.text)
    TIM8_TRG_COM_TIM14_IRQHandler            0x08009063   Thumb Code     0  startup_stm32f427xx.o(.text)
    TIM8_UP_TIM13_IRQHandler                 0x08009063   Thumb Code     0  startup_stm32f427xx.o(.text)
    UART4_IRQHandler                         0x08009063   Thumb Code     0  startup_stm32f427xx.o(.text)
    UART5_IRQHandler                         0x08009063   Thumb Code     0  startup_stm32f427xx.o(.text)
    UART7_IRQHandler                         0x08009063   Thumb Code     0  startup_stm32f427xx.o(.text)
    UART8_IRQHandler                         0x08009063   Thumb Code     0  startup_stm32f427xx.o(.text)
    USART1_IRQHandler                        0x08009063   Thumb Code     0  startup_stm32f427xx.o(.text)
    USART2_IRQHandler                        0x08009063   Thumb Code     0  startup_stm32f427xx.o(.text)
    USART3_IRQHandler                        0x08009063   Thumb Code     0  startup_stm32f427xx.o(.text)
    USART6_IRQHandler                        0x08009063   Thumb Code     0  startup_stm32f427xx.o(.text)
    WWDG_IRQHandler                          0x08009063   Thumb Code     0  startup_stm32f427xx.o(.text)
    __user_initial_stackheap                 0x08009065   Thumb Code     0  startup_stm32f427xx.o(.text)
    __use_no_semihosting                     0x08009089   Thumb Code     2  use_no_semi_2.o(.text)
    __2printf                                0x0800908d   Thumb Code    20  noretval__2printf.o(.text)
    __printf                                 0x080090a5   Thumb Code   104  __printf.o(.text)
    __aeabi_memcpy                           0x0800910d   Thumb Code     0  rt_memcpy_v6.o(.text)
    __rt_memcpy                              0x0800910d   Thumb Code   138  rt_memcpy_v6.o(.text)
    _memcpy_lastbytes                        0x08009173   Thumb Code     0  rt_memcpy_v6.o(.text)
    __aeabi_memset                           0x08009197   Thumb Code    16  aeabi_memset.o(.text)
    __aeabi_memclr4                          0x080091a7   Thumb Code     0  rt_memclr_w.o(.text)
    __aeabi_memclr8                          0x080091a7   Thumb Code     0  rt_memclr_w.o(.text)
    __rt_memclr_w                            0x080091a7   Thumb Code    78  rt_memclr_w.o(.text)
    _memset_w                                0x080091ab   Thumb Code     0  rt_memclr_w.o(.text)
    __use_two_region_memory                  0x080091f5   Thumb Code     2  heapauxi.o(.text)
    __rt_heap_escrow$2region                 0x080091f7   Thumb Code     2  heapauxi.o(.text)
    __rt_heap_expand$2region                 0x080091f9   Thumb Code     2  heapauxi.o(.text)
    __I$use$semihosting                      0x080091fb   Thumb Code     0  use_no_semi.o(.text)
    __use_no_semihosting_swi                 0x080091fb   Thumb Code     2  use_no_semi.o(.text)
    __lib_sel_fp_printf                      0x080091fd   Thumb Code     2  _printf_fp_dec.o(.text)
    _printf_fp_dec_real                      0x080093af   Thumb Code   620  _printf_fp_dec.o(.text)
    _printf_char_file                        0x0800961d   Thumb Code    32  _printf_char_file.o(.text)
    __aeabi_memcpy4                          0x08009641   Thumb Code     0  rt_memcpy_w.o(.text)
    __aeabi_memcpy8                          0x08009641   Thumb Code     0  rt_memcpy_w.o(.text)
    __rt_memcpy_w                            0x08009641   Thumb Code   100  rt_memcpy_w.o(.text)
    _memcpy_lastbytes_aligned                0x08009689   Thumb Code     0  rt_memcpy_w.o(.text)
    __aeabi_memclr                           0x080096a5   Thumb Code     0  rt_memclr.o(.text)
    __rt_memclr                              0x080096a5   Thumb Code    68  rt_memclr.o(.text)
    _memset                                  0x080096a9   Thumb Code     0  rt_memclr.o(.text)
    __rt_locale                              0x080096e9   Thumb Code     8  rt_locale_intlibspace.o(.text)
    _ll_udiv10                               0x080096f1   Thumb Code   138  lludiv10.o(.text)
    _printf_char_common                      0x08009787   Thumb Code    32  _printf_char_common.o(.text)
    _printf_fp_infnan                        0x080097ad   Thumb Code   112  _printf_fp_infnan.o(.text)
    _btod_etento                             0x0800982d   Thumb Code   224  bigflt0.o(.text)
    ferror                                   0x08009911   Thumb Code     8  ferror.o(.text)
    __user_libspace                          0x08009919   Thumb Code     8  libspace.o(.text)
    __user_perproc_libspace                  0x08009919   Thumb Code     0  libspace.o(.text)
    __user_perthread_libspace                0x08009919   Thumb Code     0  libspace.o(.text)
    __user_setup_stackheap                   0x08009921   Thumb Code    74  sys_stackheap_outer.o(.text)
    exit                                     0x0800996b   Thumb Code    18  exit.o(.text)
    strcmp                                   0x0800997d   Thumb Code   128  strcmpv7m.o(.text)
    _btod_d2e                                0x080099fd   Thumb Code    62  btod.o(CL$$btod_d2e)
    _d2e_denorm_low                          0x08009a3b   Thumb Code    70  btod.o(CL$$btod_d2e_denorm_low)
    _d2e_norm_op1                            0x08009a81   Thumb Code    96  btod.o(CL$$btod_d2e_norm_op1)
    __btod_div_common                        0x08009ae1   Thumb Code   696  btod.o(CL$$btod_div_common)
    _e2e                                     0x08009e19   Thumb Code   220  btod.o(CL$$btod_e2e)
    _btod_ediv                               0x08009ef5   Thumb Code    42  btod.o(CL$$btod_ediv)
    _btod_emul                               0x08009f1f   Thumb Code    42  btod.o(CL$$btod_emul)
    __btod_mult_common                       0x08009f49   Thumb Code   580  btod.o(CL$$btod_mult_common)
    __ARM_fpclassify                         0x0800a18d   Thumb Code    48  fpclassify.o(i.__ARM_fpclassify)
    _get_lc_numeric                          0x0800a1bd   Thumb Code    44  lc_numeric_c.o(locale$$code)
    __fpl_dretinf                            0x0800a1e9   Thumb Code    12  dretinf.o(x$fpl$dretinf)
    __aeabi_f2d                              0x0800a1f5   Thumb Code     0  f2d.o(x$fpl$f2d)
    _f2d                                     0x0800a1f5   Thumb Code    86  f2d.o(x$fpl$f2d)
    __fpl_fnaninf                            0x0800a24b   Thumb Code   140  fnaninf.o(x$fpl$fnaninf)
    _fp_init                                 0x0800a2d7   Thumb Code    10  fpinit.o(x$fpl$fpinit)
    __fplib_config_fpu_vfp                   0x0800a2df   Thumb Code     0  fpinit.o(x$fpl$fpinit)
    __fplib_config_pureend_doubles           0x0800a2df   Thumb Code     0  fpinit.o(x$fpl$fpinit)
    _printf_fp_dec                           0x0800a2e1   Thumb Code     4  printf1.o(x$fpl$printf1)
    APBAHBPrescTable                         0x0800a2e4   Data          16  stm32f4xx_hal_rcc.o(.constdata)
    __I$use$fp                               0x0800a2e4   Number         0  usenofp.o(x$fpl$usenofp)
    AHBPrescTable                            0x0800a2fc   Data          16  system_stm32f4xx.o(.constdata)
    Region$$Table$$Base                      0x0800a3a0   Number         0  anon$$obj.o(Region$$Table)
    Region$$Table$$Limit                     0x0800a3c0   Number         0  anon$$obj.o(Region$$Table)
    pxCurrentTCB                             0x20000024   Data           4  tasks.o(.data)
    uwTick                                   0x20000074   Data           4  stm32f4xx_hal.o(.data)
    SystemCoreClock                          0x20000078   Data           4  system_stm32f4xx.o(.data)
    __stdout                                 0x20000080   Data           4  bsp_usart.o(.data)
    StartTask_Handler                        0x2000008c   Data           4  task_user.o(.data)
    LED0Task_Handler                         0x20000090   Data           4  task_user.o(.data)
    LED1Task_Handler                         0x20000094   Data           4  task_user.o(.data)
    FLOATTask_Handler                        0x20000098   Data           4  task_user.o(.data)
    LED_TaskHandler                          0x2000009c   Data           4  task_user.o(.data)
    KEY_TaskHandler                          0x200000a0   Data           4  task_user.o(.data)
    xQueueRegistry                           0x20012ca4   Data          64  queue.o(.bss)
    htim1                                    0x20012dd4   Data          60  bsp_tim.o(.bss)
    htim6                                    0x20012e10   Data          60  bsp_tim.o(.bss)
    htim7                                    0x20012e4c   Data          60  bsp_tim.o(.bss)
    htim12                                   0x20012e88   Data          60  bsp_tim.o(.bss)
    hcan1                                    0x20012f44   Data          64  bsp_can.o(.bss)
    hcan2                                    0x20012f84   Data          64  bsp_can.o(.bss)
    huart7                                   0x20012fc4   Data          64  bsp_usart.o(.bss)
    huart8                                   0x20013004   Data          64  bsp_usart.o(.bss)
    huart1                                   0x20013044   Data          64  bsp_usart.o(.bss)
    huart2                                   0x20013084   Data          64  bsp_usart.o(.bss)
    huart3                                   0x200130c4   Data          64  bsp_usart.o(.bss)
    huart6                                   0x20013104   Data          64  bsp_usart.o(.bss)
    hdma_uart7_rx                            0x20013144   Data          88  bsp_usart.o(.bss)
    hdma_uart8_rx                            0x2001319c   Data          88  bsp_usart.o(.bss)
    hdma_usart1_rx                           0x200131f4   Data          88  bsp_usart.o(.bss)
    hdma_usart2_rx                           0x2001324c   Data          88  bsp_usart.o(.bss)
    hdma_usart3_rx                           0x200132a4   Data          88  bsp_usart.o(.bss)
    hdma_usart3_tx                           0x200132fc   Data          88  bsp_usart.o(.bss)
    hdma_usart6_rx                           0x20013354   Data          88  bsp_usart.o(.bss)
    hdma_usart6_tx                           0x200133ac   Data          88  bsp_usart.o(.bss)
    __libspace_start                         0x20013404   Data          96  libspace.o(.bss)
    __temporary_stack_top$libspace           0x20013464   Data           0  libspace.o(.bss)



==============================================================================

Memory Map of the image

  Image Entry point : 0x080001ad

  Load Region LR_IROM1 (Base: 0x08000000, Size: 0x0000a480, Max: 0x00200000, ABSOLUTE)

    Execution Region ER_IROM1 (Exec base: 0x08000000, Load base: 0x08000000, Size: 0x0000a3dc, Max: 0x00200000, ABSOLUTE)

    Exec Addr    Load Addr    Size         Type   Attr      Idx    E Section Name        Object

    0x08000000   0x08000000   0x000001ac   Data   RO         1233    RESET               startup_stm32f427xx.o
    0x080001ac   0x080001ac   0x00000008   Code   RO         1280  * !!!main             c_w.l(__main.o)
    0x080001b4   0x080001b4   0x00000034   Code   RO         1504    !!!scatter          c_w.l(__scatter.o)
    0x080001e8   0x080001e8   0x0000001a   Code   RO         1506    !!handler_copy      c_w.l(__scatter_copy.o)
    0x08000202   0x08000202   0x00000002   PAD
    0x08000204   0x08000204   0x0000001c   Code   RO         1508    !!handler_zi        c_w.l(__scatter_zi.o)
    0x08000220   0x08000220   0x00000000   Code   RO         1269    .ARM.Collect$$_printf_percent$$00000000  c_w.l(_printf_percent.o)
    0x08000220   0x08000220   0x00000006   Code   RO         1268    .ARM.Collect$$_printf_percent$$00000003  c_w.l(_printf_f.o)
    0x08000226   0x08000226   0x00000004   Code   RO         1293    .ARM.Collect$$_printf_percent$$00000017  c_w.l(_printf_percent_end.o)
    0x0800022a   0x0800022a   0x00000002   Code   RO         1381    .ARM.Collect$$libinit$$00000000  c_w.l(libinit.o)
    0x0800022c   0x0800022c   0x00000004   Code   RO         1382    .ARM.Collect$$libinit$$00000001  c_w.l(libinit2.o)
    0x08000230   0x08000230   0x00000000   Code   RO         1385    .ARM.Collect$$libinit$$00000004  c_w.l(libinit2.o)
    0x08000230   0x08000230   0x00000000   Code   RO         1388    .ARM.Collect$$libinit$$0000000A  c_w.l(libinit2.o)
    0x08000230   0x08000230   0x00000000   Code   RO         1390    .ARM.Collect$$libinit$$0000000C  c_w.l(libinit2.o)
    0x08000230   0x08000230   0x00000000   Code   RO         1392    .ARM.Collect$$libinit$$0000000E  c_w.l(libinit2.o)
    0x08000230   0x08000230   0x00000006   Code   RO         1393    .ARM.Collect$$libinit$$0000000F  c_w.l(libinit2.o)
    0x08000236   0x08000236   0x00000000   Code   RO         1395    .ARM.Collect$$libinit$$00000011  c_w.l(libinit2.o)
    0x08000236   0x08000236   0x00000000   Code   RO         1397    .ARM.Collect$$libinit$$00000013  c_w.l(libinit2.o)
    0x08000236   0x08000236   0x00000000   Code   RO         1399    .ARM.Collect$$libinit$$00000015  c_w.l(libinit2.o)
    0x08000236   0x08000236   0x0000000a   Code   RO         1400    .ARM.Collect$$libinit$$00000016  c_w.l(libinit2.o)
    0x08000240   0x08000240   0x00000000   Code   RO         1401    .ARM.Collect$$libinit$$00000017  c_w.l(libinit2.o)
    0x08000240   0x08000240   0x00000000   Code   RO         1403    .ARM.Collect$$libinit$$00000019  c_w.l(libinit2.o)
    0x08000240   0x08000240   0x00000000   Code   RO         1405    .ARM.Collect$$libinit$$0000001B  c_w.l(libinit2.o)
    0x08000240   0x08000240   0x00000000   Code   RO         1407    .ARM.Collect$$libinit$$0000001D  c_w.l(libinit2.o)
    0x08000240   0x08000240   0x00000000   Code   RO         1409    .ARM.Collect$$libinit$$0000001F  c_w.l(libinit2.o)
    0x08000240   0x08000240   0x00000000   Code   RO         1411    .ARM.Collect$$libinit$$00000021  c_w.l(libinit2.o)
    0x08000240   0x08000240   0x00000000   Code   RO         1413    .ARM.Collect$$libinit$$00000023  c_w.l(libinit2.o)
    0x08000240   0x08000240   0x00000000   Code   RO         1415    .ARM.Collect$$libinit$$00000025  c_w.l(libinit2.o)
    0x08000240   0x08000240   0x00000000   Code   RO         1419    .ARM.Collect$$libinit$$0000002C  c_w.l(libinit2.o)
    0x08000240   0x08000240   0x00000000   Code   RO         1421    .ARM.Collect$$libinit$$0000002E  c_w.l(libinit2.o)
    0x08000240   0x08000240   0x00000000   Code   RO         1423    .ARM.Collect$$libinit$$00000030  c_w.l(libinit2.o)
    0x08000240   0x08000240   0x00000000   Code   RO         1425    .ARM.Collect$$libinit$$00000032  c_w.l(libinit2.o)
    0x08000240   0x08000240   0x00000002   Code   RO         1426    .ARM.Collect$$libinit$$00000033  c_w.l(libinit2.o)
    0x08000242   0x08000242   0x00000002   Code   RO         1454    .ARM.Collect$$libshutdown$$00000000  c_w.l(libshutdown.o)
    0x08000244   0x08000244   0x00000000   Code   RO         1463    .ARM.Collect$$libshutdown$$00000002  c_w.l(libshutdown2.o)
    0x08000244   0x08000244   0x00000000   Code   RO         1465    .ARM.Collect$$libshutdown$$00000004  c_w.l(libshutdown2.o)
    0x08000244   0x08000244   0x00000000   Code   RO         1468    .ARM.Collect$$libshutdown$$00000007  c_w.l(libshutdown2.o)
    0x08000244   0x08000244   0x00000000   Code   RO         1471    .ARM.Collect$$libshutdown$$0000000A  c_w.l(libshutdown2.o)
    0x08000244   0x08000244   0x00000000   Code   RO         1473    .ARM.Collect$$libshutdown$$0000000C  c_w.l(libshutdown2.o)
    0x08000244   0x08000244   0x00000000   Code   RO         1476    .ARM.Collect$$libshutdown$$0000000F  c_w.l(libshutdown2.o)
    0x08000244   0x08000244   0x00000002   Code   RO         1477    .ARM.Collect$$libshutdown$$00000010  c_w.l(libshutdown2.o)
    0x08000246   0x08000246   0x00000000   Code   RO         1288    .ARM.Collect$$rtentry$$00000000  c_w.l(__rtentry.o)
    0x08000246   0x08000246   0x00000000   Code   RO         1304    .ARM.Collect$$rtentry$$00000002  c_w.l(__rtentry2.o)
    0x08000246   0x08000246   0x00000006   Code   RO         1316    .ARM.Collect$$rtentry$$00000004  c_w.l(__rtentry4.o)
    0x0800024c   0x0800024c   0x00000000   Code   RO         1306    .ARM.Collect$$rtentry$$00000009  c_w.l(__rtentry2.o)
    0x0800024c   0x0800024c   0x00000004   Code   RO         1307    .ARM.Collect$$rtentry$$0000000A  c_w.l(__rtentry2.o)
    0x08000250   0x08000250   0x00000000   Code   RO         1309    .ARM.Collect$$rtentry$$0000000C  c_w.l(__rtentry2.o)
    0x08000250   0x08000250   0x00000008   Code   RO         1310    .ARM.Collect$$rtentry$$0000000D  c_w.l(__rtentry2.o)
    0x08000258   0x08000258   0x00000002   Code   RO         1427    .ARM.Collect$$rtexit$$00000000  c_w.l(rtexit.o)
    0x0800025a   0x0800025a   0x00000000   Code   RO         1434    .ARM.Collect$$rtexit$$00000002  c_w.l(rtexit2.o)
    0x0800025a   0x0800025a   0x00000004   Code   RO         1435    .ARM.Collect$$rtexit$$00000003  c_w.l(rtexit2.o)
    0x0800025e   0x0800025e   0x00000006   Code   RO         1436    .ARM.Collect$$rtexit$$00000004  c_w.l(rtexit2.o)
    0x08000264   0x08000264   0x000000be   Code   RO           55    .emb_text           port.o
    0x08000322   0x08000322   0x00000002   PAD
    0x08000324   0x08000324   0x000001d0   Code   RO            1    .text               heap_4.o
    0x080004f4   0x080004f4   0x00000250   Code   RO           56    .text               port.o
    0x08000744   0x08000744   0x0000008a   Code   RO          144    .text               list.o
    0x080007ce   0x080007ce   0x00000002   PAD
    0x080007d0   0x080007d0   0x00000be4   Code   RO          159    .text               queue.o
    0x080013b4   0x080013b4   0x00001304   Code   RO          209    .text               tasks.o
    0x080026b8   0x080026b8   0x00000456   Code   RO          229    .text               timers.o
    0x08002b0e   0x08002b0e   0x00000002   PAD
    0x08002b10   0x08002b10   0x00000198   Code   RO          247    .text               stm32f4xx_hal.o
    0x08002ca8   0x08002ca8   0x00000ae0   Code   RO          367    .text               stm32f4xx_hal_can.o
    0x08003788   0x08003788   0x0000022c   Code   RO          395    .text               stm32f4xx_hal_cortex.o
    0x080039b4   0x080039b4   0x00000360   Code   RO          537    .text               stm32f4xx_hal_gpio.o
    0x08003d14   0x08003d14   0x000002e8   Code   RO          565    .text               stm32f4xx_hal_pwr_ex.o
    0x08003ffc   0x08003ffc   0x000006d8   Code   RO          593    .text               stm32f4xx_hal_rcc.o
    0x080046d4   0x080046d4   0x00001e62   Code   RO          653    .text               stm32f4xx_hal_tim.o
    0x08006536   0x08006536   0x00000002   PAD
    0x08006538   0x08006538   0x00000a78   Code   RO          682    .text               stm32f4xx_hal_tim_ex.o
    0x08006fb0   0x08006fb0   0x00000c52   Code   RO          710    .text               stm32f4xx_hal_uart.o
    0x08007c02   0x08007c02   0x00000002   PAD
    0x08007c04   0x08007c04   0x000004ec   Code   RO          760    .text               stm32f4xx_hal_dma.o
    0x080080f0   0x080080f0   0x000000cc   Code   RO          883    .text               system_stm32f4xx.o
    0x080081bc   0x080081bc   0x0000014c   Code   RO          918    .text               bsp_gpio.o
    0x08008308   0x08008308   0x000002c0   Code   RO          949    .text               bsp_tim.o
    0x080085c8   0x080085c8   0x00000240   Code   RO          983    .text               bsp_can.o
    0x08008808   0x08008808   0x0000050c   Code   RO         1018    .text               bsp_usart.o
    0x08008d14   0x08008d14   0x00000058   Code   RO         1053    .text               main.o
    0x08008d6c   0x08008d6c   0x00000044   Code   RO         1112    .text               stm32f4xx_hal_msp.o
    0x08008db0   0x08008db0   0x00000020   Code   RO         1140    .text               stm32f4xx_it.o
    0x08008dd0   0x08008dd0   0x00000098   Code   RO         1172    .text               systemclock.o
    0x08008e68   0x08008e68   0x000001e0   Code   RO         1200    .text               task_user.o
    0x08009048   0x08009048   0x00000040   Code   RO         1234    .text               startup_stm32f427xx.o
    0x08009088   0x08009088   0x00000002   Code   RO         1240    .text               c_w.l(use_no_semi_2.o)
    0x0800908a   0x0800908a   0x00000002   PAD
    0x0800908c   0x0800908c   0x00000018   Code   RO         1244    .text               c_w.l(noretval__2printf.o)
    0x080090a4   0x080090a4   0x00000068   Code   RO         1246    .text               c_w.l(__printf.o)
    0x0800910c   0x0800910c   0x0000008a   Code   RO         1270    .text               c_w.l(rt_memcpy_v6.o)
    0x08009196   0x08009196   0x00000010   Code   RO         1274    .text               c_w.l(aeabi_memset.o)
    0x080091a6   0x080091a6   0x0000004e   Code   RO         1276    .text               c_w.l(rt_memclr_w.o)
    0x080091f4   0x080091f4   0x00000006   Code   RO         1278    .text               c_w.l(heapauxi.o)
    0x080091fa   0x080091fa   0x00000002   Code   RO         1286    .text               c_w.l(use_no_semi.o)
    0x080091fc   0x080091fc   0x0000041e   Code   RO         1289    .text               c_w.l(_printf_fp_dec.o)
    0x0800961a   0x0800961a   0x00000002   PAD
    0x0800961c   0x0800961c   0x00000024   Code   RO         1291    .text               c_w.l(_printf_char_file.o)
    0x08009640   0x08009640   0x00000064   Code   RO         1294    .text               c_w.l(rt_memcpy_w.o)
    0x080096a4   0x080096a4   0x00000044   Code   RO         1296    .text               c_w.l(rt_memclr.o)
    0x080096e8   0x080096e8   0x00000008   Code   RO         1321    .text               c_w.l(rt_locale_intlibspace.o)
    0x080096f0   0x080096f0   0x0000008a   Code   RO         1323    .text               c_w.l(lludiv10.o)
    0x0800977a   0x0800977a   0x00000002   PAD
    0x0800977c   0x0800977c   0x00000030   Code   RO         1325    .text               c_w.l(_printf_char_common.o)
    0x080097ac   0x080097ac   0x00000080   Code   RO         1327    .text               c_w.l(_printf_fp_infnan.o)
    0x0800982c   0x0800982c   0x000000e4   Code   RO         1329    .text               c_w.l(bigflt0.o)
    0x08009910   0x08009910   0x00000008   Code   RO         1354    .text               c_w.l(ferror.o)
    0x08009918   0x08009918   0x00000008   Code   RO         1365    .text               c_w.l(libspace.o)
    0x08009920   0x08009920   0x0000004a   Code   RO         1368    .text               c_w.l(sys_stackheap_outer.o)
    0x0800996a   0x0800996a   0x00000012   Code   RO         1372    .text               c_w.l(exit.o)
    0x0800997c   0x0800997c   0x00000080   Code   RO         1374    .text               c_w.l(strcmpv7m.o)
    0x080099fc   0x080099fc   0x0000003e   Code   RO         1332    CL$$btod_d2e        c_w.l(btod.o)
    0x08009a3a   0x08009a3a   0x00000046   Code   RO         1334    CL$$btod_d2e_denorm_low  c_w.l(btod.o)
    0x08009a80   0x08009a80   0x00000060   Code   RO         1333    CL$$btod_d2e_norm_op1  c_w.l(btod.o)
    0x08009ae0   0x08009ae0   0x00000338   Code   RO         1342    CL$$btod_div_common  c_w.l(btod.o)
    0x08009e18   0x08009e18   0x000000dc   Code   RO         1339    CL$$btod_e2e        c_w.l(btod.o)
    0x08009ef4   0x08009ef4   0x0000002a   Code   RO         1336    CL$$btod_ediv       c_w.l(btod.o)
    0x08009f1e   0x08009f1e   0x0000002a   Code   RO         1335    CL$$btod_emul       c_w.l(btod.o)
    0x08009f48   0x08009f48   0x00000244   Code   RO         1341    CL$$btod_mult_common  c_w.l(btod.o)
    0x0800a18c   0x0800a18c   0x00000030   Code   RO         1363    i.__ARM_fpclassify  m_wm.l(fpclassify.o)
    0x0800a1bc   0x0800a1bc   0x0000002c   Code   RO         1359    locale$$code        c_w.l(lc_numeric_c.o)
    0x0800a1e8   0x0800a1e8   0x0000000c   Code   RO         1298    x$fpl$dretinf       fz_wm.l(dretinf.o)
    0x0800a1f4   0x0800a1f4   0x00000056   Code   RO         1282    x$fpl$f2d           fz_wm.l(f2d.o)
    0x0800a24a   0x0800a24a   0x0000008c   Code   RO         1300    x$fpl$fnaninf       fz_wm.l(fnaninf.o)
    0x0800a2d6   0x0800a2d6   0x0000000a   Code   RO         1431    x$fpl$fpinit        fz_wm.l(fpinit.o)
    0x0800a2e0   0x0800a2e0   0x00000004   Code   RO         1284    x$fpl$printf1       fz_wm.l(printf1.o)
    0x0800a2e4   0x0800a2e4   0x00000000   Code   RO         1302    x$fpl$usenofp       fz_wm.l(usenofp.o)
    0x0800a2e4   0x0800a2e4   0x00000010   Data   RO          594    .constdata          stm32f4xx_hal_rcc.o
    0x0800a2f4   0x0800a2f4   0x00000008   Data   RO          761    .constdata          stm32f4xx_hal_dma.o
    0x0800a2fc   0x0800a2fc   0x00000010   Data   RO          884    .constdata          system_stm32f4xx.o
    0x0800a30c   0x0800a30c   0x00000094   Data   RO         1330    .constdata          c_w.l(bigflt0.o)
    0x0800a3a0   0x0800a3a0   0x00000020   Data   RO         1502    Region$$Table       anon$$obj.o
    0x0800a3c0   0x0800a3c0   0x0000001c   Data   RO         1358    locale$$data        c_w.l(lc_numeric_c.o)


    Execution Region RW_IRAM1 (Exec base: 0x20000000, Load base: 0x0800a3dc, Size: 0x00013a68, Max: 0x00030000, ABSOLUTE)

    Exec Addr    Load Addr    Size         Type   Attr      Idx    E Section Name        Object

    0x20000000   0x0800a3dc   0x00000018   Data   RW            3    .data               heap_4.o
    0x20000018   0x0800a3f4   0x0000000c   Data   RW           57    .data               port.o
    0x20000024   0x0800a400   0x0000003c   Data   RW          211    .data               tasks.o
    0x20000060   0x0800a43c   0x00000014   Data   RW          231    .data               timers.o
    0x20000074   0x0800a450   0x00000004   Data   RW          248    .data               stm32f4xx_hal.o
    0x20000078   0x0800a454   0x00000004   Data   RW          885    .data               system_stm32f4xx.o
    0x2000007c   0x0800a458   0x00000004   Data   RW          985    .data               bsp_can.o
    0x20000080   0x0800a45c   0x00000004   Data   RW         1020    .data               bsp_usart.o
    0x20000084   0x0800a460   0x00000020   Data   RW         1201    .data               task_user.o
    0x200000a4        -       0x00012c00   Zero   RW            2    .bss                heap_4.o
    0x20012ca4        -       0x00000040   Zero   RW          160    .bss                queue.o
    0x20012ce4        -       0x000000c8   Zero   RW          210    .bss                tasks.o
    0x20012dac        -       0x00000028   Zero   RW          230    .bss                timers.o
    0x20012dd4        -       0x000000f0   Zero   RW          950    .bss                bsp_tim.o
    0x20012ec4        -       0x00000100   Zero   RW          984    .bss                bsp_can.o
    0x20012fc4        -       0x00000440   Zero   RW         1019    .bss                bsp_usart.o
    0x20013404        -       0x00000060   Zero   RW         1366    .bss                c_w.l(libspace.o)
    0x20013464   0x0800a480   0x00000004   PAD
    0x20013468        -       0x00000200   Zero   RW         1232    HEAP                startup_stm32f427xx.o
    0x20013668        -       0x00000400   Zero   RW         1231    STACK               startup_stm32f427xx.o


==============================================================================

Image component sizes


      Code (inc. data)   RO Data    RW Data    ZI Data      Debug   Object Name

       576         28          0          4        256       2788   bsp_can.o
       332         28          0          0          0       1493   bsp_gpio.o
       704         38          0          0        240       3831   bsp_tim.o
      1292        108          0          4       1088       5450   bsp_usart.o
         0          0          0          0          0       7928   croutine.o
         0          0          0          0          0      10340   event_groups.o
       464          8          0         24      76800      19944   heap_4.o
       138          0          0          0          0       2078   list.o
        88         28          0          0          0        527   main.o
       782         44          0         12          0       9205   port.o
      3044         14          0          0         64      21762   queue.o
        64         26        428          0       1536        824   startup_stm32f427xx.o
       408         24          0          4          0     420326   stm32f4xx_hal.o
      2784         34          0          0          0       7663   stm32f4xx_hal_can.o
       556         10          0          0          0      32259   stm32f4xx_hal_cortex.o
      1260         12          8          0          0       5556   stm32f4xx_hal_dma.o
       864         52          0          0          0       4231   stm32f4xx_hal_gpio.o
        68          0          0          0          0        538   stm32f4xx_hal_msp.o
       744         22          0          0          0       4019   stm32f4xx_hal_pwr_ex.o
      1752         60         16          0          0       5808   stm32f4xx_hal_rcc.o
      7778        124          0          0          0      32404   stm32f4xx_hal_tim.o
      2680         22          0          0          0      12206   stm32f4xx_hal_tim_ex.o
      3154         30          0          0          0      12431   stm32f4xx_hal_uart.o
        32          8          0          0          0       1271   stm32f4xx_it.o
       204         32         16          4          0       1875   system_stm32f4xx.o
       152         10          0          0          0       1213   systemclock.o
       480         92          0         32          0       1898   task_user.o
      4868         84          0         60        200      27801   tasks.o
      1110         42          0         20         40       9730   timers.o

    ----------------------------------------------------------------------
     36388        980        500        164      80224     667399   Object Totals
         0          0         32          0          0          0   (incl. Generated)
        10          0          0          0          0          0   (incl. Padding)

    ----------------------------------------------------------------------

      Code (inc. data)   RO Data    RW Data    ZI Data      Debug   Library Member Name

         8          0          0          0          0         68   __main.o
       104          0          0          0          0         84   __printf.o
         0          0          0          0          0          0   __rtentry.o
        12          0          0          0          0          0   __rtentry2.o
         6          0          0          0          0          0   __rtentry4.o
        52          8          0          0          0          0   __scatter.o
        26          0          0          0          0          0   __scatter_copy.o
        28          0          0          0          0          0   __scatter_zi.o
        48          6          0          0          0         96   _printf_char_common.o
        36          4          0          0          0         80   _printf_char_file.o
         6          0          0          0          0          0   _printf_f.o
      1054          0          0          0          0        216   _printf_fp_dec.o
       128         16          0          0          0         84   _printf_fp_infnan.o
         0          0          0          0          0          0   _printf_percent.o
         4          0          0          0          0          0   _printf_percent_end.o
        16          0          0          0          0         68   aeabi_memset.o
       228          4        148          0          0         96   bigflt0.o
      1936        128          0          0          0        672   btod.o
        18          0          0          0          0         80   exit.o
         8          0          0          0          0         68   ferror.o
         6          0          0          0          0        152   heapauxi.o
        44         10         28          0          0         76   lc_numeric_c.o
         2          0          0          0          0          0   libinit.o
        22          0          0          0          0          0   libinit2.o
         2          0          0          0          0          0   libshutdown.o
         2          0          0          0          0          0   libshutdown2.o
         8          4          0          0         96         68   libspace.o
       138          0          0          0          0         80   lludiv10.o
        24          4          0          0          0         84   noretval__2printf.o
         8          4          0          0          0         68   rt_locale_intlibspace.o
        68          0          0          0          0         68   rt_memclr.o
        78          0          0          0          0         80   rt_memclr_w.o
       138          0          0          0          0         68   rt_memcpy_v6.o
       100          0          0          0          0         80   rt_memcpy_w.o
         2          0          0          0          0          0   rtexit.o
        10          0          0          0          0          0   rtexit2.o
       128          0          0          0          0         68   strcmpv7m.o
        74          0          0          0          0         80   sys_stackheap_outer.o
         2          0          0          0          0         68   use_no_semi.o
         2          0          0          0          0         68   use_no_semi_2.o
        12          0          0          0          0        116   dretinf.o
        86          4          0          0          0        132   f2d.o
       140          4          0          0          0        132   fnaninf.o
        10          0          0          0          0        116   fpinit.o
         4          0          0          0          0        116   printf1.o
         0          0          0          0          0          0   usenofp.o
        48          0          0          0          0        124   fpclassify.o

    ----------------------------------------------------------------------
      4884        196        176          0        100       3456   Library Totals
         8          0          0          0          4          0   (incl. Padding)

    ----------------------------------------------------------------------

      Code (inc. data)   RO Data    RW Data    ZI Data      Debug   Library Name

      4576        188        176          0         96       2720   c_w.l
       252          8          0          0          0        612   fz_wm.l
        48          0          0          0          0        124   m_wm.l

    ----------------------------------------------------------------------
      4884        196        176          0        100       3456   Library Totals

    ----------------------------------------------------------------------

==============================================================================


      Code (inc. data)   RO Data    RW Data    ZI Data      Debug   

     41272       1176        676        164      80324     661747   Grand Totals
     41272       1176        676        164      80324     661747   ELF Image Totals
     41272       1176        676        164          0          0   ROM Totals

==============================================================================

    Total RO  Size (Code + RO Data)                41948 (  40.96kB)
    Total RW  Size (RW Data + ZI Data)             80488 (  78.60kB)
    Total ROM Size (Code + RO Data + RW Data)      42112 (  41.13kB)

==============================================================================

