Component: ARM Compiler 5.06 update 6 (build 750) Tool: armlink [4d35ed]

==============================================================================

Section Cross References

    heap_4.o(i.prvHeapInit) refers to heap_4.o(.bss) for .bss
    heap_4.o(i.prvHeapInit) refers to heap_4.o(.data) for .data
    heap_4.o(i.prvInsertBlockIntoFreeList) refers to heap_4.o(.data) for .data
    heap_4.o(i.pvPortMalloc) refers to tasks.o(i.vTaskSuspendAll) for vTaskSuspendAll
    heap_4.o(i.pvPortMalloc) refers to heap_4.o(i.prvHeapInit) for prvHeapInit
    heap_4.o(i.pvPortMalloc) refers to heap_4.o(i.prvInsertBlockIntoFreeList) for prvInsertBlockIntoFreeList
    heap_4.o(i.pvPortMalloc) refers to tasks.o(i.xTaskResumeAll) for xTaskResumeAll
    heap_4.o(i.pvPortMalloc) refers to heap_4.o(.data) for .data
    heap_4.o(i.vPortFree) refers to tasks.o(i.vTaskSuspendAll) for vTaskSuspendAll
    heap_4.o(i.vPortFree) refers to heap_4.o(i.prvInsertBlockIntoFreeList) for prvInsertBlockIntoFreeList
    heap_4.o(i.vPortFree) refers to tasks.o(i.xTaskResumeAll) for xTaskResumeAll
    heap_4.o(i.vPortFree) refers to heap_4.o(.data) for .data
    heap_4.o(i.xPortGetFreeHeapSize) refers to heap_4.o(.data) for .data
    heap_4.o(i.xPortGetMinimumEverFreeHeapSize) refers to heap_4.o(.data) for .data
    port.o(.emb_text) refers to tasks.o(i.vTaskSwitchContext) for vTaskSwitchContext
    port.o(.emb_text) refers to tasks.o(.data) for pxCurrentTCB
    port.o(i.SysTick_Handler) refers to tasks.o(i.xTaskIncrementTick) for xTaskIncrementTick
    port.o(i.prvTaskExitError) refers to port.o(.data) for .data
    port.o(i.pxPortInitialiseStack) refers to port.o(i.prvTaskExitError) for prvTaskExitError
    port.o(i.vPortEndScheduler) refers to port.o(.data) for .data
    port.o(i.vPortEnterCritical) refers to port.o(.data) for .data
    port.o(i.vPortExitCritical) refers to port.o(.data) for .data
    port.o(i.vPortSetupTimerInterrupt) refers to system_stm32f4xx.o(.data) for SystemCoreClock
    port.o(i.vPortValidateInterruptPriority) refers to port.o(.emb_text) for vPortGetIPSR
    port.o(i.vPortValidateInterruptPriority) refers to port.o(.data) for .data
    port.o(i.xPortStartScheduler) refers to port.o(i.vPortSetupTimerInterrupt) for vPortSetupTimerInterrupt
    port.o(i.xPortStartScheduler) refers to port.o(.emb_text) for __asm___6_port_c_39a90d8d__prvEnableVFP
    port.o(i.xPortStartScheduler) refers to port.o(.data) for .data
    event_groups.o(i.vEventGroupClearBitsCallback) refers to event_groups.o(i.xEventGroupClearBits) for xEventGroupClearBits
    event_groups.o(i.vEventGroupDelete) refers to tasks.o(i.vTaskSuspendAll) for vTaskSuspendAll
    event_groups.o(i.vEventGroupDelete) refers to tasks.o(i.vTaskRemoveFromUnorderedEventList) for vTaskRemoveFromUnorderedEventList
    event_groups.o(i.vEventGroupDelete) refers to heap_4.o(i.vPortFree) for vPortFree
    event_groups.o(i.vEventGroupDelete) refers to tasks.o(i.xTaskResumeAll) for xTaskResumeAll
    event_groups.o(i.vEventGroupSetBitsCallback) refers to event_groups.o(i.xEventGroupSetBits) for xEventGroupSetBits
    event_groups.o(i.xEventGroupClearBits) refers to port.o(i.vPortEnterCritical) for vPortEnterCritical
    event_groups.o(i.xEventGroupClearBits) refers to port.o(i.vPortExitCritical) for vPortExitCritical
    event_groups.o(i.xEventGroupCreate) refers to heap_4.o(i.pvPortMalloc) for pvPortMalloc
    event_groups.o(i.xEventGroupCreate) refers to list.o(i.vListInitialise) for vListInitialise
    event_groups.o(i.xEventGroupSetBits) refers to tasks.o(i.vTaskSuspendAll) for vTaskSuspendAll
    event_groups.o(i.xEventGroupSetBits) refers to tasks.o(i.vTaskRemoveFromUnorderedEventList) for vTaskRemoveFromUnorderedEventList
    event_groups.o(i.xEventGroupSetBits) refers to tasks.o(i.xTaskResumeAll) for xTaskResumeAll
    event_groups.o(i.xEventGroupSync) refers to tasks.o(i.xTaskGetSchedulerState) for xTaskGetSchedulerState
    event_groups.o(i.xEventGroupSync) refers to tasks.o(i.vTaskSuspendAll) for vTaskSuspendAll
    event_groups.o(i.xEventGroupSync) refers to event_groups.o(i.xEventGroupSetBits) for xEventGroupSetBits
    event_groups.o(i.xEventGroupSync) refers to tasks.o(i.vTaskPlaceOnUnorderedEventList) for vTaskPlaceOnUnorderedEventList
    event_groups.o(i.xEventGroupSync) refers to tasks.o(i.xTaskResumeAll) for xTaskResumeAll
    event_groups.o(i.xEventGroupSync) refers to tasks.o(i.uxTaskResetEventItemValue) for uxTaskResetEventItemValue
    event_groups.o(i.xEventGroupSync) refers to port.o(i.vPortEnterCritical) for vPortEnterCritical
    event_groups.o(i.xEventGroupSync) refers to port.o(i.vPortExitCritical) for vPortExitCritical
    event_groups.o(i.xEventGroupWaitBits) refers to tasks.o(i.xTaskGetSchedulerState) for xTaskGetSchedulerState
    event_groups.o(i.xEventGroupWaitBits) refers to tasks.o(i.vTaskSuspendAll) for vTaskSuspendAll
    event_groups.o(i.xEventGroupWaitBits) refers to event_groups.o(i.prvTestWaitCondition) for prvTestWaitCondition
[...]
    .bss                                     0x20012e10   Section     1212  ctrl_chassis.o(.bss)
    Buffer                                   0x20012e10   Data          16  ctrl_chassis.o(.bss)
    SendData                                 0x20012e20   Data          32  ctrl_chassis.o(.bss)
    .bss                                     0x200132cc   Section     1124  ctrl_cloud.o(.bss)
    SendData                                 0x200132cc   Data          32  ctrl_cloud.o(.bss)
    .bss                                     0x20013730   Section      252  ctrl_rammer.o(.bss)
    .bss                                     0x2001382c   Section       68  driver_dbus.o(.bss)
    .bss                                     0x20013870   Section      224  driver_judge.o(.bss)
    .bss                                     0x20013950   Section       40  driver_gyro.o(.bss)
    .bss                                     0x20013978   Section      256  bsp_can.o(.bss)
    Tx1Message                               0x20013978   Data          28  bsp_can.o(.bss)
    Rx1Message                               0x20013994   Data          36  bsp_can.o(.bss)
    Tx2Message                               0x200139b8   Data          28  bsp_can.o(.bss)
    Rx2Message                               0x200139d4   Data          36  bsp_can.o(.bss)
    .bss                                     0x20013a78   Section      240  bsp_tim.o(.bss)
    .bss                                     0x20013b68   Section     1088  bsp_usart.o(.bss)
    .bss                                     0x20013fa8   Section       96  libspace.o(.bss)
    HEAP                                     0x20014008   Section      512  startup_stm32f427xx.o(HEAP)
    Heap_Mem                                 0x20014008   Data         512  startup_stm32f427xx.o(HEAP)
    STACK                                    0x20014208   Section     1024  startup_stm32f427xx.o(STACK)
    Stack_Mem                                0x20014208   Data        1024  startup_stm32f427xx.o(STACK)
    __initial_sp                             0x20014608   Data           0  startup_stm32f427xx.o(STACK)

    Global Symbols

    Symbol Name                              Value     Ov Type        Size  Object(Section)

    BuildAttributes$$THM_ISAv4$E$P$D$K$B$S$7EM$VFPi3$EXTD16$VFPS$VFMA$PE$A:L22UL41UL21$X:L11$S22US41US21$IEEE1$IW$USESV6$~STKCKD$USESV7$~SHL$OSPACE$ROPI$EBA8$UX$STANDARDLIB$REQ8$PRES8$EABIv2 0x00000000   Number         0  anon$$obj.o ABSOLUTE
    __ARM_use_no_argv                        0x00000000   Number         0  main.o ABSOLUTE
    __ARM_exceptions_init                     - Undefined Weak Reference
    __alloca_initialize                       - Undefined Weak Reference
    __arm_preinit_                            - Undefined Weak Reference
    __cpp_initialize__aeabi_                  - Undefined Weak Reference
    __cxa_finalize                            - Undefined Weak Reference
    __rt_locale                               - Undefined Weak Reference
    __sigvec_lookup                           - Undefined Weak Reference
    _atexit_init                              - Undefined Weak Reference
    _call_atexit_fns                          - Undefined Weak Reference
    _clock_init                               - Undefined Weak Reference
    _fp_trap_init                             - Undefined Weak Reference
    _fp_trap_shutdown                         - Undefined Weak Reference
    _get_lc_collate                           - Undefined Weak Reference
    _get_lc_ctype                             - Undefined Weak Reference
    _get_lc_monetary                          - Undefined Weak Reference
    _get_lc_numeric                           - Undefined Weak Reference
    _get_lc_time                              - Undefined Weak Reference
    _getenv_init                              - Undefined Weak Reference
    _handle_redirection                       - Undefined Weak Reference
    _init_alloc                               - Undefined Weak Reference
    _init_user_alloc                          - Undefined Weak Reference
    _initio                                   - Undefined Weak Reference
    _mutex_acquire                            - Undefined Weak Reference
    _mutex_release                            - Undefined Weak Reference
    _rand_init                                - Undefined Weak Reference
    _signal_finish                            - Undefined Weak Reference
    _signal_init                              - Undefined Weak Reference
    _terminate_alloc                          - Undefined Weak Reference
    _terminate_user_alloc                     - Undefined Weak Reference
    _terminateio                              - Undefined Weak Reference
    __Vectors_Size                           0x000001ac   Number         0  startup_stm32f427xx.o ABSOLUTE
    __Vectors                                0x08000000   Data           4  startup_stm32f427xx.o(RESET)
    __Vectors_End                            0x080001ac   Data           0  startup_stm32f427xx.o(RESET)
    __main                                   0x080001ad   Thumb Code     8  __main.o(!!!main)
    __scatterload                            0x080001b5   Thumb Code     0  __scatter.o(!!!scatter)
    __scatterload_rt2                        0x080001b5   Thumb Code    44  __scatter.o(!!!scatter)
    __scatterload_rt2_thumb_only             0x080001b5   Thumb Code     0  __scatter.o(!!!scatter)
    __scatterload_null                       0x080001c3   Thumb Code     0  __scatter.o(!!!scatter)
    __scatterload_copy                       0x080001e9   Thumb Code    26  __scatter_copy.o(!!handler_copy)
    __scatterload_zeroinit                   0x08000205   Thumb Code    28  __scatter_zi.o(!!handler_zi)
    __rt_lib_init                            0x08000221   Thumb Code     0  libinit.o(.ARM.Collect$$libinit$$00000000)
    __rt_lib_init_fp_1                       0x08000223   Thumb Code     0  libinit2.o(.ARM.Collect$$libinit$$00000001)
    __rt_lib_init_alloca_1                   0x08000227   Thumb Code     0  libinit2.o(.ARM.Collect$$libinit$$0000002E)
    __rt_lib_init_argv_1                     0x08000227   Thumb Code     0  libinit2.o(.ARM.Collect$$libinit$$0000002C)
    __rt_lib_init_atexit_1                   0x08000227   Thumb Code     0  libinit2.o(.ARM.Collect$$libinit$$0000001B)
    __rt_lib_init_clock_1                    0x08000227   Thumb Code     0  libinit2.o(.ARM.Collect$$libinit$$00000021)
    __rt_lib_init_cpp_1                      0x08000227   Thumb Code     0  libinit2.o(.ARM.Collect$$libinit$$00000032)
    __rt_lib_init_exceptions_1               0x08000227   Thumb Code     0  libinit2.o(.ARM.Collect$$libinit$$00000030)
    __rt_lib_init_fp_trap_1                  0x08000227   Thumb Code     0  libinit2.o(.ARM.Collect$$libinit$$0000001F)
    __rt_lib_init_getenv_1                   0x08000227   Thumb Code     0  libinit2.o(.ARM.Collect$$libinit$$00000023)
    __rt_lib_init_heap_1                     0x08000227   Thumb Code     0  libinit2.o(.ARM.Collect$$libinit$$0000000A)
    __rt_lib_init_lc_collate_1               0x08000227   Thumb Code     0  libinit2.o(.ARM.Collect$$libinit$$00000011)
    __rt_lib_init_lc_ctype_1                 0x08000227   Thumb Code     0  libinit2.o(.ARM.Collect$$libinit$$00000013)
    __rt_lib_init_lc_monetary_1              0x08000227   Thumb Code     0  libinit2.o(.ARM.Collect$$libinit$$00000015)
    __rt_lib_init_lc_numeric_1               0x08000227   Thumb Code     0  libinit2.o(.ARM.Collect$$libinit$$00000017)
    __rt_lib_init_lc_time_1                  0x08000227   Thumb Code     0  libinit2.o(.ARM.Collect$$libinit$$00000019)
    __rt_lib_init_preinit_1                  0x08000227   Thumb Code     0  libinit2.o(.ARM.Collect$$libinit$$00000004)
    __rt_lib_init_rand_1                     0x08000227   Thumb Code     0  libinit2.o(.ARM.Collect$$libinit$$0000000E)
    __rt_lib_init_return                     0x08000227   Thumb Code     0  libinit2.o(.ARM.Collect$$libinit$$00000033)
    __rt_lib_init_signal_1                   0x08000227   Thumb Code     0  libinit2.o(.ARM.Collect$$libinit$$0000001D)
    __rt_lib_init_stdio_1                    0x08000227   Thumb Code     0  libinit2.o(.ARM.Collect$$libinit$$00000025)
    __rt_lib_init_user_alloc_1               0x08000227   Thumb Code     0  libinit2.o(.ARM.Collect$$libinit$$0000000C)
    __rt_lib_shutdown                        0x08000229   Thumb Code     0  libshutdown.o(.ARM.Collect$$libshutdown$$00000000)
    __rt_lib_shutdown_cpp_1                  0x0800022b   Thumb Code     0  libshutdown2.o(.ARM.Collect$$libshutdown$$00000002)
    __rt_lib_shutdown_fp_trap_1              0x0800022b   Thumb Code     0  libshutdown2.o(.ARM.Collect$$libshutdown$$00000007)
    __rt_lib_shutdown_heap_1                 0x0800022b   Thumb Code     0  libshutdown2.o(.ARM.Collect$$libshutdown$$0000000F)
    __rt_lib_shutdown_return                 0x0800022b   Thumb Code     0  libshutdown2.o(.ARM.Collect$$libshutdown$$00000010)
    __rt_lib_shutdown_signal_1               0x0800022b   Thumb Code     0  libshutdown2.o(.ARM.Collect$$libshutdown$$0000000A)
    __rt_lib_shutdown_stdio_1                0x0800022b   Thumb Code     0  libshutdown2.o(.ARM.Collect$$libshutdown$$00000004)
    __rt_lib_shutdown_user_alloc_1           0x0800022b   Thumb Code     0  libshutdown2.o(.ARM.Collect$$libshutdown$$0000000C)
    __rt_entry                               0x0800022d   Thumb Code     0  __rtentry.o(.ARM.Collect$$rtentry$$00000000)
    __rt_entry_presh_1                       0x0800022d   Thumb Code     0  __rtentry2.o(.ARM.Collect$$rtentry$$00000002)
    __rt_entry_sh                            0x0800022d   Thumb Code     0  __rtentry4.o(.ARM.Collect$$rtentry$$00000004)
    __rt_entry_li                            0x08000233   Thumb Code     0  __rtentry2.o(.ARM.Collect$$rtentry$$0000000A)
    __rt_entry_postsh_1                      0x08000233   Thumb Code     0  __rtentry2.o(.ARM.Collect$$rtentry$$00000009)
    __rt_entry_main                          0x08000237   Thumb Code     0  __rtentry2.o(.ARM.Collect$$rtentry$$0000000D)
    __rt_entry_postli_1                      0x08000237   Thumb Code     0  __rtentry2.o(.ARM.Collect$$rtentry$$0000000C)
    __rt_exit                                0x0800023f   Thumb Code     0  rtexit.o(.ARM.Collect$$rtexit$$00000000)
    __rt_exit_ls                             0x08000241   Thumb Code     0  rtexit2.o(.ARM.Collect$$rtexit$$00000003)
    __rt_exit_prels_1                        0x08000241   Thumb Code     0  rtexit2.o(.ARM.Collect$$rtexit$$00000002)
    __rt_exit_exit                           0x08000245   Thumb Code     0  rtexit2.o(.ARM.Collect$$rtexit$$00000004)
    SVC_Handler                              0x0800024d   Thumb Code    28  port.o(.emb_text)
    __asm___6_port_c_39a90d8d__prvStartFirstTask 0x0800026d   Thumb Code    36  port.o(.emb_text)
    __asm___6_port_c_39a90d8d__prvEnableVFP  0x08000295   Thumb Code    16  port.o(.emb_text)
    PendSV_Handler                           0x080002a9   Thumb Code    88  port.o(.emb_text)
    vPortGetIPSR                             0x08000305   Thumb Code     6  port.o(.emb_text)
    Reset_Handler                            0x0800030d   Thumb Code     8  startup_stm32f427xx.o(.text)
    ADC_IRQHandler                           0x08000327   Thumb Code     0  startup_stm32f427xx.o(.text)
    CAN1_RX1_IRQHandler                      0x08000327   Thumb Code     0  startup_stm32f427xx.o(.text)
    CAN1_SCE_IRQHandler                      0x08000327   Thumb Code     0  startup_stm32f427xx.o(.text)
    CAN2_RX1_IRQHandler                      0x08000327   Thumb Code     0  startup_stm32f427xx.o(.text)
    CAN2_SCE_IRQHandler                      0x08000327   Thumb Code     0  startup_stm32f427xx.o(.text)
    DCMI_IRQHandler                          0x08000327   Thumb Code     0  startup_stm32f427xx.o(.text)
    DMA1_Stream0_IRQHandler                  0x08000327   Thumb Code     0  startup_stm32f427xx.o(.text)
    DMA1_Stream2_IRQHandler                  0x08000327   Thumb Code     0  startup_stm32f427xx.o(.text)
    DMA1_Stream7_IRQHandler                  0x08000327   Thumb Code     0  startup_stm32f427xx.o(.text)
    DMA2D_IRQHandler                         0x08000327   Thumb Code     0  startup_stm32f427xx.o(.text)
    DMA2_Stream0_IRQHandler                  0x08000327   Thumb Code     0  startup_stm32f427xx.o(.text)
    DMA2_Stream3_IRQHandler                  0x08000327   Thumb Code     0  startup_stm32f427xx.o(.text)
    DMA2_Stream4_IRQHandler                  0x08000327   Thumb Code     0  startup_stm32f427xx.o(.text)
    DMA2_Stream5_IRQHandler                  0x08000327   Thumb Code     0  startup_stm32f427xx.o(.text)
    DMA2_Stream7_IRQHandler                  0x08000327   Thumb Code     0  startup_stm32f427xx.o(.text)
    ETH_IRQHandler                           0x08000327   Thumb Code     0  startup_stm32f427xx.o(.text)
    ETH_WKUP_IRQHandler                      0x08000327   Thumb Code     0  startup_stm32f427xx.o(.text)
    EXTI0_IRQHandler                         0x08000327   Thumb Code     0  startup_stm32f427xx.o(.text)
    EXTI15_10_IRQHandler                     0x08000327   Thumb Code     0  startup_stm32f427xx.o(.text)
    EXTI1_IRQHandler                         0x08000327   Thumb Code     0  startup_stm32f427xx.o(.text)
    EXTI2_IRQHandler                         0x08000327   Thumb Code     0  startup_stm32f427xx.o(.text)
    EXTI3_IRQHandler                         0x08000327   Thumb Code     0  startup_stm32f427xx.o(.text)
    EXTI4_IRQHandler                         0x08000327   Thumb Code     0  startup_stm32f427xx.o(.text)
    EXTI9_5_IRQHandler                       0x08000327   Thumb Code     0  startup_stm32f427xx.o(.text)
    FLASH_IRQHandler                         0x08000327   Thumb Code     0  startup_stm32f427xx.o(.text)
    FMC_IRQHandler                           0x08000327   Thumb Code     0  startup_stm32f427xx.o(.text)
    FPU_IRQHandler                           0x08000327   Thumb Code     0  startup_stm32f427xx.o(.text)
    HASH_RNG_IRQHandler                      0x08000327   Thumb Code     0  startup_stm32f427xx.o(.text)
    I2C1_ER_IRQHandler                       0x08000327   Thumb Code     0  startup_stm32f427xx.o(.text)
    I2C1_EV_IRQHandler                       0x08000327   Thumb Code     0  startup_stm32f427xx.o(.text)
    I2C2_ER_IRQHandler                       0x08000327   Thumb Code     0  startup_stm32f427xx.o(.text)
    I2C2_EV_IRQHandler                       0x08000327   Thumb Code     0  startup_stm32f427xx.o(.text)
    I2C3_ER_IRQHandler                       0x08000327   Thumb Code     0  startup_stm32f427xx.o(.text)
    I2C3_EV_IRQHandler                       0x08000327   Thumb Code     0  startup_stm32f427xx.o(.text)
    OTG_FS_IRQHandler                        0x08000327   Thumb Code     0  startup_stm32f427xx.o(.text)
    OTG_FS_WKUP_IRQHandler                   0x08000327   Thumb Code     0  startup_stm32f427xx.o(.text)
    OTG_HS_EP1_IN_IRQHandler                 0x08000327   Thumb Code     0  startup_stm32f427xx.o(.text)
    OTG_HS_EP1_OUT_IRQHandler                0x08000327   Thumb Code     0  startup_stm32f427xx.o(.text)
    OTG_HS_IRQHandler                        0x08000327   Thumb Code     0  startup_stm32f427xx.o(.text)
    OTG_HS_WKUP_IRQHandler                   0x08000327   Thumb Code     0  startup_stm32f427xx.o(.text)
    PVD_IRQHandler                           0x08000327   Thumb Code     0  startup_stm32f427xx.o(.text)
    RCC_IRQHandler                           0x08000327   Thumb Code     0  startup_stm32f427xx.o(.text)
    RTC_Alarm_IRQHandler                     0x08000327   Thumb Code     0  startup_stm32f427xx.o(.text)
    RTC_WKUP_IRQHandler                      0x08000327   Thumb Code     0  startup_stm32f427xx.o(.text)
    SAI1_IRQHandler                          0x08000327   Thumb Code     0  startup_stm32f427xx.o(.text)
    SDIO_IRQHandler                          0x08000327   Thumb Code     0  startup_stm32f427xx.o(.text)
    SPI1_IRQHandler                          0x08000327   Thumb Code     0  startup_stm32f427xx.o(.text)
    SPI2_IRQHandler                          0x08000327   Thumb Code     0  startup_stm32f427xx.o(.text)
    SPI3_IRQHandler                          0x08000327   Thumb Code     0  startup_stm32f427xx.o(.text)
    SPI4_IRQHandler                          0x08000327   Thumb Code     0  startup_stm32f427xx.o(.text)
    SPI5_IRQHandler                          0x08000327   Thumb Code     0  startup_stm32f427xx.o(.text)
    SPI6_IRQHandler                          0x08000327   Thumb Code     0  startup_stm32f427xx.o(.text)
    TAMP_STAMP_IRQHandler                    0x08000327   Thumb Code     0  startup_stm32f427xx.o(.text)
    TIM1_BRK_TIM9_IRQHandler                 0x08000327   Thumb Code     0  startup_stm32f427xx.o(.text)
    TIM1_CC_IRQHandler                       0x08000327   Thumb Code     0  startup_stm32f427xx.o(.text)
    TIM1_TRG_COM_TIM11_IRQHandler            0x08000327   Thumb Code     0  startup_stm32f427xx.o(.text)
    TIM1_UP_TIM10_IRQHandler                 0x08000327   Thumb Code     0  startup_stm32f427xx.o(.text)
    TIM2_IRQHandler                          0x08000327   Thumb Code     0  startup_stm32f427xx.o(.text)
    TIM3_IRQHandler                          0x08000327   Thumb Code     0  startup_stm32f427xx.o(.text)
    TIM4_IRQHandler                          0x08000327   Thumb Code     0  startup_stm32f427xx.o(.text)
    TIM5_IRQHandler                          0x08000327   Thumb Code     0  startup_stm32f427xx.o(.text)
    TIM8_BRK_TIM12_IRQHandler                0x08000327   Thumb Code     0  startup_stm32f427xx.o(.text)
    TIM8_CC_IRQHandler                       0x08000327   Thumb Code     0  startup_stm32f427xx.o(.text)
    TIM8_TRG_COM_TIM14_IRQHandler            0x08000327   Thumb Code     0  startup_stm32f427xx.o(.text)
    TIM8_UP_TIM13_IRQHandler                 0x08000327   Thumb Code     0  startup_stm32f427xx.o(.text)
    UART4_IRQHandler                         0x08000327   Thumb Code     0  startup_stm32f427xx.o(.text)
    UART5_IRQHandler                         0x08000327   Thumb Code     0  startup_stm32f427xx.o(.text)
    UART7_IRQHandler                         0x08000327   Thumb Code     0  startup_stm32f427xx.o(.text)
    USART6_IRQHandler                        0x08000327   Thumb Code     0  startup_stm32f427xx.o(.text)
    WWDG_IRQHandler                          0x08000327   Thumb Code     0  startup_stm32f427xx.o(.text)
    __user_initial_stackheap                 0x08000329   Thumb Code     0  startup_stm32f427xx.o(.text)
    __use_no_semihosting                     0x0800034d   Thumb Code     2  use_no_semi_2.o(.text)
    __aeabi_memcpy                           0x0800034f   Thumb Code     0  rt_memcpy_v6.o(.text)
    __rt_memcpy                              0x0800034f   Thumb Code   138  rt_memcpy_v6.o(.text)
    _memcpy_lastbytes                        0x080003b5   Thumb Code     0  rt_memcpy_v6.o(.text)
    __aeabi_memcpy4                          0x080003d9   Thumb Code     0  rt_memcpy_w.o(.text)
    __aeabi_memcpy8                          0x080003d9   Thumb Code     0  rt_memcpy_w.o(.text)
    __rt_memcpy_w                            0x080003d9   Thumb Code   100  rt_memcpy_w.o(.text)
    _memcpy_lastbytes_aligned                0x08000421   Thumb Code     0  rt_memcpy_w.o(.text)
    __aeabi_memset                           0x0800043d   Thumb Code    16  aeabi_memset.o(.text)
    __aeabi_memclr4                          0x0800044d   Thumb Code     0  rt_memclr_w.o(.text)
    __aeabi_memclr8                          0x0800044d   Thumb Code     0  rt_memclr_w.o(.text)
    __rt_memclr_w                            0x0800044d   Thumb Code    78  rt_memclr_w.o(.text)
    _memset_w                                0x08000451   Thumb Code     0  rt_memclr_w.o(.text)
    __use_two_region_memory                  0x0800049b   Thumb Code     2  heapauxi.o(.text)
    __rt_heap_escrow$2region                 0x0800049d   Thumb Code     2  heapauxi.o(.text)
    __rt_heap_expand$2region                 0x0800049f   Thumb Code     2  heapauxi.o(.text)
    __I$use$semihosting                      0x080004a1   Thumb Code     0  use_no_semi.o(.text)
    __use_no_semihosting_swi                 0x080004a1   Thumb Code     2  use_no_semi.o(.text)
    __aeabi_memclr                           0x080004a3   Thumb Code     0  rt_memclr.o(.text)
    __rt_memclr                              0x080004a3   Thumb Code    68  rt_memclr.o(.text)
    _memset                                  0x080004a7   Thumb Code     0  rt_memclr.o(.text)
    __user_setup_stackheap                   0x080004e7   Thumb Code    74  sys_stackheap_outer.o(.text)
    exit                                     0x08000531   Thumb Code    18  exit.o(.text)
    __user_libspace                          0x08000545   Thumb Code     8  libspace.o(.text)
    __user_perproc_libspace                  0x08000545   Thumb Code     0  libspace.o(.text)
    __user_perthread_libspace                0x08000545   Thumb Code     0  libspace.o(.text)
    Analysis_Cloud_Gyro                      0x0800054d   Thumb Code   152  driver_gyro.o(i.Analysis_Cloud_Gyro)
    Analysis_RM_Can                          0x080005f5   Thumb Code   298  bsp_can.o(i.Analysis_RM_Can)
    BusFault_Handler                         0x0800072d   Thumb Code     2  stm32f4xx_it.o(i.BusFault_Handler)
    CAN1_RX0_IRQHandler                      0x08000731   Thumb Code     6  stm32f4xx_it.o(i.CAN1_RX0_IRQHandler)
    CAN1_TX_IRQHandler                       0x0800073d   Thumb Code     6  stm32f4xx_it.o(i.CAN1_TX_IRQHandler)
    CAN2_RX0_IRQHandler                      0x08000749   Thumb Code     6  stm32f4xx_it.o(i.CAN2_RX0_IRQHandler)
    CAN2_TX_IRQHandler                       0x08000755   Thumb Code     6  stm32f4xx_it.o(i.CAN2_TX_IRQHandler)
    CAN_Init                                 0x08000761   Thumb Code   116  bsp_can.o(i.CAN_Init)
    Chassis_Current_Set                      0x08000961   Thumb Code    74  ctrl_chassis.o(i.Chassis_Current_Set)
    Chassis_Param_Set                        0x080009b5   Thumb Code  1416  ctrl_chassis.o(i.Chassis_Param_Set)
    Cloud_Current_Set                        0x08000f4d   Thumb Code    72  ctrl_cloud.o(i.Cloud_Current_Set)
    Cloud_Param_Set                          0x08000fa1   Thumb Code  1640  ctrl_cloud.o(i.Cloud_Param_Set)
    Control_Mode_Set                         0x0800162d   Thumb Code   210  user_code.o(i.Control_Mode_Set)
    Control_Mode_Task                        0x08001715   Thumb Code    12  task_ctrl.o(i.Control_Mode_Task)
    DBUS_CheckPush                           0x08001721   Thumb Code    16  driver_dbus.o(i.DBUS_CheckPush)
    DBUS_DataDecoding                        0x08001735   Thumb Code   130  driver_dbus.o(i.DBUS_DataDecoding)
    DMA1_Stream1_IRQHandler                  0x080017bd   Thumb Code     6  stm32f4xx_it.o(i.DMA1_Stream1_IRQHandler)
    DMA1_Stream3_IRQHandler                  0x080017c9   Thumb Code     6  stm32f4xx_it.o(i.DMA1_Stream3_IRQHandler)
    DMA1_Stream4_IRQHandler                  0x080017d5   Thumb Code     6  stm32f4xx_it.o(i.DMA1_Stream4_IRQHandler)
    DMA1_Stream5_IRQHandler                  0x080017e1   Thumb Code     6  stm32f4xx_it.o(i.DMA1_Stream5_IRQHandler)
    DMA1_Stream6_IRQHandler                  0x080017ed   Thumb Code     6  stm32f4xx_it.o(i.DMA1_Stream6_IRQHandler)
    DMA2_Stream1_IRQHandler                  0x080017f9   Thumb Code     6  stm32f4xx_it.o(i.DMA2_Stream1_IRQHandler)
    DMA2_Stream2_IRQHandler                  0x08001805   Thumb Code     6  stm32f4xx_it.o(i.DMA2_Stream2_IRQHandler)
    DMA2_Stream6_IRQHandler                  0x08001811   Thumb Code     6  stm32f4xx_it.o(i.DMA2_Stream6_IRQHandler)
    DebugMon_Handler                         0x0800186d   Thumb Code     2  stm32f4xx_it.o(i.DebugMon_Handler)
    Filters                                  0x0800186f   Thumb Code    26  user_code.o(i.Filters)
    Frame_Rate_Statistics                    0x08001889   Thumb Code   212  user_code.o(i.Frame_Rate_Statistics)
    Frame_Rate_Task                          0x08001969   Thumb Code    12  task_user.o(i.Frame_Rate_Task)
    Frict_Param_Set                          0x08001975   Thumb Code   132  ctrl_frict.o(i.Frict_Param_Set)
    GPIO_Init                                0x08001a0d   Thumb Code    80  bsp_gpio.o(i.GPIO_Init)
    Get_CRC16_Check_Sum                      0x08001a71   Thumb Code    38  driver_judge.o(i.Get_CRC16_Check_Sum)
    HAL_CAN_ConfigFilter                     0x08001a9d   Thumb Code   218  stm32f4xx_hal_can.o(i.HAL_CAN_ConfigFilter)
    HAL_CAN_ErrorCallback                    0x08001b81   Thumb Code     2  stm32f4xx_hal_can.o(i.HAL_CAN_ErrorCallback)
    HAL_CAN_IRQHandler                       0x08001b85   Thumb Code   370  stm32f4xx_hal_can.o(i.HAL_CAN_IRQHandler)
    HAL_CAN_Init                             0x08001d05   Thumb Code   328  stm32f4xx_hal_can.o(i.HAL_CAN_Init)
    HAL_CAN_MspInit                          0x08001e4d   Thumb Code   120  bsp_can.o(i.HAL_CAN_MspInit)
    HAL_CAN_RxCpltCallback                   0x08001ed5   Thumb Code    46  bsp_can.o(i.HAL_CAN_RxCpltCallback)
    HAL_CAN_Transmit                         0x08001f09   Thumb Code   390  stm32f4xx_hal_can.o(i.HAL_CAN_Transmit)
    HAL_CAN_TxCpltCallback                   0x0800209d   Thumb Code     2  stm32f4xx_hal_can.o(i.HAL_CAN_TxCpltCallback)
    HAL_DMA_Abort                            0x080020a1   Thumb Code    84  stm32f4xx_hal_dma.o(i.HAL_DMA_Abort)
    HAL_DMA_IRQHandler                       0x080020f5   Thumb Code   412  stm32f4xx_hal_dma.o(i.HAL_DMA_IRQHandler)
    HAL_DMA_Init                             0x08002295   Thumb Code   116  stm32f4xx_hal_dma.o(i.HAL_DMA_Init)
    HAL_DMA_Start_IT                         0x0800230d   Thumb Code    78  stm32f4xx_hal_dma.o(i.HAL_DMA_Start_IT)
    HAL_GPIO_Init                            0x0800235d   Thumb Code   408  stm32f4xx_hal_gpio.o(i.HAL_GPIO_Init)
    HAL_GPIO_WritePin                        0x08002529   Thumb Code    10  stm32f4xx_hal_gpio.o(i.HAL_GPIO_WritePin)
    HAL_GetTick                              0x08002533   Thumb Code     4  systemclock.o(i.HAL_GetTick)
    HAL_Init                                 0x08002539   Thumb Code    48  stm32f4xx_hal.o(i.HAL_Init)
    HAL_InitTick                             0x0800256d   Thumb Code    34  stm32f4xx_hal.o(i.HAL_InitTick)
    HAL_MspInit                              0x0800258f   Thumb Code    68  stm32f4xx_hal_msp.o(i.HAL_MspInit)
    HAL_NVIC_EnableIRQ                       0x080025d3   Thumb Code    22  stm32f4xx_hal_cortex.o(i.HAL_NVIC_EnableIRQ)
    HAL_NVIC_SetPriority                     0x080025e9   Thumb Code    60  stm32f4xx_hal_cortex.o(i.HAL_NVIC_SetPriority)
    HAL_NVIC_SetPriorityGrouping             0x08002629   Thumb Code    26  stm32f4xx_hal_cortex.o(i.HAL_NVIC_SetPriorityGrouping)
    HAL_PWREx_EnableOverDrive                0x0800264d   Thumb Code   126  stm32f4xx_hal_pwr_ex.o(i.HAL_PWREx_EnableOverDrive)
    HAL_RCC_ClockConfig                      0x080026d9   Thumb Code   312  stm32f4xx_hal_rcc.o(i.HAL_RCC_ClockConfig)
    HAL_RCC_GetHCLKFreq                      0x08002819   Thumb Code    38  stm32f4xx_hal_rcc.o(i.HAL_RCC_GetHCLKFreq)
    HAL_RCC_GetPCLK1Freq                     0x0800284d   Thumb Code    36  stm32f4xx_hal_rcc.o(i.HAL_RCC_GetPCLK1Freq)
    HAL_RCC_GetPCLK2Freq                     0x08002879   Thumb Code    36  stm32f4xx_hal_rcc.o(i.HAL_RCC_GetPCLK2Freq)
    HAL_RCC_GetSysClockFreq                  0x080028a5   Thumb Code   104  stm32f4xx_hal_rcc.o(i.HAL_RCC_GetSysClockFreq)
    HAL_RCC_OscConfig                        0x08002919   Thumb Code   722  stm32f4xx_hal_rcc.o(i.HAL_RCC_OscConfig)
    HAL_SYSTICK_CLKSourceConfig              0x08002bfd   Thumb Code    24  stm32f4xx_hal_cortex.o(i.HAL_SYSTICK_CLKSourceConfig)
    HAL_SYSTICK_Config                       0x08002c15   Thumb Code    40  stm32f4xx_hal_cortex.o(i.HAL_SYSTICK_Config)
    HAL_TIMEx_BreakCallback                  0x08002c3d   Thumb Code     2  stm32f4xx_hal_tim_ex.o(i.HAL_TIMEx_BreakCallback)
    HAL_TIMEx_CommutationCallback            0x08002c3f   Thumb Code     2  stm32f4xx_hal_tim_ex.o(i.HAL_TIMEx_CommutationCallback)
    HAL_TIMEx_ConfigBreakDeadTime            0x08002c41   Thumb Code    66  stm32f4xx_hal_tim_ex.o(i.HAL_TIMEx_ConfigBreakDeadTime)
    HAL_TIMEx_MasterConfigSynchronization    0x08002c83   Thumb Code    80  stm32f4xx_hal_tim_ex.o(i.HAL_TIMEx_MasterConfigSynchronization)
    HAL_TIM_Base_Init                        0x08002cd3   Thumb Code    54  stm32f4xx_hal_tim.o(i.HAL_TIM_Base_Init)
    HAL_TIM_Base_MspInit                     0x08002d09   Thumb Code    52  bsp_tim.o(i.HAL_TIM_Base_MspInit)
    HAL_TIM_Base_Start_IT                    0x08002d49   Thumb Code    24  stm32f4xx_hal_tim.o(i.HAL_TIM_Base_Start_IT)
    HAL_TIM_IC_CaptureCallback               0x08002d61   Thumb Code     2  stm32f4xx_hal_tim.o(i.HAL_TIM_IC_CaptureCallback)
    HAL_TIM_IRQHandler                       0x08002d63   Thumb Code   358  stm32f4xx_hal_tim.o(i.HAL_TIM_IRQHandler)
    HAL_TIM_OC_DelayElapsedCallback          0x08002ec9   Thumb Code     2  stm32f4xx_hal_tim.o(i.HAL_TIM_OC_DelayElapsedCallback)
    HAL_TIM_PWM_ConfigChannel                0x08002ecb   Thumb Code   208  stm32f4xx_hal_tim.o(i.HAL_TIM_PWM_ConfigChannel)
    HAL_TIM_PWM_Init                         0x08002f9b   Thumb Code    54  stm32f4xx_hal_tim.o(i.HAL_TIM_PWM_Init)
    HAL_TIM_PWM_MspInit                      0x08002fd1   Thumb Code    56  bsp_tim.o(i.HAL_TIM_PWM_MspInit)
    HAL_TIM_PWM_PulseFinishedCallback        0x08003015   Thumb Code     2  stm32f4xx_hal_tim.o(i.HAL_TIM_PWM_PulseFinishedCallback)
    HAL_TIM_PWM_Start                        0x08003019   Thumb Code    48  stm32f4xx_hal_tim.o(i.HAL_TIM_PWM_Start)
    HAL_TIM_PeriodElapsedCallback            0x08003051   Thumb Code    46  bsp_tim.o(i.HAL_TIM_PeriodElapsedCallback)
    HAL_TIM_TriggerCallback                  0x08003089   Thumb Code     2  stm32f4xx_hal_tim.o(i.HAL_TIM_TriggerCallback)
    HAL_UART_DMAStop                         0x0800308b   Thumb Code    52  stm32f4xx_hal_uart.o(i.HAL_UART_DMAStop)
    HAL_UART_ErrorCallback                   0x080030bf   Thumb Code     2  stm32f4xx_hal_uart.o(i.HAL_UART_ErrorCallback)
    HAL_UART_IRQHandler                      0x080030c1   Thumb Code   232  stm32f4xx_hal_uart.o(i.HAL_UART_IRQHandler)
    HAL_UART_Init                            0x080031a9   Thumb Code    98  stm32f4xx_hal_uart.o(i.HAL_UART_Init)
    HAL_UART_MspInit                         0x0800320d   Thumb Code   430  bsp_usart.o(i.HAL_UART_MspInit)
    HAL_UART_Receive_DMA                     0x080033ed   Thumb Code   106  stm32f4xx_hal_uart.o(i.HAL_UART_Receive_DMA)
    HAL_UART_RxCpltCallback                  0x08003465   Thumb Code     2  stm32f4xx_hal_uart.o(i.HAL_UART_RxCpltCallback)
    HAL_UART_RxHalfCpltCallback              0x08003467   Thumb Code     2  stm32f4xx_hal_uart.o(i.HAL_UART_RxHalfCpltCallback)
    HAL_UART_TxCpltCallback                  0x08003469   Thumb Code     2  stm32f4xx_hal_uart.o(i.HAL_UART_TxCpltCallback)
    HardFault_Handler                        0x0800346b   Thumb Code     2  stm32f4xx_it.o(i.HardFault_Handler)
    Judge_getInfo                            0x0800346d   Thumb Code   316  driver_judge.o(i.Judge_getInfo)
    Key_Combination                          0x080035b1   Thumb Code   148  user_code.o(i.Key_Combination)
    M2006_PID_Set                            0x08003655   Thumb Code    64  ctrl_rammer.o(i.M2006_PID_Set)
    M3508_PID_Set                            0x08003699   Thumb Code   180  ctrl_chassis.o(i.M3508_PID_Set)
    M6623_PID_Set                            0x08003751   Thumb Code   250  ctrl_cloud.o(i.M6623_PID_Set)
    MX_CAN1_Init                             0x08003859   Thumb Code    48  bsp_can.o(i.MX_CAN1_Init)
    MX_CAN2_Init                             0x08003891   Thumb Code    48  bsp_can.o(i.MX_CAN2_Init)
    MX_GPIO_Init                             0x080038c9   Thumb Code   508  bsp_gpio.o(i.MX_GPIO_Init)
    MX_TIM12_Init                            0x08003ae9   Thumb Code    54  bsp_tim.o(i.MX_TIM12_Init)
    MX_TIM1_Init                             0x08003b29   Thumb Code   136  bsp_tim.o(i.MX_TIM1_Init)
    MX_TIM6_Init                             0x08003bb9   Thumb Code    40  bsp_tim.o(i.MX_TIM6_Init)
    MX_TIM7_Init                             0x08003be9   Thumb Code    42  bsp_tim.o(i.MX_TIM7_Init)
    MX_UART7_Init                            0x08003c1d   Thumb Code    32  bsp_usart.o(i.MX_UART7_Init)
    MX_UART8_Init                            0x08003c45   Thumb Code    32  bsp_usart.o(i.MX_UART8_Init)
    MX_USART1_UART_Init                      0x08003c6d   Thumb Code    30  bsp_usart.o(i.MX_USART1_UART_Init)
    MX_USART2_UART_Init                      0x08003c99   Thumb Code    32  bsp_usart.o(i.MX_USART2_UART_Init)
    MX_USART3_UART_Init                      0x08003cc1   Thumb Code    32  bsp_usart.o(i.MX_USART3_UART_Init)
    MX_USART6_UART_Init                      0x08003ce9   Thumb Code    32  bsp_usart.o(i.MX_USART6_UART_Init)
    MecanumCalculate                         0x08003d11   Thumb Code   254  ctrl_chassis.o(i.MecanumCalculate)
    MemManage_Handler                        0x08003e1d   Thumb Code     2  stm32f4xx_it.o(i.MemManage_Handler)
    NMI_Handler                              0x08003e1f   Thumb Code     2  stm32f4xx_it.o(i.NMI_Handler)
    NVIC_Init                                0x08003e21   Thumb Code   294  bsp_nvic.o(i.NVIC_Init)
    PID_Init                                 0x08003f69   Thumb Code   404  user_code.o(i.PID_Init)
    PID_REST                                 0x08004141   Thumb Code   142  user_code.o(i.PID_REST)
    PID_struct_init                          0x080041e5   Thumb Code    16  driver_pid.o(i.PID_struct_init)
    Rammer_Angle                             0x080041fd   Thumb Code    90  ctrl_rammer.o(i.Rammer_Angle)
    Rammer_Param_Set                         0x08004265   Thumb Code   300  ctrl_rammer.o(i.Rammer_Param_Set)
    SysTick_Handler                          0x080043b5   Thumb Code    38  port.o(i.SysTick_Handler)
    SystemClock_Config                       0x080043e1   Thumb Code   142  systemclock.o(i.SystemClock_Config)
    SystemInit                               0x08004479   Thumb Code    66  system_stm32f4xx.o(i.SystemInit)
    TIM6_DAC_IRQHandler                      0x080044cd   Thumb Code     6  stm32f4xx_it.o(i.TIM6_DAC_IRQHandler)
    TIM7_IRQHandler                          0x080044d9   Thumb Code     6  stm32f4xx_it.o(i.TIM7_IRQHandler)
    TIM_Base_SetConfig                       0x080044e5   Thumb Code   148  stm32f4xx_hal_tim.o(i.TIM_Base_SetConfig)
    TIM_CCxChannelCmd                        0x080045a5   Thumb Code    22  stm32f4xx_hal_tim.o(i.TIM_CCxChannelCmd)
    TIM_Init                                 0x080045bd   Thumb Code    86  bsp_tim.o(i.TIM_Init)
    TIM_OC2_SetConfig                        0x08004671   Thumb Code    90  stm32f4xx_hal_tim.o(i.TIM_OC2_SetConfig)
    Task_CanSend                             0x08004785   Thumb Code    58  task_can.o(i.Task_CanSend)
    Task_Control                             0x080047cd   Thumb Code    34  task_ctrl.o(i.Task_Control)
    UART8_IRQHandler                         0x080047f1   Thumb Code    48  stm32f4xx_it.o(i.UART8_IRQHandler)
    UART_Init                                0x08004881   Thumb Code   144  bsp_usart.o(i.UART_Init)
    USART1_IRQHandler                        0x08004cc1   Thumb Code    66  stm32f4xx_it.o(i.USART1_IRQHandler)
    USART2_IRQHandler                        0x08004d15   Thumb Code    34  stm32f4xx_it.o(i.USART2_IRQHandler)
    USART3_IRQHandler                        0x08004d41   Thumb Code    60  stm32f4xx_it.o(i.USART3_IRQHandler)
    UsageFault_Handler                       0x08004d89   Thumb Code     2  stm32f4xx_it.o(i.UsageFault_Handler)
    Verify_CRC16_Check_Sum                   0x08004d8d   Thumb Code    62  driver_judge.o(i.Verify_CRC16_Check_Sum)
    _sys_exit                                0x08004dd1   Thumb Code     2  bsp_usart.o(i._sys_exit)
    abs_limit                                0x08004dd3   Thumb Code    42  driver_pid.o(i.abs_limit)
    main                                     0x08004dfd   Thumb Code    36  main.o(i.main)
    pid_calc                                 0x08004e35   Thumb Code  1232  driver_pid.o(i.pid_calc)
    pvPortMalloc                             0x08005a11   Thumb Code   210  heap_4.o(i.pvPortMalloc)
    pxPortInitialiseStack                    0x08005ae9   Thumb Code    40  port.o(i.pxPortInitialiseStack)
    start_task                               0x08005b15   Thumb Code   208  task_user.o(i.start_task)
    uxListRemove                             0x08005c4d   Thumb Code    38  list.o(i.uxListRemove)
    vListInitialise                          0x08005c73   Thumb Code    22  list.o(i.vListInitialise)
    vListInitialiseItem                      0x08005c89   Thumb Code     6  list.o(i.vListInitialiseItem)
    vListInsert                              0x08005c8f   Thumb Code    48  list.o(i.vListInsert)
    vListInsertEnd                           0x08005cbf   Thumb Code    24  list.o(i.vListInsertEnd)
    vPortEnterCritical                       0x08005cd9   Thumb Code    54  port.o(i.vPortEnterCritical)
    vPortExitCritical                        0x08005d19   Thumb Code    34  port.o(i.vPortExitCritical)
    vPortFree                                0x08005d41   Thumb Code    88  heap_4.o(i.vPortFree)
    vPortSetupTimerInterrupt                 0x08005d9d   Thumb Code    32  port.o(i.vPortSetupTimerInterrupt)
    vPortValidateInterruptPriority           0x08005dc1   Thumb Code    74  port.o(i.vPortValidateInterruptPriority)
    vQueueAddToRegistry                      0x08005e15   Thumb Code    34  queue.o(i.vQueueAddToRegistry)
    vQueueWaitForMessageRestricted           0x08005e3d   Thumb Code    68  queue.o(i.vQueueWaitForMessageRestricted)
    vTaskDelay                               0x08005e81   Thumb Code    66  tasks.o(i.vTaskDelay)
    vTaskDelayUntil                          0x08005ecd   Thumb Code   132  tasks.o(i.vTaskDelayUntil)
    vTaskDelete                              0x08005f59   Thumb Code   158  tasks.o(i.vTaskDelete)
    vTaskInternalSetTimeOutState             0x08006005   Thumb Code    12  tasks.o(i.vTaskInternalSetTimeOutState)
    vTaskMissedYield                         0x08006015   Thumb Code     8  tasks.o(i.vTaskMissedYield)
    vTaskPlaceOnEventList                    0x08006021   Thumb Code    44  tasks.o(i.vTaskPlaceOnEventList)
    vTaskPlaceOnEventListRestricted          0x08006051   Thumb Code    52  tasks.o(i.vTaskPlaceOnEventListRestricted)
    vTaskStartScheduler                      0x08006089   Thumb Code    94  tasks.o(i.vTaskStartScheduler)
    vTaskSuspendAll                          0x080060f9   Thumb Code    10  tasks.o(i.vTaskSuspendAll)
    vTaskSwitchContext                       0x08006109   Thumb Code    82  tasks.o(i.vTaskSwitchContext)
    xPortStartScheduler                      0x08006165   Thumb Code   222  port.o(i.xPortStartScheduler)
    xQueueGenericCreate                      0x08006259   Thumb Code    82  queue.o(i.xQueueGenericCreate)
    xQueueGenericReset                       0x080062ad   Thumb Code   132  queue.o(i.xQueueGenericReset)
    xQueueGenericSend                        0x08006335   Thumb Code   346  queue.o(i.xQueueGenericSend)
    xQueueGenericSendFromISR                 0x08006495   Thumb Code   188  queue.o(i.xQueueGenericSendFromISR)
    xQueueReceive                            0x08006551   Thumb Code   308  queue.o(i.xQueueReceive)
    xTaskCheckForTimeOut                     0x08006689   Thumb Code   112  tasks.o(i.xTaskCheckForTimeOut)
    xTaskCreate                              0x080066fd   Thumb Code    86  tasks.o(i.xTaskCreate)
    xTaskGetSchedulerState                   0x08006755   Thumb Code    22  tasks.o(i.xTaskGetSchedulerState)
    xTaskGetTickCount                        0x08006771   Thumb Code     6  tasks.o(i.xTaskGetTickCount)
    xTaskIncrementTick                       0x0800677d   Thumb Code   192  tasks.o(i.xTaskIncrementTick)
    xTaskPriorityDisinherit                  0x08006845   Thumb Code   144  tasks.o(i.xTaskPriorityDisinherit)
    xTaskRemoveFromEventList                 0x080068dd   Thumb Code   108  tasks.o(i.xTaskRemoveFromEventList)
    xTaskResumeAll                           0x08006951   Thumb Code   182  tasks.o(i.xTaskResumeAll)
    xTimerCreateTimerTask                    0x08006a15   Thumb Code    58  timers.o(i.xTimerCreateTimerTask)
    xTimerGenericCommand                     0x08006a61   Thumb Code    92  timers.o(i.xTimerGenericCommand)
    __aeabi_d2f                              0x08006ac1   Thumb Code     0  d2f.o(x$fpl$d2f)
    _d2f                                     0x08006ac1   Thumb Code    98  d2f.o(x$fpl$d2f)
    __aeabi_dadd                             0x08006b25   Thumb Code     0  daddsub_clz.o(x$fpl$dadd)
    _dadd                                    0x08006b25   Thumb Code   332  daddsub_clz.o(x$fpl$dadd)
    __aeabi_i2d                              0x08006c75   Thumb Code     0  dflt_clz.o(x$fpl$dflt)
    _dflt                                    0x08006c75   Thumb Code    46  dflt_clz.o(x$fpl$dflt)
    __aeabi_dmul                             0x08006ca5   Thumb Code     0  dmul.o(x$fpl$dmul)
    _dmul                                    0x08006ca5   Thumb Code   332  dmul.o(x$fpl$dmul)
    __fpl_dnaninf                            0x08006df9   Thumb Code   156  dnaninf.o(x$fpl$dnaninf)
    __fpl_dretinf                            0x08006e95   Thumb Code    12  dretinf.o(x$fpl$dretinf)
    __aeabi_dsub                             0x08006ea1   Thumb Code     0  daddsub_clz.o(x$fpl$dsub)
    _dsub                                    0x08006ea1   Thumb Code   464  daddsub_clz.o(x$fpl$dsub)
    __aeabi_f2d                              0x08007075   Thumb Code     0  f2d.o(x$fpl$f2d)
    _f2d                                     0x08007075   Thumb Code    86  f2d.o(x$fpl$f2d)
    __fpl_fnaninf                            0x080070cb   Thumb Code   140  fnaninf.o(x$fpl$fnaninf)
    _fp_init                                 0x08007157   Thumb Code    10  fpinit.o(x$fpl$fpinit)
    __fplib_config_fpu_vfp                   0x0800715f   Thumb Code     0  fpinit.o(x$fpl$fpinit)
    __fplib_config_pureend_doubles           0x0800715f   Thumb Code     0  fpinit.o(x$fpl$fpinit)
    __fpl_fretinf                            0x08007161   Thumb Code    10  fretinf.o(x$fpl$fretinf)
    APBAHBPrescTable                         0x0800716a   Data          16  stm32f4xx_hal_rcc.o(.constdata)
    __I$use$fp                               0x0800716a   Number         0  usenofp.o(x$fpl$usenofp)
    Rammer_Max_Angle                         0x08007184   Data           4  ctrl_rammer.o(.constdata)
    CRC8_TAB                                 0x08007188   Data         256  driver_judge.o(.constdata)
    wCRC_Table                               0x08007288   Data         512  driver_judge.o(.constdata)
    Region$$Table$$Base                      0x08007488   Number         0  anon$$obj.o(Region$$Table)
    Region$$Table$$Limit                     0x080074a8   Number         0  anon$$obj.o(Region$$Table)
    pxCurrentTCB                             0x20000024   Data           4  tasks.o(.data)
    SystemCoreClock                          0x20000074   Data           4  system_stm32f4xx.o(.data)
    Game_Mode                                0x20000078   Data           1  user_code.o(.data)
    Control_Mode                             0x20000079   Data           1  user_code.o(.data)
    Speed_Mode                               0x2000007a   Data           1  user_code.o(.data)
    Frict_OFF                                0x20000090   Data           1  ctrl_frict.o(.data)
    FRICT_SPEED                              0x20000092   Data           2  ctrl_frict.o(.data)
    Shoot                                    0x20000096   Data           6  ctrl_rammer.o(.data)
    DBUSFrameCounter                         0x2000009c   Data           1  driver_dbus.o(.data)
    DBUSFrameRate                            0x2000009d   Data           1  driver_dbus.o(.data)
    DBUSConnectStatus                        0x2000009e   Data           1  driver_dbus.o(.data)
    Judge_GameResult                         0x200000a1   Data           1  driver_judge.o(.data)
    CRC_INIT                                 0x200000a2   Data           2  driver_judge.o(.data)
    Judge_RobotHurt                          0x200000a4   Data           2  driver_judge.o(.data)
    wExpected                                0x200000a6   Data           2  driver_judge.o(.data)
    Judge_RFIDCard                           0x200000a8   Data           3  driver_judge.o(.data)
    Judge_GetBuff                            0x200000ab   Data           3  driver_judge.o(.data)
    Judge_ShootData                          0x200000ae   Data           7  driver_judge.o(.data)
    CAP_OFF                                  0x200000b5   Data           1  driver_supcap.o(.data)
    Sup_Cap                                  0x200000b6   Data           1  driver_supcap.o(.data)
    ERror                                    0x200000bc   Data           2  driver_gyro.o(.data)
    StartTask_Handler                        0x200000c4   Data           4  task_user.o(.data)
    Control_Mode_TaskHandler                 0x200000c8   Data           4  task_user.o(.data)
    Frame_Rate_TaskHandler                   0x200000cc   Data           4  task_user.o(.data)
    Task_CanSendHandler                      0x200000d0   Data           4  task_user.o(.data)
    Task_ControlHandler                      0x200000d4   Data           4  task_user.o(.data)
    Queue_CanSend                            0x200000d8   Data           4  task_can.o(.data)
    xQueueRegistry                           0x20012ce0   Data          64  queue.o(.bss)
    ChassisParam                             0x20012e40   Data        1164  ctrl_chassis.o(.bss)
    CloudParam                               0x200132ec   Data        1092  ctrl_cloud.o(.bss)
    M2006                                    0x20013730   Data         252  ctrl_rammer.o(.bss)
    DBUSBuffer                               0x2001382c   Data          19  driver_dbus.o(.bss)
    DBUS_ReceiveData                         0x20013840   Data          24  driver_dbus.o(.bss)
    LASTDBUS_ReceiveData                     0x20013858   Data          24  driver_dbus.o(.bss)
    JudgeSystem_rxBuff                       0x20013870   Data         150  driver_judge.o(.bss)
    Judge_RobotStatus                        0x20013906   Data          10  driver_judge.o(.bss)
    Judge_PowerHeatData                      0x20013910   Data          24  driver_judge.o(.bss)
    Judge_RobotPos                           0x20013928   Data          20  driver_judge.o(.bss)
    Judge_SendData                           0x2001393c   Data          20  driver_judge.o(.bss)
    Cloud_Gyro_Data                          0x20013950   Data          20  driver_gyro.o(.bss)
    Chassis_Gyro_Data                        0x20013964   Data          20  driver_gyro.o(.bss)
    hcan1                                    0x200139f8   Data          64  bsp_can.o(.bss)
    hcan2                                    0x20013a38   Data          64  bsp_can.o(.bss)
    htim1                                    0x20013a78   Data          60  bsp_tim.o(.bss)
    htim6                                    0x20013ab4   Data          60  bsp_tim.o(.bss)
    htim7                                    0x20013af0   Data          60  bsp_tim.o(.bss)
    htim12                                   0x20013b2c   Data          60  bsp_tim.o(.bss)
    huart7                                   0x20013b68   Data          64  bsp_usart.o(.bss)
    huart8                                   0x20013ba8   Data          64  bsp_usart.o(.bss)
    huart1                                   0x20013be8   Data          64  bsp_usart.o(.bss)
    huart2                                   0x20013c28   Data          64  bsp_usart.o(.bss)
    huart3                                   0x20013c68   Data          64  bsp_usart.o(.bss)
    huart6                                   0x20013ca8   Data          64  bsp_usart.o(.bss)
    hdma_uart7_rx                            0x20013ce8   Data          88  bsp_usart.o(.bss)
    hdma_uart8_rx                            0x20013d40   Data          88  bsp_usart.o(.bss)
    hdma_usart1_rx                           0x20013d98   Data          88  bsp_usart.o(.bss)
    hdma_usart2_rx                           0x20013df0   Data          88  bsp_usart.o(.bss)
    hdma_usart3_rx                           0x20013e48   Data          88  bsp_usart.o(.bss)
    hdma_usart3_tx                           0x20013ea0   Data          88  bsp_usart.o(.bss)
    hdma_usart6_rx                           0x20013ef8   Data          88  bsp_usart.o(.bss)
    hdma_usart6_tx                           0x20013f50   Data          88  bsp_usart.o(.bss)
    __libspace_start                         0x20013fa8   Data          96  libspace.o(.bss)
    __temporary_stack_top$libspace           0x20014008   Data           0  libspace.o(.bss)



==============================================================================

Memory Map of the image

  Image Entry point : 0x080001ad

  Load Region LR_IROM1 (Base: 0x08000000, Size: 0x00007588, Max: 0x00200000, ABSOLUTE)

    Execution Region ER_IROM1 (Exec base: 0x08000000, Load base: 0x08000000, Size: 0x000074a8, Max: 0x00200000, ABSOLUTE)

    Exec Addr    Load Addr    Size         Type   Attr      Idx    E Section Name        Object

    0x08000000   0x08000000   0x000001ac   Data   RO         5776    RESET               startup_stm32f427xx.o
    0x080001ac   0x080001ac   0x00000008   Code   RO         5801  * !!!main             c_w.l(__main.o)
    0x080001b4   0x080001b4   0x00000034   Code   RO         5995    !!!scatter          c_w.l(__scatter.o)
    0x080001e8   0x080001e8   0x0000001a   Code   RO         5997    !!handler_copy      c_w.l(__scatter_copy.o)
    0x08000202   0x08000202   0x00000002   PAD
    0x08000204   0x08000204   0x0000001c   Code   RO         5999    !!handler_zi        c_w.l(__scatter_zi.o)
    0x08000220   0x08000220   0x00000002   Code   RO         5869    .ARM.Collect$$libinit$$00000000  c_w.l(libinit.o)
    0x08000222   0x08000222   0x00000004   Code   RO         5875    .ARM.Collect$$libinit$$00000001  c_w.l(libinit2.o)
    0x08000226   0x08000226   0x00000000   Code   RO         5878    .ARM.Collect$$libinit$$00000004  c_w.l(libinit2.o)
    0x08000226   0x08000226   0x00000000   Code   RO         5881    .ARM.Collect$$libinit$$0000000A  c_w.l(libinit2.o)
    0x08000226   0x08000226   0x00000000   Code   RO         5883    .ARM.Collect$$libinit$$0000000C  c_w.l(libinit2.o)
    0x08000226   0x08000226   0x00000000   Code   RO         5885    .ARM.Collect$$libinit$$0000000E  c_w.l(libinit2.o)
    0x08000226   0x08000226   0x00000000   Code   RO         5888    .ARM.Collect$$libinit$$00000011  c_w.l(libinit2.o)
    0x08000226   0x08000226   0x00000000   Code   RO         5890    .ARM.Collect$$libinit$$00000013  c_w.l(libinit2.o)
    0x08000226   0x08000226   0x00000000   Code   RO         5892    .ARM.Collect$$libinit$$00000015  c_w.l(libinit2.o)
    0x08000226   0x08000226   0x00000000   Code   RO         5894    .ARM.Collect$$libinit$$00000017  c_w.l(libinit2.o)
    0x08000226   0x08000226   0x00000000   Code   RO         5896    .ARM.Collect$$libinit$$00000019  c_w.l(libinit2.o)
    0x08000226   0x08000226   0x00000000   Code   RO         5898    .ARM.Collect$$libinit$$0000001B  c_w.l(libinit2.o)
    0x08000226   0x08000226   0x00000000   Code   RO         5900    .ARM.Collect$$libinit$$0000001D  c_w.l(libinit2.o)
    0x08000226   0x08000226   0x00000000   Code   RO         5902    .ARM.Collect$$libinit$$0000001F  c_w.l(libinit2.o)
    0x08000226   0x08000226   0x00000000   Code   RO         5904    .ARM.Collect$$libinit$$00000021  c_w.l(libinit2.o)
    0x08000226   0x08000226   0x00000000   Code   RO         5906    .ARM.Collect$$libinit$$00000023  c_w.l(libinit2.o)
    0x08000226   0x08000226   0x00000000   Code   RO         5908    .ARM.Collect$$libinit$$00000025  c_w.l(libinit2.o)
    0x08000226   0x08000226   0x00000000   Code   RO         5912    .ARM.Collect$$libinit$$0000002C  c_w.l(libinit2.o)
    0x08000226   0x08000226   0x00000000   Code   RO         5914    .ARM.Collect$$libinit$$0000002E  c_w.l(libinit2.o)
    0x08000226   0x08000226   0x00000000   Code   RO         5916    .ARM.Collect$$libinit$$00000030  c_w.l(libinit2.o)
    0x08000226   0x08000226   0x00000000   Code   RO         5918    .ARM.Collect$$libinit$$00000032  c_w.l(libinit2.o)
    0x08000226   0x08000226   0x00000002   Code   RO         5919    .ARM.Collect$$libinit$$00000033  c_w.l(libinit2.o)
    0x08000228   0x08000228   0x00000002   Code   RO         5937    .ARM.Collect$$libshutdown$$00000000  c_w.l(libshutdown.o)
    0x0800022a   0x0800022a   0x00000000   Code   RO         5947    .ARM.Collect$$libshutdown$$00000002  c_w.l(libshutdown2.o)
    0x0800022a   0x0800022a   0x00000000   Code   RO         5949    .ARM.Collect$$libshutdown$$00000004  c_w.l(libshutdown2.o)
    0x0800022a   0x0800022a   0x00000000   Code   RO         5952    .ARM.Collect$$libshutdown$$00000007  c_w.l(libshutdown2.o)
    0x0800022a   0x0800022a   0x00000000   Code   RO         5955    .ARM.Collect$$libshutdown$$0000000A  c_w.l(libshutdown2.o)
    0x0800022a   0x0800022a   0x00000000   Code   RO         5957    .ARM.Collect$$libshutdown$$0000000C  c_w.l(libshutdown2.o)
    0x0800022a   0x0800022a   0x00000000   Code   RO         5960    .ARM.Collect$$libshutdown$$0000000F  c_w.l(libshutdown2.o)
    0x0800022a   0x0800022a   0x00000002   Code   RO         5961    .ARM.Collect$$libshutdown$$00000010  c_w.l(libshutdown2.o)
    0x0800022c   0x0800022c   0x00000000   Code   RO         5823    .ARM.Collect$$rtentry$$00000000  c_w.l(__rtentry.o)
    0x0800022c   0x0800022c   0x00000000   Code   RO         5838    .ARM.Collect$$rtentry$$00000002  c_w.l(__rtentry2.o)
    0x0800022c   0x0800022c   0x00000006   Code   RO         5850    .ARM.Collect$$rtentry$$00000004  c_w.l(__rtentry4.o)
    0x08000232   0x08000232   0x00000000   Code   RO         5840    .ARM.Collect$$rtentry$$00000009  c_w.l(__rtentry2.o)
    0x08000232   0x08000232   0x00000004   Code   RO         5841    .ARM.Collect$$rtentry$$0000000A  c_w.l(__rtentry2.o)
    0x08000236   0x08000236   0x00000000   Code   RO         5843    .ARM.Collect$$rtentry$$0000000C  c_w.l(__rtentry2.o)
    0x08000236   0x08000236   0x00000008   Code   RO         5844    .ARM.Collect$$rtentry$$0000000D  c_w.l(__rtentry2.o)
    0x0800023e   0x0800023e   0x00000002   Code   RO         5873    .ARM.Collect$$rtexit$$00000000  c_w.l(rtexit.o)
    0x08000240   0x08000240   0x00000000   Code   RO         5921    .ARM.Collect$$rtexit$$00000002  c_w.l(rtexit2.o)
    0x08000240   0x08000240   0x00000004   Code   RO         5922    .ARM.Collect$$rtexit$$00000003  c_w.l(rtexit2.o)
    0x08000244   0x08000244   0x00000006   Code   RO         5923    .ARM.Collect$$rtexit$$00000004  c_w.l(rtexit2.o)
    0x0800024a   0x0800024a   0x00000002   PAD
    0x0800024c   0x0800024c   0x000000be   Code   RO           89    .emb_text           port.o
    0x0800030a   0x0800030a   0x00000002   PAD
    0x0800030c   0x0800030c   0x00000040   Code   RO         5777    .text               startup_stm32f427xx.o
    0x0800034c   0x0800034c   0x00000002   Code   RO         5783    .text               c_w.l(use_no_semi_2.o)
    0x0800034e   0x0800034e   0x0000008a   Code   RO         5789    .text               c_w.l(rt_memcpy_v6.o)
    0x080003d8   0x080003d8   0x00000064   Code   RO         5791    .text               c_w.l(rt_memcpy_w.o)
    0x0800043c   0x0800043c   0x00000010   Code   RO         5795    .text               c_w.l(aeabi_memset.o)
    0x0800044c   0x0800044c   0x0000004e   Code   RO         5797    .text               c_w.l(rt_memclr_w.o)
    0x0800049a   0x0800049a   0x00000006   Code   RO         5799    .text               c_w.l(heapauxi.o)
    0x080004a0   0x080004a0   0x00000002   Code   RO         5821    .text               c_w.l(use_no_semi.o)
    0x080004a2   0x080004a2   0x00000044   Code   RO         5826    .text               c_w.l(rt_memclr.o)
    0x080004e6   0x080004e6   0x0000004a   Code   RO         5858    .text               c_w.l(sys_stackheap_outer.o)
    0x08000530   0x08000530   0x00000012   Code   RO         5862    .text               c_w.l(exit.o)
    0x08000542   0x08000542   0x00000002   PAD
    0x08000544   0x08000544   0x00000008   Code   RO         5870    .text               c_w.l(libspace.o)
    0x0800054c   0x0800054c   0x000000a8   Code   RO         5272    i.Analysis_Cloud_Gyro  driver_gyro.o
    0x080005f4   0x080005f4   0x00000138   Code   RO         5429    i.Analysis_RM_Can   bsp_can.o
    0x0800072c   0x0800072c   0x00000002   Code   RO         4410    i.BusFault_Handler  stm32f4xx_it.o
    0x0800072e   0x0800072e   0x00000002   PAD
    0x08000730   0x08000730   0x0000000c   Code   RO         4411    i.CAN1_RX0_IRQHandler  stm32f4xx_it.o
    0x0800073c   0x0800073c   0x0000000c   Code   RO         4412    i.CAN1_TX_IRQHandler  stm32f4xx_it.o
    0x08000748   0x08000748   0x0000000c   Code   RO         4413    i.CAN2_RX0_IRQHandler  stm32f4xx_it.o
    0x08000754   0x08000754   0x0000000c   Code   RO         4414    i.CAN2_TX_IRQHandler  stm32f4xx_it.o
    0x08000760   0x08000760   0x00000078   Code   RO         5430    i.CAN_Init          bsp_can.o
    0x080007d8   0x080007d8   0x00000128   Code   RO         1432    i.CAN_Receive_IT    stm32f4xx_hal_can.o
    0x08000900   0x08000900   0x00000060   Code   RO         1433    i.CAN_Transmit_IT   stm32f4xx_hal_can.o
    0x08000960   0x08000960   0x00000054   Code   RO         4679    i.Chassis_Current_Set  ctrl_chassis.o
    0x080009b4   0x080009b4   0x00000598   Code   RO         4680    i.Chassis_Param_Set  ctrl_chassis.o
    0x08000f4c   0x08000f4c   0x00000054   Code   RO         4734    i.Cloud_Current_Set  ctrl_cloud.o
    0x08000fa0   0x08000fa0   0x0000068c   Code   RO         4735    i.Cloud_Param_Set   ctrl_cloud.o
    0x0800162c   0x0800162c   0x000000e8   Code   RO         4606    i.Control_Mode_Set  user_code.o
    0x08001714   0x08001714   0x0000000c   Code   RO         5369    i.Control_Mode_Task  task_ctrl.o
    0x08001720   0x08001720   0x00000014   Code   RO         4905    i.DBUS_CheckPush    driver_dbus.o
    0x08001734   0x08001734   0x00000088   Code   RO         4906    i.DBUS_DataDecoding  driver_dbus.o
    0x080017bc   0x080017bc   0x0000000c   Code   RO         4415    i.DMA1_Stream1_IRQHandler  stm32f4xx_it.o
    0x080017c8   0x080017c8   0x0000000c   Code   RO         4416    i.DMA1_Stream3_IRQHandler  stm32f4xx_it.o
    0x080017d4   0x080017d4   0x0000000c   Code   RO         4417    i.DMA1_Stream4_IRQHandler  stm32f4xx_it.o
    0x080017e0   0x080017e0   0x0000000c   Code   RO         4418    i.DMA1_Stream5_IRQHandler  stm32f4xx_it.o
    0x080017ec   0x080017ec   0x0000000c   Code   RO         4419    i.DMA1_Stream6_IRQHandler  stm32f4xx_it.o
    0x080017f8   0x080017f8   0x0000000c   Code   RO         4420    i.DMA2_Stream1_IRQHandler  stm32f4xx_it.o
    0x08001804   0x08001804   0x0000000c   Code   RO         4421    i.DMA2_Stream2_IRQHandler  stm32f4xx_it.o
    0x08001810   0x08001810   0x0000000c   Code   RO         4422    i.DMA2_Stream6_IRQHandler  stm32f4xx_it.o
    0x0800181c   0x0800181c   0x00000028   Code   RO         4117    i.DMA_CalcBaseAndBitshift  stm32f4xx_hal_dma.o
    0x08001844   0x08001844   0x00000028   Code   RO         4118    i.DMA_SetConfig     stm32f4xx_hal_dma.o
    0x0800186c   0x0800186c   0x00000002   Code   RO         4423    i.DebugMon_Handler  stm32f4xx_it.o
    0x0800186e   0x0800186e   0x0000001a   Code   RO         4607    i.Filters           user_code.o
    0x08001888   0x08001888   0x000000e0   Code   RO         4608    i.Frame_Rate_Statistics  user_code.o
    0x08001968   0x08001968   0x0000000c   Code   RO         5316    i.Frame_Rate_Task   task_user.o
    0x08001974   0x08001974   0x00000098   Code   RO         4782    i.Frict_Param_Set   ctrl_frict.o
    0x08001a0c   0x08001a0c   0x00000064   Code   RO         5496    i.GPIO_Init         bsp_gpio.o
    0x08001a70   0x08001a70   0x0000002c   Code   RO         4968    i.Get_CRC16_Check_Sum  driver_judge.o
    0x08001a9c   0x08001a9c   0x000000e4   Code   RO         1434    i.HAL_CAN_ConfigFilter  stm32f4xx_hal_can.o
    0x08001b80   0x08001b80   0x00000002   Code   RO         1436    i.HAL_CAN_ErrorCallback  stm32f4xx_hal_can.o
    0x08001b82   0x08001b82   0x00000002   PAD
    0x08001b84   0x08001b84   0x00000180   Code   RO         1439    i.HAL_CAN_IRQHandler  stm32f4xx_hal_can.o
    0x08001d04   0x08001d04   0x00000148   Code   RO         1440    i.HAL_CAN_Init      stm32f4xx_hal_can.o
    0x08001e4c   0x08001e4c   0x00000088   Code   RO         5432    i.HAL_CAN_MspInit   bsp_can.o
    0x08001ed4   0x08001ed4   0x00000034   Code   RO         5433    i.HAL_CAN_RxCpltCallback  bsp_can.o
    0x08001f08   0x08001f08   0x00000194   Code   RO         1447    i.HAL_CAN_Transmit  stm32f4xx_hal_can.o
    0x0800209c   0x0800209c   0x00000002   Code   RO         1449    i.HAL_CAN_TxCpltCallback  stm32f4xx_hal_can.o
    0x0800209e   0x0800209e   0x00000002   PAD
    0x080020a0   0x080020a0   0x00000054   Code   RO         4119    i.HAL_DMA_Abort     stm32f4xx_hal_dma.o
    0x080020f4   0x080020f4   0x000001a0   Code   RO         4123    i.HAL_DMA_IRQHandler  stm32f4xx_hal_dma.o
    0x08002294   0x08002294   0x00000078   Code   RO         4124    i.HAL_DMA_Init      stm32f4xx_hal_dma.o
    0x0800230c   0x0800230c   0x0000004e   Code   RO         4127    i.HAL_DMA_Start_IT  stm32f4xx_hal_dma.o
    0x0800235a   0x0800235a   0x00000002   PAD
    0x0800235c   0x0800235c   0x000001cc   Code   RO         1965    i.HAL_GPIO_Init     stm32f4xx_hal_gpio.o
    0x08002528   0x08002528   0x0000000a   Code   RO         1969    i.HAL_GPIO_WritePin  stm32f4xx_hal_gpio.o
    0x08002532   0x08002532   0x00000004   Code   RO         4576    i.HAL_GetTick       systemclock.o
    0x08002536   0x08002536   0x00000002   PAD
    0x08002538   0x08002538   0x00000034   Code   RO         1286    i.HAL_Init          stm32f4xx_hal.o
    0x0800256c   0x0800256c   0x00000022   Code   RO         1287    i.HAL_InitTick      stm32f4xx_hal.o
    0x0800258e   0x0800258e   0x00000044   Code   RO         4386    i.HAL_MspInit       stm32f4xx_hal_msp.o
    0x080025d2   0x080025d2   0x00000016   Code   RO         1565    i.HAL_NVIC_EnableIRQ  stm32f4xx_hal_cortex.o
    0x080025e8   0x080025e8   0x00000040   Code   RO         1571    i.HAL_NVIC_SetPriority  stm32f4xx_hal_cortex.o
    0x08002628   0x08002628   0x00000024   Code   RO         1572    i.HAL_NVIC_SetPriorityGrouping  stm32f4xx_hal_cortex.o
    0x0800264c   0x0800264c   0x0000008c   Code   RO         4206    i.HAL_PWREx_EnableOverDrive  stm32f4xx_hal_pwr_ex.o
    0x080026d8   0x080026d8   0x00000140   Code   RO         2571    i.HAL_RCC_ClockConfig  stm32f4xx_hal_rcc.o
    0x08002818   0x08002818   0x00000034   Code   RO         2576    i.HAL_RCC_GetHCLKFreq  stm32f4xx_hal_rcc.o
    0x0800284c   0x0800284c   0x0000002c   Code   RO         2578    i.HAL_RCC_GetPCLK1Freq  stm32f4xx_hal_rcc.o
    0x08002878   0x08002878   0x0000002c   Code   RO         2579    i.HAL_RCC_GetPCLK2Freq  stm32f4xx_hal_rcc.o
    0x080028a4   0x080028a4   0x00000074   Code   RO         2580    i.HAL_RCC_GetSysClockFreq  stm32f4xx_hal_rcc.o
    0x08002918   0x08002918   0x000002e4   Code   RO         2583    i.HAL_RCC_OscConfig  stm32f4xx_hal_rcc.o
    0x08002bfc   0x08002bfc   0x00000018   Code   RO         1574    i.HAL_SYSTICK_CLKSourceConfig  stm32f4xx_hal_cortex.o
    0x08002c14   0x08002c14   0x00000028   Code   RO         1576    i.HAL_SYSTICK_Config  stm32f4xx_hal_cortex.o
    0x08002c3c   0x08002c3c   0x00000002   Code   RO         3342    i.HAL_TIMEx_BreakCallback  stm32f4xx_hal_tim_ex.o
    0x08002c3e   0x08002c3e   0x00000002   Code   RO         3343    i.HAL_TIMEx_CommutationCallback  stm32f4xx_hal_tim_ex.o
    0x08002c40   0x08002c40   0x00000042   Code   RO         3344    i.HAL_TIMEx_ConfigBreakDeadTime  stm32f4xx_hal_tim_ex.o
    0x08002c82   0x08002c82   0x00000050   Code   RO         3359    i.HAL_TIMEx_MasterConfigSynchronization  stm32f4xx_hal_tim_ex.o
    0x08002cd2   0x08002cd2   0x00000036   Code   RO         2713    i.HAL_TIM_Base_Init  stm32f4xx_hal_tim.o
    0x08002d08   0x08002d08   0x00000040   Code   RO         5527    i.HAL_TIM_Base_MspInit  bsp_tim.o
    0x08002d48   0x08002d48   0x00000018   Code   RO         2718    i.HAL_TIM_Base_Start_IT  stm32f4xx_hal_tim.o
    0x08002d60   0x08002d60   0x00000002   Code   RO         2742    i.HAL_TIM_IC_CaptureCallback  stm32f4xx_hal_tim.o
    0x08002d62   0x08002d62   0x00000166   Code   RO         2755    i.HAL_TIM_IRQHandler  stm32f4xx_hal_tim.o
    0x08002ec8   0x08002ec8   0x00000002   Code   RO         2758    i.HAL_TIM_OC_DelayElapsedCallback  stm32f4xx_hal_tim.o
    0x08002eca   0x08002eca   0x000000d0   Code   RO         2779    i.HAL_TIM_PWM_ConfigChannel  stm32f4xx_hal_tim.o
    0x08002f9a   0x08002f9a   0x00000036   Code   RO         2782    i.HAL_TIM_PWM_Init  stm32f4xx_hal_tim.o
    0x08002fd0   0x08002fd0   0x00000044   Code   RO         5530    i.HAL_TIM_PWM_MspInit  bsp_tim.o
    0x08003014   0x08003014   0x00000002   Code   RO         2785    i.HAL_TIM_PWM_PulseFinishedCallback  stm32f4xx_hal_tim.o
    0x08003016   0x08003016   0x00000002   PAD
    0x08003018   0x08003018   0x00000038   Code   RO         2786    i.HAL_TIM_PWM_Start  stm32f4xx_hal_tim.o
    0x08003050   0x08003050   0x00000038   Code   RO         5531    i.HAL_TIM_PeriodElapsedCallback  bsp_tim.o
    0x08003088   0x08003088   0x00000002   Code   RO         2796    i.HAL_TIM_TriggerCallback  stm32f4xx_hal_tim.o
    0x0800308a   0x0800308a   0x00000034   Code   RO         3890    i.HAL_UART_DMAStop  stm32f4xx_hal_uart.o
    0x080030be   0x080030be   0x00000002   Code   RO         3892    i.HAL_UART_ErrorCallback  stm32f4xx_hal_uart.o
    0x080030c0   0x080030c0   0x000000e8   Code   RO         3895    i.HAL_UART_IRQHandler  stm32f4xx_hal_uart.o
    0x080031a8   0x080031a8   0x00000062   Code   RO         3896    i.HAL_UART_Init     stm32f4xx_hal_uart.o
    0x0800320a   0x0800320a   0x00000002   PAD
    0x0800320c   0x0800320c   0x000001e0   Code   RO         5617    i.HAL_UART_MspInit  bsp_usart.o
    0x080033ec   0x080033ec   0x00000078   Code   RO         3900    i.HAL_UART_Receive_DMA  stm32f4xx_hal_uart.o
    0x08003464   0x08003464   0x00000002   Code   RO         3902    i.HAL_UART_RxCpltCallback  stm32f4xx_hal_uart.o
    0x08003466   0x08003466   0x00000002   Code   RO         3903    i.HAL_UART_RxHalfCpltCallback  stm32f4xx_hal_uart.o
    0x08003468   0x08003468   0x00000002   Code   RO         3907    i.HAL_UART_TxCpltCallback  stm32f4xx_hal_uart.o
    0x0800346a   0x0800346a   0x00000002   Code   RO         4424    i.HardFault_Handler  stm32f4xx_it.o
    0x0800346c   0x0800346c   0x00000144   Code   RO         4970    i.Judge_getInfo     driver_judge.o
    0x080035b0   0x080035b0   0x000000a4   Code   RO         4610    i.Key_Combination   user_code.o
    0x08003654   0x08003654   0x00000044   Code   RO         4812    i.M2006_PID_Set     ctrl_rammer.o
    0x08003698   0x08003698   0x000000b8   Code   RO         4681    i.M3508_PID_Set     ctrl_chassis.o
    0x08003750   0x08003750   0x00000108   Code   RO         4736    i.M6623_PID_Set     ctrl_cloud.o
    0x08003858   0x08003858   0x00000038   Code   RO         5434    i.MX_CAN1_Init      bsp_can.o
    0x08003890   0x08003890   0x00000038   Code   RO         5435    i.MX_CAN2_Init      bsp_can.o
    0x080038c8   0x080038c8   0x00000220   Code   RO         5497    i.MX_GPIO_Init      bsp_gpio.o
    0x08003ae8   0x08003ae8   0x00000040   Code   RO         5532    i.MX_TIM12_Init     bsp_tim.o
    0x08003b28   0x08003b28   0x00000090   Code   RO         5533    i.MX_TIM1_Init      bsp_tim.o
    0x08003bb8   0x08003bb8   0x00000030   Code   RO         5534    i.MX_TIM6_Init      bsp_tim.o
    0x08003be8   0x08003be8   0x00000034   Code   RO         5535    i.MX_TIM7_Init      bsp_tim.o
    0x08003c1c   0x08003c1c   0x00000028   Code   RO         5618    i.MX_UART7_Init     bsp_usart.o
    0x08003c44   0x08003c44   0x00000028   Code   RO         5619    i.MX_UART8_Init     bsp_usart.o
    0x08003c6c   0x08003c6c   0x0000002c   Code   RO         5620    i.MX_USART1_UART_Init  bsp_usart.o
    0x08003c98   0x08003c98   0x00000028   Code   RO         5621    i.MX_USART2_UART_Init  bsp_usart.o
    0x08003cc0   0x08003cc0   0x00000028   Code   RO         5622    i.MX_USART3_UART_Init  bsp_usart.o
    0x08003ce8   0x08003ce8   0x00000028   Code   RO         5623    i.MX_USART6_UART_Init  bsp_usart.o
    0x08003d10   0x08003d10   0x0000010c   Code   RO         4682    i.MecanumCalculate  ctrl_chassis.o
    0x08003e1c   0x08003e1c   0x00000002   Code   RO         4425    i.MemManage_Handler  stm32f4xx_it.o
    0x08003e1e   0x08003e1e   0x00000002   Code   RO         4426    i.NMI_Handler       stm32f4xx_it.o
    0x08003e20   0x08003e20   0x00000126   Code   RO         5753    i.NVIC_Init         bsp_nvic.o
    0x08003f46   0x08003f46   0x00000020   Code   RO         1578    i.NVIC_SetPriority  stm32f4xx_hal_cortex.o
    0x08003f66   0x08003f66   0x00000002   PAD
    0x08003f68   0x08003f68   0x000001d8   Code   RO         4612    i.PID_Init          user_code.o
    0x08004140   0x08004140   0x000000a4   Code   RO         4613    i.PID_REST          user_code.o
    0x080041e4   0x080041e4   0x00000018   Code   RO         4857    i.PID_struct_init   driver_pid.o
    0x080041fc   0x080041fc   0x00000068   Code   RO         4813    i.Rammer_Angle      ctrl_rammer.o
    0x08004264   0x08004264   0x00000150   Code   RO         4814    i.Rammer_Param_Set  ctrl_rammer.o
    0x080043b4   0x080043b4   0x0000002c   Code   RO           90    i.SysTick_Handler   port.o
    0x080043e0   0x080043e0   0x00000098   Code   RO         4577    i.SystemClock_Config  systemclock.o
    0x08004478   0x08004478   0x00000054   Code   RO         1132    i.SystemInit        system_stm32f4xx.o
    0x080044cc   0x080044cc   0x0000000c   Code   RO         4427    i.TIM6_DAC_IRQHandler  stm32f4xx_it.o
    0x080044d8   0x080044d8   0x0000000c   Code   RO         4428    i.TIM7_IRQHandler   stm32f4xx_it.o
    0x080044e4   0x080044e4   0x000000c0   Code   RO         2797    i.TIM_Base_SetConfig  stm32f4xx_hal_tim.o
    0x080045a4   0x080045a4   0x00000016   Code   RO         2798    i.TIM_CCxChannelCmd  stm32f4xx_hal_tim.o
    0x080045ba   0x080045ba   0x00000002   PAD
    0x080045bc   0x080045bc   0x0000005c   Code   RO         5536    i.TIM_Init          bsp_tim.o
    0x08004618   0x08004618   0x00000058   Code   RO         2806    i.TIM_OC1_SetConfig  stm32f4xx_hal_tim.o
    0x08004670   0x08004670   0x00000064   Code   RO         2807    i.TIM_OC2_SetConfig  stm32f4xx_hal_tim.o
    0x080046d4   0x080046d4   0x00000060   Code   RO         2808    i.TIM_OC3_SetConfig  stm32f4xx_hal_tim.o
    0x08004734   0x08004734   0x00000050   Code   RO         2809    i.TIM_OC4_SetConfig  stm32f4xx_hal_tim.o
    0x08004784   0x08004784   0x00000048   Code   RO         5399    i.Task_CanSend      task_can.o
    0x080047cc   0x080047cc   0x00000022   Code   RO         5370    i.Task_Control      task_ctrl.o
    0x080047ee   0x080047ee   0x00000002   PAD
    0x080047f0   0x080047f0   0x0000003c   Code   RO         4429    i.UART8_IRQHandler  stm32f4xx_it.o
    0x0800482c   0x0800482c   0x00000022   Code   RO         3909    i.UART_DMAError     stm32f4xx_hal_uart.o
    0x0800484e   0x0800484e   0x00000028   Code   RO         3910    i.UART_DMAReceiveCplt  stm32f4xx_hal_uart.o
    0x08004876   0x08004876   0x0000000a   Code   RO         3911    i.UART_DMARxHalfCplt  stm32f4xx_hal_uart.o
    0x08004880   0x08004880   0x00000098   Code   RO         5624    i.UART_Init         bsp_usart.o
    0x08004918   0x08004918   0x00000096   Code   RO         3914    i.UART_Receive_IT   stm32f4xx_hal_uart.o
    0x080049ae   0x080049ae   0x00000002   PAD
    0x080049b0   0x080049b0   0x000002ac   Code   RO         3915    i.UART_SetConfig    stm32f4xx_hal_uart.o
    0x08004c5c   0x08004c5c   0x00000062   Code   RO         3916    i.UART_Transmit_IT  stm32f4xx_hal_uart.o
    0x08004cbe   0x08004cbe   0x00000002   PAD
    0x08004cc0   0x08004cc0   0x00000054   Code   RO         4430    i.USART1_IRQHandler  stm32f4xx_it.o
    0x08004d14   0x08004d14   0x0000002c   Code   RO         4431    i.USART2_IRQHandler  stm32f4xx_it.o
    0x08004d40   0x08004d40   0x00000048   Code   RO         4432    i.USART3_IRQHandler  stm32f4xx_it.o
    0x08004d88   0x08004d88   0x00000002   Code   RO         4433    i.UsageFault_Handler  stm32f4xx_it.o
    0x08004d8a   0x08004d8a   0x00000002   PAD
    0x08004d8c   0x08004d8c   0x00000044   Code   RO         4972    i.Verify_CRC16_Check_Sum  driver_judge.o
    0x08004dd0   0x08004dd0   0x00000002   Code   RO         5625    i._sys_exit         bsp_usart.o
    0x08004dd2   0x08004dd2   0x0000002a   Code   RO         4858    i.abs_limit         driver_pid.o
    0x08004dfc   0x08004dfc   0x00000038   Code   RO         4272    i.main              main.o
    0x08004e34   0x08004e34   0x000004d0   Code   RO         4859    i.pid_calc          driver_pid.o
    0x08005304   0x08005304   0x0000000e   Code   RO         4860    i.pid_param_init    driver_pid.o
    0x08005312   0x08005312   0x00000006   Code   RO         4861    i.pid_reset         driver_pid.o
    0x08005318   0x08005318   0x00000070   Code   RO          680    i.prvAddCurrentTaskToDelayedList  tasks.o
    0x08005388   0x08005388   0x000000d0   Code   RO          681    i.prvAddNewTaskToReadyList  tasks.o
    0x08005458   0x08005458   0x00000050   Code   RO         1013    i.prvCheckForValidListAndQueue  timers.o
    0x080054a8   0x080054a8   0x00000026   Code   RO          329    i.prvCopyDataFromQueue  queue.o
    0x080054ce   0x080054ce   0x0000006c   Code   RO          330    i.prvCopyDataToQueue  queue.o
    0x0800553a   0x0800553a   0x00000014   Code   RO          682    i.prvDeleteTCB      tasks.o
    0x0800554e   0x0800554e   0x00000002   PAD
    0x08005550   0x08005550   0x0000004c   Code   RO            1    i.prvHeapInit       heap_4.o
    0x0800559c   0x0800559c   0x00000060   Code   RO          683    i.prvIdleTask       tasks.o
    0x080055fc   0x080055fc   0x0000009c   Code   RO          684    i.prvInitialiseNewTask  tasks.o
    0x08005698   0x08005698   0x0000004c   Code   RO            2    i.prvInsertBlockIntoFreeList  heap_4.o
    0x080056e4   0x080056e4   0x00000038   Code   RO         1014    i.prvInsertTimerInActiveList  timers.o
    0x0800571c   0x0800571c   0x0000001c   Code   RO          331    i.prvIsQueueEmpty   queue.o
    0x08005738   0x08005738   0x000000b8   Code   RO         1015    i.prvProcessReceivedCommands  timers.o
    0x080057f0   0x080057f0   0x000000b4   Code   RO         1016    i.prvProcessTimerOrBlockTask  timers.o
    0x080058a4   0x080058a4   0x00000020   Code   RO          686    i.prvResetNextTaskUnblockTime  tasks.o
    0x080058c4   0x080058c4   0x00000028   Code   RO         1017    i.prvSampleTimeNow  timers.o
    0x080058ec   0x080058ec   0x0000006c   Code   RO         1018    i.prvSwitchTimerLists  timers.o
    0x08005958   0x08005958   0x00000028   Code   RO           91    i.prvTaskExitError  port.o
    0x08005980   0x08005980   0x00000024   Code   RO         1019    i.prvTimerTask      timers.o
    0x080059a4   0x080059a4   0x0000006a   Code   RO          332    i.prvUnlockQueue    queue.o
    0x08005a0e   0x08005a0e   0x00000002   PAD
    0x08005a10   0x08005a10   0x000000d8   Code   RO            3    i.pvPortMalloc      heap_4.o
    0x08005ae8   0x08005ae8   0x0000002c   Code   RO           92    i.pxPortInitialiseStack  port.o
    0x08005b14   0x08005b14   0x00000138   Code   RO         5317    i.start_task        task_user.o
    0x08005c4c   0x08005c4c   0x00000026   Code   RO          289    i.uxListRemove      list.o
    0x08005c72   0x08005c72   0x00000016   Code   RO          290    i.vListInitialise   list.o
    0x08005c88   0x08005c88   0x00000006   Code   RO          291    i.vListInitialiseItem  list.o
    0x08005c8e   0x08005c8e   0x00000030   Code   RO          292    i.vListInsert       list.o
    0x08005cbe   0x08005cbe   0x00000018   Code   RO          293    i.vListInsertEnd    list.o
    0x08005cd6   0x08005cd6   0x00000002   PAD
    0x08005cd8   0x08005cd8   0x00000040   Code   RO           94    i.vPortEnterCritical  port.o
    0x08005d18   0x08005d18   0x00000028   Code   RO           95    i.vPortExitCritical  port.o
    0x08005d40   0x08005d40   0x0000005c   Code   RO            4    i.vPortFree         heap_4.o
    0x08005d9c   0x08005d9c   0x00000024   Code   RO           96    i.vPortSetupTimerInterrupt  port.o
    0x08005dc0   0x08005dc0   0x00000054   Code   RO           97    i.vPortValidateInterruptPriority  port.o
    0x08005e14   0x08005e14   0x00000028   Code   RO          338    i.vQueueAddToRegistry  queue.o
    0x08005e3c   0x08005e3c   0x00000044   Code   RO          342    i.vQueueWaitForMessageRestricted  queue.o
    0x08005e80   0x08005e80   0x0000004c   Code   RO          696    i.vTaskDelay        tasks.o
    0x08005ecc   0x08005ecc   0x0000008c   Code   RO          697    i.vTaskDelayUntil   tasks.o
    0x08005f58   0x08005f58   0x000000ac   Code   RO          698    i.vTaskDelete       tasks.o
    0x08006004   0x08006004   0x00000010   Code   RO          701    i.vTaskInternalSetTimeOutState  tasks.o
    0x08006014   0x08006014   0x0000000c   Code   RO          702    i.vTaskMissedYield  tasks.o
    0x08006020   0x08006020   0x00000030   Code   RO          704    i.vTaskPlaceOnEventList  tasks.o
    0x08006050   0x08006050   0x00000038   Code   RO          705    i.vTaskPlaceOnEventListRestricted  tasks.o
    0x08006088   0x08006088   0x00000070   Code   RO          713    i.vTaskStartScheduler  tasks.o
    0x080060f8   0x080060f8   0x00000010   Code   RO          715    i.vTaskSuspendAll   tasks.o
    0x08006108   0x08006108   0x0000005c   Code   RO          716    i.vTaskSwitchContext  tasks.o
    0x08006164   0x08006164   0x000000f4   Code   RO           98    i.xPortStartScheduler  port.o
    0x08006258   0x08006258   0x00000052   Code   RO          345    i.xQueueGenericCreate  queue.o
    0x080062aa   0x080062aa   0x00000002   PAD
    0x080062ac   0x080062ac   0x00000088   Code   RO          346    i.xQueueGenericReset  queue.o
    0x08006334   0x08006334   0x00000160   Code   RO          347    i.xQueueGenericSend  queue.o
    0x08006494   0x08006494   0x000000bc   Code   RO          348    i.xQueueGenericSendFromISR  queue.o
    0x08006550   0x08006550   0x00000138   Code   RO          355    i.xQueueReceive     queue.o
    0x08006688   0x08006688   0x00000074   Code   RO          717    i.xTaskCheckForTimeOut  tasks.o
    0x080066fc   0x080066fc   0x00000056   Code   RO          718    i.xTaskCreate       tasks.o
    0x08006752   0x08006752   0x00000002   PAD
    0x08006754   0x08006754   0x0000001c   Code   RO          722    i.xTaskGetSchedulerState  tasks.o
    0x08006770   0x08006770   0x0000000c   Code   RO          723    i.xTaskGetTickCount  tasks.o
    0x0800677c   0x0800677c   0x000000c8   Code   RO          725    i.xTaskIncrementTick  tasks.o
    0x08006844   0x08006844   0x00000098   Code   RO          728    i.xTaskPriorityDisinherit  tasks.o
    0x080068dc   0x080068dc   0x00000074   Code   RO          730    i.xTaskRemoveFromEventList  tasks.o
    0x08006950   0x08006950   0x000000c4   Code   RO          731    i.xTaskResumeAll    tasks.o
    0x08006a14   0x08006a14   0x0000004c   Code   RO         1025    i.xTimerCreateTimerTask  timers.o
    0x08006a60   0x08006a60   0x00000060   Code   RO         1026    i.xTimerGenericCommand  timers.o
    0x08006ac0   0x08006ac0   0x00000062   Code   RO         5803    x$fpl$d2f           fz_wm.l(d2f.o)
    0x08006b22   0x08006b22   0x00000002   PAD
    0x08006b24   0x08006b24   0x00000150   Code   RO         5805    x$fpl$dadd          fz_wm.l(daddsub_clz.o)
    0x08006c74   0x08006c74   0x0000002e   Code   RO         5812    x$fpl$dflt          fz_wm.l(dflt_clz.o)
    0x08006ca2   0x08006ca2   0x00000002   PAD
    0x08006ca4   0x08006ca4   0x00000154   Code   RO         5817    x$fpl$dmul          fz_wm.l(dmul.o)
    0x08006df8   0x08006df8   0x0000009c   Code   RO         5828    x$fpl$dnaninf       fz_wm.l(dnaninf.o)
    0x08006e94   0x08006e94   0x0000000c   Code   RO         5830    x$fpl$dretinf       fz_wm.l(dretinf.o)
    0x08006ea0   0x08006ea0   0x000001d4   Code   RO         5807    x$fpl$dsub          fz_wm.l(daddsub_clz.o)
    0x08007074   0x08007074   0x00000056   Code   RO         5819    x$fpl$f2d           fz_wm.l(f2d.o)
    0x080070ca   0x080070ca   0x0000008c   Code   RO         5832    x$fpl$fnaninf       fz_wm.l(fnaninf.o)
    0x08007156   0x08007156   0x0000000a   Code   RO         5929    x$fpl$fpinit        fz_wm.l(fpinit.o)
    0x08007160   0x08007160   0x0000000a   Code   RO         5834    x$fpl$fretinf       fz_wm.l(fretinf.o)
    0x0800716a   0x0800716a   0x00000000   Code   RO         5836    x$fpl$usenofp       fz_wm.l(usenofp.o)
    0x0800716a   0x0800716a   0x00000010   Data   RO         2584    .constdata          stm32f4xx_hal_rcc.o
    0x0800717a   0x0800717a   0x00000008   Data   RO         4128    .constdata          stm32f4xx_hal_dma.o
    0x08007182   0x08007182   0x00000002   PAD
    0x08007184   0x08007184   0x00000004   Data   RO         4816    .constdata          ctrl_rammer.o
    0x08007188   0x08007188   0x00000300   Data   RO         4976    .constdata          driver_judge.o
    0x08007488   0x08007488   0x00000020   Data   RO         5993    Region$$Table       anon$$obj.o


    Execution Region RW_IRAM1 (Exec base: 0x20000000, Load base: 0x080074a8, Size: 0x00014608, Max: 0x00030000, ABSOLUTE)

    Exec Addr    Load Addr    Size         Type   Attr      Idx    E Section Name        Object

    0x20000000   0x080074a8   0x00000018   Data   RW            9    .data               heap_4.o
    0x20000018   0x080074c0   0x0000000c   Data   RW           99    .data               port.o
    0x20000024   0x080074cc   0x0000003c   Data   RW          734    .data               tasks.o
    0x20000060   0x08007508   0x00000014   Data   RW         1032    .data               timers.o
    0x20000074   0x0800751c   0x00000004   Data   RW         1134    .data               system_stm32f4xx.o
    0x20000078   0x08007520   0x00000008   Data   RW         4615    .data               user_code.o
    0x20000080   0x08007528   0x00000010   Data   RW         4685    .data               ctrl_chassis.o
    0x20000090   0x08007538   0x00000004   Data   RW         4783    .data               ctrl_frict.o
    0x20000094   0x0800753c   0x00000008   Data   RW         4818    .data               ctrl_rammer.o
    0x2000009c   0x08007544   0x00000003   Data   RW         4910    .data               driver_dbus.o
    0x2000009f   0x08007547   0x00000001   PAD
    0x200000a0   0x08007548   0x00000015   Data   RW         4977    .data               driver_judge.o
    0x200000b5   0x0800755d   0x00000002   Data   RW         5222    .data               driver_supcap.o
    0x200000b7   0x0800755f   0x00000001   PAD
    0x200000b8   0x08007560   0x00000006   Data   RW         5276    .data               driver_gyro.o
    0x200000be   0x08007566   0x00000002   PAD
    0x200000c0   0x08007568   0x00000018   Data   RW         5318    .data               task_user.o
    0x200000d8   0x08007580   0x00000004   Data   RW         5400    .data               task_can.o
    0x200000dc   0x08007584   0x00000004   Data   RW         5437    .data               bsp_can.o
    0x200000e0        -       0x00012c00   Zero   RW            8    .bss                heap_4.o
    0x20012ce0        -       0x00000040   Zero   RW          359    .bss                queue.o
    0x20012d20        -       0x000000c8   Zero   RW          733    .bss                tasks.o
    0x20012de8        -       0x00000028   Zero   RW         1031    .bss                timers.o
    0x20012e10        -       0x000004bc   Zero   RW         4684    .bss                ctrl_chassis.o
    0x200132cc        -       0x00000464   Zero   RW         4737    .bss                ctrl_cloud.o
    0x20013730        -       0x000000fc   Zero   RW         4815    .bss                ctrl_rammer.o
    0x2001382c        -       0x00000044   Zero   RW         4909    .bss                driver_dbus.o
    0x20013870        -       0x000000e0   Zero   RW         4974    .bss                driver_judge.o
    0x20013950        -       0x00000028   Zero   RW         5274    .bss                driver_gyro.o
    0x20013978        -       0x00000100   Zero   RW         5436    .bss                bsp_can.o
    0x20013a78        -       0x000000f0   Zero   RW         5537    .bss                bsp_tim.o
    0x20013b68        -       0x00000440   Zero   RW         5627    .bss                bsp_usart.o
    0x20013fa8        -       0x00000060   Zero   RW         5871    .bss                c_w.l(libspace.o)
    0x20014008        -       0x00000200   Zero   RW         5775    HEAP                startup_stm32f427xx.o
    0x20014208        -       0x00000400   Zero   RW         5774    STACK               startup_stm32f427xx.o


==============================================================================

Image component sizes


      Code (inc. data)   RO Data    RW Data    ZI Data      Debug   Object Name

       732         64          0          4        256       4504   bsp_can.o
       644         56          0          0          0       1883   bsp_gpio.o
       294          0          0          0          0        656   bsp_nvic.o
       588         76          0          0        240       5530   bsp_tim.o
       878        112          0          0       1088       7597   bsp_usart.o
         0          0          0          0          0       7944   croutine.o
      1968        104          0         16       1212       5050   ctrl_chassis.o
      2024        138          0          0       1124       4177   ctrl_cloud.o
       152         20          0          4          0        974   ctrl_frict.o
       508         54          4          8        252       2814   ctrl_rammer.o
       156         10          0          3         68       2869   driver_dbus.o
       168         16          0          6         40       1879   driver_gyro.o
       436         30        768         21        224       4554   driver_judge.o
      1318         48          0          0          0       4381   driver_pid.o
         0          0          0          2          0        278   driver_supcap.o
         0          0          0          0          0      10360   event_groups.o
       460         24          0         24      76800      20555   heap_4.o
       138          0          0          0          0       3250   list.o
        56         20          0          0          0       5511   main.o
       786         82          0         12          0      11473   port.o
      1458         20          0          0         64      15634   queue.o
        64         26        428          0       1536        832   startup_stm32f427xx.o
        86          4          0          0          0       1238   stm32f4xx_hal.o
      1740         38          0          0          0       7099   stm32f4xx_hal_can.o
       218         14          0          0          0      31161   stm32f4xx_hal_cortex.o
       778         14          8          0          0       5411   stm32f4xx_hal_dma.o
       470         52          0          0          0       2596   stm32f4xx_hal_gpio.o
        68          0          0          0          0        542   stm32f4xx_hal_msp.o
       140         14          0          0          0       1324   stm32f4xx_hal_pwr_ex.o
      1316         68         16          0          0       6059   stm32f4xx_hal_rcc.o
      1340         88          0          0          0      12702   stm32f4xx_hal_tim.o
       150          0          0          0          0       3286   stm32f4xx_hal_tim_ex.o
      1526         22          0          0          0      10191   stm32f4xx_hal_uart.o
       440        136          0          0          0      12026   stm32f4xx_it.o
        84         18          0          4          0     408729   system_stm32f4xx.o
       156         10          0          0          0       1647   systemclock.o
        72         14          0          4          0        823   task_can.o
        46          0          0          0          0       1095   task_ctrl.o
       324        104          0         24          0       2204   task_user.o
      2270        178          0         60        200      22752   tasks.o
       856         82          0         20         40       9067   timers.o
      1282        140          0          8          0       4445   user_code.o

    ----------------------------------------------------------------------
     26228       1896       1258        224      83144     667102   Object Totals
         0          0         32          0          0          0   (incl. Generated)
        38          0          2          4          0          0   (incl. Padding)

    ----------------------------------------------------------------------

      Code (inc. data)   RO Data    RW Data    ZI Data      Debug   Library Member Name

         8          0          0          0          0         68   __main.o
         0          0          0          0          0          0   __rtentry.o
        12          0          0          0          0          0   __rtentry2.o
         6          0          0          0          0          0   __rtentry4.o
        52          8          0          0          0          0   __scatter.o
        26          0          0          0          0          0   __scatter_copy.o
        28          0          0          0          0          0   __scatter_zi.o
        16          0          0          0          0         68   aeabi_memset.o
        18          0          0          0          0         80   exit.o
         6          0          0          0          0        152   heapauxi.o
         2          0          0          0          0          0   libinit.o
         6          0          0          0          0          0   libinit2.o
         2          0          0          0          0          0   libshutdown.o
         2          0          0          0          0          0   libshutdown2.o
         8          4          0          0         96         68   libspace.o
        68          0          0          0          0         68   rt_memclr.o
        78          0          0          0          0         80   rt_memclr_w.o
       138          0          0          0          0         68   rt_memcpy_v6.o
       100          0          0          0          0         80   rt_memcpy_w.o
         2          0          0          0          0          0   rtexit.o
        10          0          0          0          0          0   rtexit2.o
        74          0          0          0          0         80   sys_stackheap_outer.o
         2          0          0          0          0         68   use_no_semi.o
         2          0          0          0          0         68   use_no_semi_2.o
        98          4          0          0          0        140   d2f.o
       804         16          0          0          0        368   daddsub_clz.o
        46          0          0          0          0        116   dflt_clz.o
       340         12          0          0          0        152   dmul.o
       156          4          0          0          0        140   dnaninf.o
        12          0          0          0          0        116   dretinf.o
        86          4          0          0          0        132   f2d.o
       140          4          0          0          0        132   fnaninf.o
        10          0          0          0          0        116   fpinit.o
        10          0          0          0          0        116   fretinf.o
         0          0          0          0          0          0   usenofp.o

    ----------------------------------------------------------------------
      2378         56          0          0         96       2476   Library Totals
        10          0          0          0          0          0   (incl. Padding)

    ----------------------------------------------------------------------

      Code (inc. data)   RO Data    RW Data    ZI Data      Debug   Library Name

       666         12          0          0         96        948   c_w.l
      1702         44          0          0          0       1528   fz_wm.l

    ----------------------------------------------------------------------
      2378         56          0          0         96       2476   Library Totals

    ----------------------------------------------------------------------

==============================================================================


      Code (inc. data)   RO Data    RW Data    ZI Data      Debug   

     28606       1952       1258        224      83240     647962   Grand Totals
     28606       1952       1258        224      83240     647962   ELF Image Totals
     28606       1952       1258        224          0          0   ROM Totals

==============================================================================

    Total RO  Size (Code + RO Data)                29864 (  29.16kB)
    Total RW  Size (RW Data + ZI Data)             83464 (  81.51kB)
    Total ROM Size (Code + RO Data + RW Data)      30088 (  29.38kB)

==============================================================================

