Component: ARM Compiler 5.06 update 6 (build 750) Tool: armlink [4d35ed]

==============================================================================

Section Cross References

    startup_stm32f427xx.o(RESET) refers to startup_stm32f427xx.o(STACK) for __initial_sp
    startup_stm32f427xx.o(RESET) refers to startup_stm32f427xx.o(.text) for Reset_Handler
    startup_stm32f427xx.o(RESET) refers to stm32f4xx_it.o(i.NMI_Handler) for NMI_Handler
    startup_stm32f427xx.o(RESET) refers to stm32f4xx_it.o(i.HardFault_Handler) for HardFault_Handler
    startup_stm32f427xx.o(RESET) refers to stm32f4xx_it.o(i.MemManage_Handler) for MemManage_Handler
    startup_stm32f427xx.o(RESET) refers to stm32f4xx_it.o(i.BusFault_Handler) for BusFault_Handler
    startup_stm32f427xx.o(RESET) refers to stm32f4xx_it.o(i.UsageFault_Handler) for UsageFault_Handler
    startup_stm32f427xx.o(RESET) refers to stm32f4xx_it.o(i.DebugMon_Handler) for DebugMon_Handler
    startup_stm32f427xx.o(RESET) refers to stm32f4xx_it.o(i.SysTick_Handler) for SysTick_Handler
    startup_stm32f427xx.o(RESET) refers to stm32f4xx_it.o(i.DMA1_Stream1_IRQHandler) for DMA1_Stream1_IRQHandler
    startup_stm32f427xx.o(RESET) refers to stm32f4xx_it.o(i.DMA1_Stream3_IRQHandler) for DMA1_Stream3_IRQHandler
    startup_stm32f427xx.o(RESET) refers to stm32f4xx_it.o(i.DMA1_Stream4_IRQHandler) for DMA1_Stream4_IRQHandler
    startup_stm32f427xx.o(RESET) refers to stm32f4xx_it.o(i.DMA1_Stream5_IRQHandler) for DMA1_Stream5_IRQHandler
    startup_stm32f427xx.o(RESET) refers to stm32f4xx_it.o(i.DMA1_Stream6_IRQHandler) for DMA1_Stream6_IRQHandler
    startup_stm32f427xx.o(RESET) refers to stm32f4xx_it.o(i.CAN1_TX_IRQHandler) for CAN1_TX_IRQHandler
    startup_stm32f427xx.o(RESET) refers to stm32f4xx_it.o(i.CAN1_RX0_IRQHandler) for CAN1_RX0_IRQHandler
    startup_stm32f427xx.o(RESET) refers to stm32f4xx_it.o(i.USART1_IRQHandler) for USART1_IRQHandler
    startup_stm32f427xx.o(RESET) refers to stm32f4xx_it.o(i.USART2_IRQHandler) for USART2_IRQHandler
    startup_stm32f427xx.o(RESET) refers to stm32f4xx_it.o(i.USART3_IRQHandler) for USART3_IRQHandler
    startup_stm32f427xx.o(RESET) refers to stm32f4xx_it.o(i.TIM6_DAC_IRQHandler) for TIM6_DAC_IRQHandler
    startup_stm32f427xx.o(RESET) refers to stm32f4xx_it.o(i.TIM7_IRQHandler) for TIM7_IRQHandler
    startup_stm32f427xx.o(RESET) refers to stm32f4xx_it.o(i.DMA2_Stream1_IRQHandler) for DMA2_Stream1_IRQHandler
    startup_stm32f427xx.o(RESET) refers to stm32f4xx_it.o(i.DMA2_Stream2_IRQHandler) for DMA2_Stream2_IRQHandler
    startup_stm32f427xx.o(RESET) refers to stm32f4xx_it.o(i.CAN2_TX_IRQHandler) for CAN2_TX_IRQHandler
    startup_stm32f427xx.o(RESET) refers to stm32f4xx_it.o(i.CAN2_RX0_IRQHandler) for CAN2_RX0_IRQHandler
    startup_stm32f427xx.o(RESET) refers to stm32f4xx_it.o(i.DMA2_Stream6_IRQHandler) for DMA2_Stream6_IRQHandler
    startup_stm32f427xx.o(RESET) refers to stm32f4xx_it.o(i.USART6_IRQHandler) for USART6_IRQHandler
    startup_stm32f427xx.o(RESET) refers to stm32f4xx_it.o(i.UART7_IRQHandler) for UART7_IRQHandler
    startup_stm32f427xx.o(RESET) refers to stm32f4xx_it.o(i.UART8_IRQHandler) for UART8_IRQHandler
    startup_stm32f427xx.o(.text) refers to system_stm32f4xx.o(i.SystemInit) for SystemInit
    startup_stm32f427xx.o(.text) refers to entry.o(.ARM.Collect$$$$00000000) for __main
    main.o(i.SystemClock_Config) refers to stm32f4xx_hal_rcc.o(i.HAL_RCC_OscConfig) for HAL_RCC_OscConfig
    main.o(i.SystemClock_Config) refers to stm32f4xx_hal_pwr_ex.o(i.HAL_PWREx_EnableOverDrive) for HAL_PWREx_EnableOverDrive
    main.o(i.SystemClock_Config) refers to stm32f4xx_hal_rcc.o(i.HAL_RCC_ClockConfig) for HAL_RCC_ClockConfig
    main.o(i.SystemClock_Config) refers to stm32f4xx_hal_rcc.o(i.HAL_RCC_GetHCLKFreq) for HAL_RCC_GetHCLKFreq
    main.o(i.SystemClock_Config) refers to stm32f4xx_hal_cortex.o(i.HAL_SYSTICK_Config) for HAL_SYSTICK_Config
    main.o(i.SystemClock_Config) refers to stm32f4xx_hal_cortex.o(i.HAL_SYSTICK_CLKSourceConfig) for HAL_SYSTICK_CLKSourceConfig
    main.o(i.SystemClock_Config) refers to stm32f4xx_hal_cortex.o(i.HAL_NVIC_SetPriority) for HAL_NVIC_SetPriority
    main.o(i.main) refers to stm32f4xx_hal.o(i.HAL_Init) for HAL_Init
    main.o(i.main) refers to main.o(i.SystemClock_Config) for SystemClock_Config
    main.o(i.main) refers to gpio.o(i.MX_GPIO_Init) for MX_GPIO_Init
    main.o(i.main) refers to dma.o(i.MX_DMA_Init) for MX_DMA_Init
    main.o(i.main) refers to can.o(i.MX_CAN1_Init) for MX_CAN1_Init
    main.o(i.main) refers to can.o(i.MX_CAN2_Init) for MX_CAN2_Init
    main.o(i.main) refers to i2c.o(i.MX_I2C2_Init) for MX_I2C2_Init
    main.o(i.main) refers to spi.o(i.MX_SPI5_Init) for MX_SPI5_Init
    main.o(i.main) refers to tim.o(i.MX_TIM1_Init) for MX_TIM1_Init
    main.o(i.main) refers to tim.o(i.MX_TIM6_Init) for MX_TIM6_Init
    main.o(i.main) refers to tim.o(i.MX_TIM7_Init) for MX_TIM7_Init
    main.o(i.main) refers to usart.o(i.MX_UART7_Init) for MX_UART7_Init
[...]
    i.MecanumCalculate                       0x08005154   Section        0  ctrl_chassis.o(i.MecanumCalculate)
    i.MemManage_Handler                      0x080052e0   Section        0  stm32f4xx_it.o(i.MemManage_Handler)
    i.Mode_Set                               0x080052e4   Section        0  control.o(i.Mode_Set)
    i.Motor_Param_Init                       0x08005334   Section        0  user.o(i.Motor_Param_Init)
    i.NMI_Handler                            0x08005634   Section        0  stm32f4xx_it.o(i.NMI_Handler)
    i.NVIC_SetPriority                       0x08005636   Section        0  stm32f4xx_hal_cortex.o(i.NVIC_SetPriority)
    NVIC_SetPriority                         0x08005637   Thumb Code    32  stm32f4xx_hal_cortex.o(i.NVIC_SetPriority)
    i.OLED_Fill                              0x08005658   Section        0  dirver_oled.o(i.OLED_Fill)
    i.OLED_Init                              0x080056b0   Section        0  dirver_oled.o(i.OLED_Init)
    i.OLED_SetPos                            0x08005718   Section        0  dirver_oled.o(i.OLED_SetPos)
    i.OLED_ShowStr                           0x08005758   Section        0  dirver_oled.o(i.OLED_ShowStr)
    i.PC_Data_Analysis                       0x08005834   Section        0  driver_hierogram.o(i.PC_Data_Analysis)
    i.PID_struct_init                        0x080058e0   Section        0  driver_pid.o(i.PID_struct_init)
    i.Play_OLED_Chassis_Init                 0x080058f8   Section        0  dirver_oled.o(i.Play_OLED_Chassis_Init)
    i.Power_Limit                            0x0800593c   Section        0  ctrl_chassis.o(i.Power_Limit)
    i.Rammer_Angle                           0x08005a10   Section        0  ctrl_rammer.o(i.Rammer_Angle)
    i.Rammer_Param_Set                       0x08005a78   Section        0  ctrl_rammer.o(i.Rammer_Param_Set)
    i.Read_Cap_State                         0x08005bd0   Section        0  driver_supcap.o(i.Read_Cap_State)
    i.Read_M6623_First_Angle                 0x08005c28   Section        0  ctrl_cloud.o(i.Read_M6623_First_Angle)
    i.Set_moto_current                       0x08005c3c   Section        0  user_can.o(i.Set_moto_current)
    i.SysTick_Handler                        0x08005c88   Section        0  stm32f4xx_it.o(i.SysTick_Handler)
    i.SystemClock_Config                     0x08005c98   Section        0  main.o(i.SystemClock_Config)
    i.SystemInit                             0x08005d30   Section        0  system_stm32f4xx.o(i.SystemInit)
    i.TIM6_DAC_IRQHandler                    0x08005d84   Section        0  stm32f4xx_it.o(i.TIM6_DAC_IRQHandler)
    i.TIM7_IRQHandler                        0x08005d90   Section        0  stm32f4xx_it.o(i.TIM7_IRQHandler)
    i.TIM_Base_SetConfig                     0x08005d9c   Section        0  stm32f4xx_hal_tim.o(i.TIM_Base_SetConfig)
    i.TIM_CCxChannelCmd                      0x08005e5c   Section        0  stm32f4xx_hal_tim.o(i.TIM_CCxChannelCmd)
    i.TIM_Init                               0x08005e74   Section        0  user_tim.o(i.TIM_Init)
    i.TIM_OC1_SetConfig                      0x08005ec0   Section        0  stm32f4xx_hal_tim.o(i.TIM_OC1_SetConfig)
    TIM_OC1_SetConfig                        0x08005ec1   Thumb Code    80  stm32f4xx_hal_tim.o(i.TIM_OC1_SetConfig)
    i.TIM_OC2_SetConfig                      0x08005f18   Section        0  stm32f4xx_hal_tim.o(i.TIM_OC2_SetConfig)
    i.TIM_OC3_SetConfig                      0x08005f7c   Section        0  stm32f4xx_hal_tim.o(i.TIM_OC3_SetConfig)
    TIM_OC3_SetConfig                        0x08005f7d   Thumb Code    88  stm32f4xx_hal_tim.o(i.TIM_OC3_SetConfig)
    i.TIM_OC4_SetConfig                      0x08005fdc   Section        0  stm32f4xx_hal_tim.o(i.TIM_OC4_SetConfig)
    TIM_OC4_SetConfig                        0x08005fdd   Thumb Code    70  stm32f4xx_hal_tim.o(i.TIM_OC4_SetConfig)
    i.Transmit_Judge                         0x0800602c   Section        0  driver_judge.o(i.Transmit_Judge)
    i.UART7_IRQHandler                       0x080060b8   Section        0  stm32f4xx_it.o(i.UART7_IRQHandler)
    i.UART8_IRQHandler                       0x080060fc   Section        0  stm32f4xx_it.o(i.UART8_IRQHandler)
    i.UART_DMAError                          0x08006140   Section        0  stm32f4xx_hal_uart.o(i.UART_DMAError)
    UART_DMAError                            0x08006141   Thumb Code    34  stm32f4xx_hal_uart.o(i.UART_DMAError)
    i.UART_DMAReceiveCplt                    0x08006162   Section        0  stm32f4xx_hal_uart.o(i.UART_DMAReceiveCplt)
    UART_DMAReceiveCplt                      0x08006163   Thumb Code    40  stm32f4xx_hal_uart.o(i.UART_DMAReceiveCplt)
    i.UART_DMARxHalfCplt                     0x0800618a   Section        0  stm32f4xx_hal_uart.o(i.UART_DMARxHalfCplt)
    UART_DMARxHalfCplt                       0x0800618b   Thumb Code    10  stm32f4xx_hal_uart.o(i.UART_DMARxHalfCplt)
    i.UART_DMATransmitCplt                   0x08006194   Section        0  stm32f4xx_hal_uart.o(i.UART_DMATransmitCplt)
    UART_DMATransmitCplt                     0x08006195   Thumb Code    46  stm32f4xx_hal_uart.o(i.UART_DMATransmitCplt)
    i.UART_DMATxHalfCplt                     0x080061c2   Section        0  stm32f4xx_hal_uart.o(i.UART_DMATxHalfCplt)
    UART_DMATxHalfCplt                       0x080061c3   Thumb Code    10  stm32f4xx_hal_uart.o(i.UART_DMATxHalfCplt)
    i.UART_Init                              0x080061cc   Section        0  user_usart.o(i.UART_Init)
    i.UART_Receive_IT                        0x08006234   Section        0  stm32f4xx_hal_uart.o(i.UART_Receive_IT)
    UART_Receive_IT                          0x08006235   Thumb Code   150  stm32f4xx_hal_uart.o(i.UART_Receive_IT)
    i.UART_SetConfig                         0x080062cc   Section        0  stm32f4xx_hal_uart.o(i.UART_SetConfig)
    UART_SetConfig                           0x080062cd   Thumb Code   676  stm32f4xx_hal_uart.o(i.UART_SetConfig)
    i.UART_Transmit_IT                       0x08006578   Section        0  stm32f4xx_hal_uart.o(i.UART_Transmit_IT)
    UART_Transmit_IT                         0x08006579   Thumb Code    98  stm32f4xx_hal_uart.o(i.UART_Transmit_IT)
    i.USART1_IRQHandler                      0x080065dc   Section        0  stm32f4xx_it.o(i.USART1_IRQHandler)
    i.USART2_IRQHandler                      0x08006638   Section        0  stm32f4xx_it.o(i.USART2_IRQHandler)
    i.USART3_IRQHandler                      0x0800666c   Section        0  stm32f4xx_it.o(i.USART3_IRQHandler)
    i.USART6_IRQHandler                      0x080066b4   Section        0  stm32f4xx_it.o(i.USART6_IRQHandler)
    i.UsageFault_Handler                     0x080066f8   Section        0  stm32f4xx_it.o(i.UsageFault_Handler)
    i.Verify_CRC16_Check_Sum                 0x080066fc   Section        0  driver_judge.o(i.Verify_CRC16_Check_Sum)
    i.WriteDat                               0x08006740   Section        0  dirver_oled.o(i.WriteDat)
    i.__scatterload_copy                     0x0800676c   Section       14  handlers.o(i.__scatterload_copy)
    i.__scatterload_null                     0x0800677a   Section        2  handlers.o(i.__scatterload_null)
    i.__scatterload_zeroinit                 0x0800677c   Section       14  handlers.o(i.__scatterload_zeroinit)
    i.abs_limit                              0x0800678a   Section        0  driver_pid.o(i.abs_limit)
    i.main                                   0x080067b4   Section        0  main.o(i.main)
    i.pid_calc                               0x08006844   Section        0  driver_pid.o(i.pid_calc)
    i.pid_param_init                         0x08006d14   Section        0  driver_pid.o(i.pid_param_init)
    pid_param_init                           0x08006d15   Thumb Code    14  driver_pid.o(i.pid_param_init)
    i.pid_reset                              0x08006d22   Section        0  driver_pid.o(i.pid_reset)
    pid_reset                                0x08006d23   Thumb Code     6  driver_pid.o(i.pid_reset)
    .constdata                               0x08006d28   Section       16  stm32f4xx_hal_rcc.o(.constdata)
    .constdata                               0x08006d38   Section        8  stm32f4xx_hal_dma.o(.constdata)
    flagBitshiftOffset                       0x08006d38   Data           8  stm32f4xx_hal_dma.o(.constdata)
    .constdata                               0x08006d40   Section      768  driver_judge.o(.constdata)
    .constdata                               0x08007040   Section     2072  dirver_oled.o(.constdata)
    .constdata                               0x08007858   Section        4  ctrl_rammer.o(.constdata)
    .constdata                               0x0800785c   Section        4  ctrl_cloud.o(.constdata)
    .data                                    0x20000000   Section        4  can.o(.data)
    HAL_RCC_CAN1_CLK_ENABLED                 0x20000000   Data           4  can.o(.data)
    .data                                    0x20000004   Section        1  stm32f4xx_it.o(.data)
    .data                                    0x20000008   Section        4  system_stm32f4xx.o(.data)
    .data                                    0x2000000c   Section        4  stm32f4xx_hal.o(.data)
    .data                                    0x20000010   Section       16  user_can.o(.data)
    .data                                    0x20000020   Section       12  driver_dbus.o(.data)
    .data                                    0x2000002c   Section       44  driver_judge.o(.data)
    Flag                                     0x2000002c   Data           1  driver_judge.o(.data)
    .data                                    0x20000058   Section        1  driver_display.o(.data)
    Flag                                     0x20000058   Data           1  driver_display.o(.data)
    .data                                    0x2000005c   Section       28  driver_hierogram.o(.data)
    flag1                                    0x2000005d   Data           1  driver_hierogram.o(.data)
    flag2                                    0x2000005e   Data           1  driver_hierogram.o(.data)
    flag3                                    0x2000005f   Data           1  driver_hierogram.o(.data)
    flag4                                    0x20000060   Data           1  driver_hierogram.o(.data)
    i                                        0x20000061   Data           1  driver_hierogram.o(.data)
    .data                                    0x20000078   Section        8  driver_gyro.o(.data)
    i                                        0x20000079   Data           1  driver_gyro.o(.data)
    sum                                      0x2000007a   Data           1  driver_gyro.o(.data)
    i                                        0x2000007b   Data           1  driver_gyro.o(.data)
    sum                                      0x2000007c   Data           1  driver_gyro.o(.data)
    .data                                    0x20000080   Section        4  dirver_oled.o(.data)
    .data                                    0x20000084   Section        8  driver_niming.o(.data)
    .data                                    0x2000008c   Section        3  driver_supcap.o(.data)
    Flag1                                    0x2000008d   Data           1  driver_supcap.o(.data)
    .data                                    0x20000090   Section       22  control.o(.data)
    .data                                    0x200000a6   Section        2  control.o(.data)
    .data                                    0x200000a8   Section        2  control.o(.data)
    .data                                    0x200000ac   Section        4  control.o(.data)
    .data                                    0x200000b0   Section        4  control.o(.data)
    .data                                    0x200000b4   Section       10  ctrl_rammer.o(.data)
    error                                    0x200000b6   Data           2  ctrl_rammer.o(.data)
    .data                                    0x200000c0   Section       20  ctrl_chassis.o(.data)
    Spin_Flag                                0x200000c0   Data           1  ctrl_chassis.o(.data)
    speed_x                                  0x200000c4   Data           2  ctrl_chassis.o(.data)
    speed_y                                  0x200000c6   Data           2  ctrl_chassis.o(.data)
    Max_speed_x                              0x200000c8   Data           2  ctrl_chassis.o(.data)
    Max_speed_y                              0x200000ca   Data           2  ctrl_chassis.o(.data)
    Current                                  0x200000cc   Data           4  ctrl_chassis.o(.data)
    Cur_limit                                0x200000d0   Data           4  ctrl_chassis.o(.data)
    .data                                    0x200000d4   Section        4  ctrl_frict.o(.data)
    Flag1                                    0x200000d4   Data           1  ctrl_frict.o(.data)
    Flag2                                    0x200000d5   Data           1  ctrl_frict.o(.data)
    .bss                                     0x200000d8   Section      128  can.o(.bss)
    .bss                                     0x20000158   Section       68  i2c.o(.bss)
    .bss                                     0x2000019c   Section       88  spi.o(.bss)
    .bss                                     0x200001f4   Section      240  tim.o(.bss)
    .bss                                     0x200002e4   Section     1088  usart.o(.bss)
    .bss                                     0x20000724   Section      128  user_can.o(.bss)
    Tx1Message                               0x20000724   Data          28  user_can.o(.bss)
    Rx1Message                               0x20000740   Data          36  user_can.o(.bss)
    Tx2Message                               0x20000764   Data          28  user_can.o(.bss)
    Rx2Message                               0x20000780   Data          36  user_can.o(.bss)
    .bss                                     0x200007a4   Section       68  driver_dbus.o(.bss)
    .bss                                     0x200007e8   Section      226  driver_judge.o(.bss)
    .bss                                     0x200008ca   Section       56  driver_hierogram.o(.bss)
    .bss                                     0x20000904   Section      108  driver_hierogram.o(.bss)
    .bss                                     0x20000970   Section      108  driver_hierogram.o(.bss)
    .bss                                     0x200009dc   Section       40  driver_gyro.o(.bss)
    .bss                                     0x20000a04   Section       16  control.o(.bss)
    .bss                                     0x20000a14   Section     2752  control.o(.bss)
    .bss                                     0x200014d4   Section       16  ctrl_chassis.o(.bss)
    STACK                                    0x200014e8   Section     1024  startup_stm32f427xx.o(STACK)

    Global Symbols

    Symbol Name                              Value     Ov Type        Size  Object(Section)

    BuildAttributes$$THM_ISAv4$E$P$D$K$B$S$7EM$VFPi3$EXTD16$VFPS$VFMA$PE$A:L22UL41UL21$X:L11$S22US41US21$IEEE1$IW$USESV6$~STKCKD$USESV7$~SHL$OTIME$ROPI$EBA8$MICROLIB$REQ8$PRES8$EABIv2 0x00000000   Number         0  anon$$obj.o ABSOLUTE
    __ARM_use_no_argv                        0x00000000   Number         0  main.o ABSOLUTE
    __use_no_errno                           0x00000000   Number         0  useno.o ABSOLUTE
    __use_no_exception_handling              0x00000000   Number         0  useno.o ABSOLUTE
    __use_no_fp                              0x00000000   Number         0  useno.o ABSOLUTE
    __use_no_heap                            0x00000000   Number         0  useno.o ABSOLUTE
    __use_no_heap_region                     0x00000000   Number         0  useno.o ABSOLUTE
    __use_no_semihosting                     0x00000000   Number         0  useno.o ABSOLUTE
    __use_no_semihosting_swi                 0x00000000   Number         0  useno.o ABSOLUTE
    __use_no_signal_handling                 0x00000000   Number         0  useno.o ABSOLUTE
    __cpp_initialize__aeabi_                  - Undefined Weak Reference
    __cxa_finalize                            - Undefined Weak Reference
    __decompress                              - Undefined Weak Reference
    _clock_init                               - Undefined Weak Reference
    _microlib_exit                            - Undefined Weak Reference
    __Vectors_Size                           0x000001ac   Number         0  startup_stm32f427xx.o ABSOLUTE
    __Vectors                                0x08000000   Data           4  startup_stm32f427xx.o(RESET)
    __Vectors_End                            0x080001ac   Data           0  startup_stm32f427xx.o(RESET)
    __main                                   0x080001ad   Thumb Code     0  entry.o(.ARM.Collect$$$$00000000)
    _main_stk                                0x080001ad   Thumb Code     0  entry2.o(.ARM.Collect$$$$00000001)
    _main_scatterload                        0x080001b1   Thumb Code     0  entry5.o(.ARM.Collect$$$$00000004)
    __main_after_scatterload                 0x080001b5   Thumb Code     0  entry5.o(.ARM.Collect$$$$00000004)
    _main_clock                              0x080001b5   Thumb Code     0  entry7b.o(.ARM.Collect$$$$00000008)
    _main_cpp_init                           0x080001b5   Thumb Code     0  entry8b.o(.ARM.Collect$$$$0000000A)
    _main_init                               0x080001b5   Thumb Code     0  entry9a.o(.ARM.Collect$$$$0000000B)
    __rt_final_cpp                           0x080001bd   Thumb Code     0  entry10a.o(.ARM.Collect$$$$0000000D)
    __rt_final_exit                          0x080001bd   Thumb Code     0  entry11a.o(.ARM.Collect$$$$0000000F)
    Reset_Handler                            0x080001c1   Thumb Code     8  startup_stm32f427xx.o(.text)
    SVC_Handler                              0x080001d3   Thumb Code     2  startup_stm32f427xx.o(.text)
    PendSV_Handler                           0x080001d7   Thumb Code     2  startup_stm32f427xx.o(.text)
    ADC_IRQHandler                           0x080001db   Thumb Code     0  startup_stm32f427xx.o(.text)
    CAN1_RX1_IRQHandler                      0x080001db   Thumb Code     0  startup_stm32f427xx.o(.text)
    CAN1_SCE_IRQHandler                      0x080001db   Thumb Code     0  startup_stm32f427xx.o(.text)
    CAN2_RX1_IRQHandler                      0x080001db   Thumb Code     0  startup_stm32f427xx.o(.text)
    CAN2_SCE_IRQHandler                      0x080001db   Thumb Code     0  startup_stm32f427xx.o(.text)
    DCMI_IRQHandler                          0x080001db   Thumb Code     0  startup_stm32f427xx.o(.text)
    DMA1_Stream0_IRQHandler                  0x080001db   Thumb Code     0  startup_stm32f427xx.o(.text)
    DMA1_Stream2_IRQHandler                  0x080001db   Thumb Code     0  startup_stm32f427xx.o(.text)
    DMA1_Stream7_IRQHandler                  0x080001db   Thumb Code     0  startup_stm32f427xx.o(.text)
    DMA2D_IRQHandler                         0x080001db   Thumb Code     0  startup_stm32f427xx.o(.text)
    DMA2_Stream0_IRQHandler                  0x080001db   Thumb Code     0  startup_stm32f427xx.o(.text)
    DMA2_Stream3_IRQHandler                  0x080001db   Thumb Code     0  startup_stm32f427xx.o(.text)
    DMA2_Stream4_IRQHandler                  0x080001db   Thumb Code     0  startup_stm32f427xx.o(.text)
    DMA2_Stream5_IRQHandler                  0x080001db   Thumb Code     0  startup_stm32f427xx.o(.text)
    DMA2_Stream7_IRQHandler                  0x080001db   Thumb Code     0  startup_stm32f427xx.o(.text)
    ETH_IRQHandler                           0x080001db   Thumb Code     0  startup_stm32f427xx.o(.text)
    ETH_WKUP_IRQHandler                      0x080001db   Thumb Code     0  startup_stm32f427xx.o(.text)
    EXTI0_IRQHandler                         0x080001db   Thumb Code     0  startup_stm32f427xx.o(.text)
    EXTI15_10_IRQHandler                     0x080001db   Thumb Code     0  startup_stm32f427xx.o(.text)
    EXTI1_IRQHandler                         0x080001db   Thumb Code     0  startup_stm32f427xx.o(.text)
    EXTI2_IRQHandler                         0x080001db   Thumb Code     0  startup_stm32f427xx.o(.text)
    EXTI3_IRQHandler                         0x080001db   Thumb Code     0  startup_stm32f427xx.o(.text)
    EXTI4_IRQHandler                         0x080001db   Thumb Code     0  startup_stm32f427xx.o(.text)
    EXTI9_5_IRQHandler                       0x080001db   Thumb Code     0  startup_stm32f427xx.o(.text)
    FLASH_IRQHandler                         0x080001db   Thumb Code     0  startup_stm32f427xx.o(.text)
    FMC_IRQHandler                           0x080001db   Thumb Code     0  startup_stm32f427xx.o(.text)
    FPU_IRQHandler                           0x080001db   Thumb Code     0  startup_stm32f427xx.o(.text)
    HASH_RNG_IRQHandler                      0x080001db   Thumb Code     0  startup_stm32f427xx.o(.text)
    I2C1_ER_IRQHandler                       0x080001db   Thumb Code     0  startup_stm32f427xx.o(.text)
    I2C1_EV_IRQHandler                       0x080001db   Thumb Code     0  startup_stm32f427xx.o(.text)
    I2C2_ER_IRQHandler                       0x080001db   Thumb Code     0  startup_stm32f427xx.o(.text)
    I2C2_EV_IRQHandler                       0x080001db   Thumb Code     0  startup_stm32f427xx.o(.text)
    I2C3_ER_IRQHandler                       0x080001db   Thumb Code     0  startup_stm32f427xx.o(.text)
    I2C3_EV_IRQHandler                       0x080001db   Thumb Code     0  startup_stm32f427xx.o(.text)
    OTG_FS_IRQHandler                        0x080001db   Thumb Code     0  startup_stm32f427xx.o(.text)
    OTG_FS_WKUP_IRQHandler                   0x080001db   Thumb Code     0  startup_stm32f427xx.o(.text)
    OTG_HS_EP1_IN_IRQHandler                 0x080001db   Thumb Code     0  startup_stm32f427xx.o(.text)
    OTG_HS_EP1_OUT_IRQHandler                0x080001db   Thumb Code     0  startup_stm32f427xx.o(.text)
    OTG_HS_IRQHandler                        0x080001db   Thumb Code     0  startup_stm32f427xx.o(.text)
    OTG_HS_WKUP_IRQHandler                   0x080001db   Thumb Code     0  startup_stm32f427xx.o(.text)
    PVD_IRQHandler                           0x080001db   Thumb Code     0  startup_stm32f427xx.o(.text)
    RCC_IRQHandler                           0x080001db   Thumb Code     0  startup_stm32f427xx.o(.text)
    RTC_Alarm_IRQHandler                     0x080001db   Thumb Code     0  startup_stm32f427xx.o(.text)
    RTC_WKUP_IRQHandler                      0x080001db   Thumb Code     0  startup_stm32f427xx.o(.text)
    SAI1_IRQHandler                          0x080001db   Thumb Code     0  startup_stm32f427xx.o(.text)
    SDIO_IRQHandler                          0x080001db   Thumb Code     0  startup_stm32f427xx.o(.text)
    SPI1_IRQHandler                          0x080001db   Thumb Code     0  startup_stm32f427xx.o(.text)
    SPI2_IRQHandler                          0x080001db   Thumb Code     0  startup_stm32f427xx.o(.text)
    SPI3_IRQHandler                          0x080001db   Thumb Code     0  startup_stm32f427xx.o(.text)
    SPI4_IRQHandler                          0x080001db   Thumb Code     0  startup_stm32f427xx.o(.text)
    SPI5_IRQHandler                          0x080001db   Thumb Code     0  startup_stm32f427xx.o(.text)
    SPI6_IRQHandler                          0x080001db   Thumb Code     0  startup_stm32f427xx.o(.text)
    TAMP_STAMP_IRQHandler                    0x080001db   Thumb Code     0  startup_stm32f427xx.o(.text)
    TIM1_BRK_TIM9_IRQHandler                 0x080001db   Thumb Code     0  startup_stm32f427xx.o(.text)
    TIM1_CC_IRQHandler                       0x080001db   Thumb Code     0  startup_stm32f427xx.o(.text)
    TIM1_TRG_COM_TIM11_IRQHandler            0x080001db   Thumb Code     0  startup_stm32f427xx.o(.text)
    TIM1_UP_TIM10_IRQHandler                 0x080001db   Thumb Code     0  startup_stm32f427xx.o(.text)
    TIM2_IRQHandler                          0x080001db   Thumb Code     0  startup_stm32f427xx.o(.text)
    TIM3_IRQHandler                          0x080001db   Thumb Code     0  startup_stm32f427xx.o(.text)
    TIM4_IRQHandler                          0x080001db   Thumb Code     0  startup_stm32f427xx.o(.text)
    TIM5_IRQHandler                          0x080001db   Thumb Code     0  startup_stm32f427xx.o(.text)
    TIM8_BRK_TIM12_IRQHandler                0x080001db   Thumb Code     0  startup_stm32f427xx.o(.text)
    TIM8_CC_IRQHandler                       0x080001db   Thumb Code     0  startup_stm32f427xx.o(.text)
    TIM8_TRG_COM_TIM14_IRQHandler            0x080001db   Thumb Code     0  startup_stm32f427xx.o(.text)
    TIM8_UP_TIM13_IRQHandler                 0x080001db   Thumb Code     0  startup_stm32f427xx.o(.text)
    UART4_IRQHandler                         0x080001db   Thumb Code     0  startup_stm32f427xx.o(.text)
    UART5_IRQHandler                         0x080001db   Thumb Code     0  startup_stm32f427xx.o(.text)
    WWDG_IRQHandler                          0x080001db   Thumb Code     0  startup_stm32f427xx.o(.text)
    __aeabi_memcpy                           0x080001e5   Thumb Code    36  memcpya.o(.text)
    __aeabi_memcpy4                          0x080001e5   Thumb Code     0  memcpya.o(.text)
    __aeabi_memcpy8                          0x080001e5   Thumb Code     0  memcpya.o(.text)
    __aeabi_dadd                             0x08000209   Thumb Code   322  dadd.o(.text)
    __aeabi_dsub                             0x0800034b   Thumb Code     6  dadd.o(.text)
    __aeabi_drsub                            0x08000351   Thumb Code     6  dadd.o(.text)
    __aeabi_dmul                             0x08000357   Thumb Code   228  dmul.o(.text)
    __aeabi_i2d                              0x0800043b   Thumb Code    34  dflti.o(.text)
    __aeabi_d2iz                             0x0800045d   Thumb Code    62  dfixi.o(.text)
    __aeabi_f2d                              0x0800049b   Thumb Code    38  f2d.o(.text)
    __aeabi_d2f                              0x080004c1   Thumb Code    56  d2f.o(.text)
    __aeabi_llsl                             0x080004f9   Thumb Code    30  llshl.o(.text)
    _ll_shift_l                              0x080004f9   Thumb Code     0  llshl.o(.text)
    __aeabi_llsr                             0x08000517   Thumb Code    32  llushr.o(.text)
    _ll_ushift_r                             0x08000517   Thumb Code     0  llushr.o(.text)
    __aeabi_lasr                             0x08000537   Thumb Code    36  llsshr.o(.text)
    _ll_sshift_r                             0x08000537   Thumb Code     0  llsshr.o(.text)
    __I$use$fp                               0x0800055b   Thumb Code     0  iusefp.o(.text)
    _float_round                             0x0800055b   Thumb Code    18  fepilogue.o(.text)
    _float_epilogue                          0x0800056d   Thumb Code    92  fepilogue.o(.text)
    _double_round                            0x080005c9   Thumb Code    30  depilogue.o(.text)
    _double_epilogue                         0x080005e7   Thumb Code   156  depilogue.o(.text)
    __scatterload                            0x08000685   Thumb Code    28  init.o(.text)
    __scatterload_rt2                        0x08000685   Thumb Code     0  init.o(.text)
    Analysis_Chassis_Gyro                    0x080006a9   Thumb Code   152  driver_gyro.o(i.Analysis_Chassis_Gyro)
    Analysis_Cloud_Gyro                      0x08000751   Thumb Code   152  driver_gyro.o(i.Analysis_Cloud_Gyro)
    Analysis_Judge                           0x080007f9   Thumb Code   596  driver_judge.o(i.Analysis_Judge)
    Analysis_RM_Can                          0x08000a61   Thumb Code   592  user_can.o(i.Analysis_RM_Can)
    Append_CRC16_Check_Sum                   0x08000cdd   Thumb Code    36  driver_judge.o(i.Append_CRC16_Check_Sum)
    Bell_Init                                0x08000d05   Thumb Code    52  user.o(i.Bell_Init)
    BusFault_Handler                         0x08000d3d   Thumb Code     2  stm32f4xx_it.o(i.BusFault_Handler)
    CAN1_RX0_IRQHandler                      0x08000d41   Thumb Code     6  stm32f4xx_it.o(i.CAN1_RX0_IRQHandler)
    CAN1_TX_IRQHandler                       0x08000d4d   Thumb Code     6  stm32f4xx_it.o(i.CAN1_TX_IRQHandler)
    CAN2_RX0_IRQHandler                      0x08000d59   Thumb Code     6  stm32f4xx_it.o(i.CAN2_RX0_IRQHandler)
    CAN2_TX_IRQHandler                       0x08000d65   Thumb Code     6  stm32f4xx_it.o(i.CAN2_TX_IRQHandler)
    CAN_Init                                 0x08000d71   Thumb Code   104  user_can.o(i.CAN_Init)
    Cap_Casual                               0x08000f6d   Thumb Code    42  driver_supcap.o(i.Cap_Casual)
    Cap_Mode                                 0x08000fa5   Thumb Code   164  driver_supcap.o(i.Cap_Mode)
    Chassis_Param_Set                        0x08001059   Thumb Code  1812  ctrl_chassis.o(i.Chassis_Param_Set)
    Cloud_Param_Set                          0x080017b5   Thumb Code  1470  ctrl_cloud.o(i.Cloud_Param_Set)
    Cloud_Target_Angle                       0x08001d91   Thumb Code   168  ctrl_cloud.o(i.Cloud_Target_Angle)
    DBUS_CheckPush                           0x08001e49   Thumb Code    16  driver_dbus.o(i.DBUS_CheckPush)
    DBUS_DataDecoding                        0x08001e5d   Thumb Code   138  driver_dbus.o(i.DBUS_DataDecoding)
    DBUS_InitConfig                          0x08001ef1   Thumb Code    28  driver_dbus.o(i.DBUS_InitConfig)
    DMA1_Stream1_IRQHandler                  0x08001f15   Thumb Code     6  stm32f4xx_it.o(i.DMA1_Stream1_IRQHandler)
    DMA1_Stream3_IRQHandler                  0x08001f21   Thumb Code     6  stm32f4xx_it.o(i.DMA1_Stream3_IRQHandler)
    DMA1_Stream4_IRQHandler                  0x08001f2d   Thumb Code     6  stm32f4xx_it.o(i.DMA1_Stream4_IRQHandler)
    DMA1_Stream5_IRQHandler                  0x08001f39   Thumb Code     6  stm32f4xx_it.o(i.DMA1_Stream5_IRQHandler)
    DMA1_Stream6_IRQHandler                  0x08001f45   Thumb Code     6  stm32f4xx_it.o(i.DMA1_Stream6_IRQHandler)
    DMA2_Stream1_IRQHandler                  0x08001f51   Thumb Code     6  stm32f4xx_it.o(i.DMA2_Stream1_IRQHandler)
    DMA2_Stream2_IRQHandler                  0x08001f5d   Thumb Code     6  stm32f4xx_it.o(i.DMA2_Stream2_IRQHandler)
    DMA2_Stream6_IRQHandler                  0x08001f69   Thumb Code     6  stm32f4xx_it.o(i.DMA2_Stream6_IRQHandler)
    Data_Display                             0x08001fc5   Thumb Code     2  driver_display.o(i.Data_Display)
    DebugMon_Handler                         0x08001fc7   Thumb Code     2  stm32f4xx_it.o(i.DebugMon_Handler)
    Filter                                   0x08001fc9   Thumb Code    26  control.o(i.Filter)
    Frame_Rate_Statistics                    0x08001fe5   Thumb Code   398  control.o(i.Frame_Rate_Statistics)
    Frict_Param_Set                          0x08002199   Thumb Code   180  ctrl_frict.o(i.Frict_Param_Set)
    Get_CRC16_Check_Sum                      0x08002261   Thumb Code    38  driver_judge.o(i.Get_CRC16_Check_Sum)
    Get_CRC8_Check_Sum                       0x0800228d   Thumb Code    24  driver_judge.o(i.Get_CRC8_Check_Sum)
    Get_Target_Angle                         0x080022a9   Thumb Code    90  driver_gyro.o(i.Get_Target_Angle)
    HAL_CAN_ConfigFilter                     0x08002319   Thumb Code   218  stm32f4xx_hal_can.o(i.HAL_CAN_ConfigFilter)
    HAL_CAN_ErrorCallback                    0x080023fd   Thumb Code     2  stm32f4xx_hal_can.o(i.HAL_CAN_ErrorCallback)
    HAL_CAN_IRQHandler                       0x08002401   Thumb Code   370  stm32f4xx_hal_can.o(i.HAL_CAN_IRQHandler)
    HAL_CAN_Init                             0x08002581   Thumb Code   328  stm32f4xx_hal_can.o(i.HAL_CAN_Init)
    HAL_CAN_MspInit                          0x080026c9   Thumb Code   204  can.o(i.HAL_CAN_MspInit)
    HAL_CAN_RxCpltCallback                   0x080027ad   Thumb Code    50  user_can.o(i.HAL_CAN_RxCpltCallback)
    HAL_CAN_Transmit                         0x080027e9   Thumb Code   390  stm32f4xx_hal_can.o(i.HAL_CAN_Transmit)
    HAL_CAN_TxCpltCallback                   0x0800297d   Thumb Code     2  stm32f4xx_hal_can.o(i.HAL_CAN_TxCpltCallback)
    HAL_DMA_Abort                            0x08002981   Thumb Code    84  stm32f4xx_hal_dma.o(i.HAL_DMA_Abort)
    HAL_DMA_IRQHandler                       0x080029d5   Thumb Code   412  stm32f4xx_hal_dma.o(i.HAL_DMA_IRQHandler)
    HAL_DMA_Init                             0x08002b75   Thumb Code   116  stm32f4xx_hal_dma.o(i.HAL_DMA_Init)
    HAL_DMA_Start_IT                         0x08002bed   Thumb Code    78  stm32f4xx_hal_dma.o(i.HAL_DMA_Start_IT)
    HAL_Delay                                0x08002c3b   Thumb Code    22  stm32f4xx_hal.o(i.HAL_Delay)
    HAL_GPIO_Init                            0x08002c51   Thumb Code   408  stm32f4xx_hal_gpio.o(i.HAL_GPIO_Init)
    HAL_GPIO_TogglePin                       0x08002e1d   Thumb Code     8  stm32f4xx_hal_gpio.o(i.HAL_GPIO_TogglePin)
    HAL_GPIO_WritePin                        0x08002e25   Thumb Code    10  stm32f4xx_hal_gpio.o(i.HAL_GPIO_WritePin)
    HAL_GetTick                              0x08002e31   Thumb Code     6  stm32f4xx_hal.o(i.HAL_GetTick)
    HAL_I2C_Init                             0x08002e3d   Thumb Code   254  stm32f4xx_hal_i2c.o(i.HAL_I2C_Init)
    HAL_I2C_Master_Transmit                  0x08002f45   Thumb Code   306  stm32f4xx_hal_i2c.o(i.HAL_I2C_Master_Transmit)
    HAL_I2C_MspInit                          0x08003081   Thumb Code    60  i2c.o(i.HAL_I2C_MspInit)
    HAL_IncTick                              0x080030c9   Thumb Code    10  stm32f4xx_hal.o(i.HAL_IncTick)
    HAL_Init                                 0x080030d9   Thumb Code    48  stm32f4xx_hal.o(i.HAL_Init)
    HAL_InitTick                             0x0800310d   Thumb Code    34  stm32f4xx_hal.o(i.HAL_InitTick)
    HAL_MspInit                              0x0800312f   Thumb Code    68  stm32f4xx_hal_msp.o(i.HAL_MspInit)
    HAL_NVIC_EnableIRQ                       0x08003173   Thumb Code    22  stm32f4xx_hal_cortex.o(i.HAL_NVIC_EnableIRQ)
    HAL_NVIC_SetPriority                     0x08003189   Thumb Code    60  stm32f4xx_hal_cortex.o(i.HAL_NVIC_SetPriority)
    HAL_NVIC_SetPriorityGrouping             0x080031c9   Thumb Code    26  stm32f4xx_hal_cortex.o(i.HAL_NVIC_SetPriorityGrouping)
    HAL_PWREx_EnableOverDrive                0x080031ed   Thumb Code   126  stm32f4xx_hal_pwr_ex.o(i.HAL_PWREx_EnableOverDrive)
    HAL_RCC_ClockConfig                      0x08003279   Thumb Code   312  stm32f4xx_hal_rcc.o(i.HAL_RCC_ClockConfig)
    HAL_RCC_GetHCLKFreq                      0x080033b9   Thumb Code    38  stm32f4xx_hal_rcc.o(i.HAL_RCC_GetHCLKFreq)
    HAL_RCC_GetPCLK1Freq                     0x080033ed   Thumb Code    36  stm32f4xx_hal_rcc.o(i.HAL_RCC_GetPCLK1Freq)
    HAL_RCC_GetPCLK2Freq                     0x08003419   Thumb Code    36  stm32f4xx_hal_rcc.o(i.HAL_RCC_GetPCLK2Freq)
    HAL_RCC_GetSysClockFreq                  0x08003445   Thumb Code   104  stm32f4xx_hal_rcc.o(i.HAL_RCC_GetSysClockFreq)
    HAL_RCC_OscConfig                        0x080034b9   Thumb Code   722  stm32f4xx_hal_rcc.o(i.HAL_RCC_OscConfig)
    HAL_SPI_Init                             0x0800379d   Thumb Code   140  stm32f4xx_hal_spi.o(i.HAL_SPI_Init)
    HAL_SPI_MspInit                          0x08003829   Thumb Code    64  spi.o(i.HAL_SPI_MspInit)
    HAL_SYSTICK_CLKSourceConfig              0x08003875   Thumb Code    24  stm32f4xx_hal_cortex.o(i.HAL_SYSTICK_CLKSourceConfig)
    HAL_SYSTICK_Callback                     0x0800388d   Thumb Code     2  stm32f4xx_hal_cortex.o(i.HAL_SYSTICK_Callback)
    HAL_SYSTICK_Config                       0x0800388f   Thumb Code    40  stm32f4xx_hal_cortex.o(i.HAL_SYSTICK_Config)
    HAL_SYSTICK_IRQHandler                   0x080038b7   Thumb Code     8  stm32f4xx_hal_cortex.o(i.HAL_SYSTICK_IRQHandler)
    HAL_TIMEx_BreakCallback                  0x080038bf   Thumb Code     2  stm32f4xx_hal_tim_ex.o(i.HAL_TIMEx_BreakCallback)
    HAL_TIMEx_CommutationCallback            0x080038c1   Thumb Code     2  stm32f4xx_hal_tim_ex.o(i.HAL_TIMEx_CommutationCallback)
    HAL_TIMEx_ConfigBreakDeadTime            0x080038c3   Thumb Code    66  stm32f4xx_hal_tim_ex.o(i.HAL_TIMEx_ConfigBreakDeadTime)
    HAL_TIMEx_MasterConfigSynchronization    0x08003905   Thumb Code    80  stm32f4xx_hal_tim_ex.o(i.HAL_TIMEx_MasterConfigSynchronization)
    HAL_TIM_Base_Init                        0x08003955   Thumb Code    54  stm32f4xx_hal_tim.o(i.HAL_TIM_Base_Init)
    HAL_TIM_Base_MspInit                     0x0800398d   Thumb Code    86  tim.o(i.HAL_TIM_Base_MspInit)
    HAL_TIM_Base_Start_IT                    0x080039f1   Thumb Code    24  stm32f4xx_hal_tim.o(i.HAL_TIM_Base_Start_IT)
    HAL_TIM_IC_CaptureCallback               0x08003a09   Thumb Code     2  stm32f4xx_hal_tim.o(i.HAL_TIM_IC_CaptureCallback)
    HAL_TIM_IRQHandler                       0x08003a0b   Thumb Code   358  stm32f4xx_hal_tim.o(i.HAL_TIM_IRQHandler)
    HAL_TIM_MspPostInit                      0x08003b71   Thumb Code    92  tim.o(i.HAL_TIM_MspPostInit)
    HAL_TIM_OC_DelayElapsedCallback          0x08003be1   Thumb Code     2  stm32f4xx_hal_tim.o(i.HAL_TIM_OC_DelayElapsedCallback)
    HAL_TIM_PWM_ConfigChannel                0x08003be3   Thumb Code   208  stm32f4xx_hal_tim.o(i.HAL_TIM_PWM_ConfigChannel)
    HAL_TIM_PWM_Init                         0x08003cb3   Thumb Code    54  stm32f4xx_hal_tim.o(i.HAL_TIM_PWM_Init)
    HAL_TIM_PWM_MspInit                      0x08003ce9   Thumb Code    56  tim.o(i.HAL_TIM_PWM_MspInit)
    HAL_TIM_PWM_PulseFinishedCallback        0x08003d2d   Thumb Code     2  stm32f4xx_hal_tim.o(i.HAL_TIM_PWM_PulseFinishedCallback)
    HAL_TIM_PWM_Start                        0x08003d31   Thumb Code    48  stm32f4xx_hal_tim.o(i.HAL_TIM_PWM_Start)
    HAL_TIM_PeriodElapsedCallback            0x08003d69   Thumb Code   682  control.o(i.HAL_TIM_PeriodElapsedCallback)
    HAL_TIM_TriggerCallback                  0x08004055   Thumb Code     2  stm32f4xx_hal_tim.o(i.HAL_TIM_TriggerCallback)
    HAL_UART_DMAStop                         0x08004057   Thumb Code    52  stm32f4xx_hal_uart.o(i.HAL_UART_DMAStop)
    HAL_UART_ErrorCallback                   0x0800408b   Thumb Code     2  stm32f4xx_hal_uart.o(i.HAL_UART_ErrorCallback)
    HAL_UART_IRQHandler                      0x0800408d   Thumb Code   232  stm32f4xx_hal_uart.o(i.HAL_UART_IRQHandler)
    HAL_UART_Init                            0x08004175   Thumb Code    98  stm32f4xx_hal_uart.o(i.HAL_UART_Init)
    HAL_UART_MspInit                         0x080041d9   Thumb Code   730  usart.o(i.HAL_UART_MspInit)
    HAL_UART_Receive_DMA                     0x080044f5   Thumb Code   106  stm32f4xx_hal_uart.o(i.HAL_UART_Receive_DMA)
    HAL_UART_RxCpltCallback                  0x0800456d   Thumb Code     2  user_usart.o(i.HAL_UART_RxCpltCallback)
    HAL_UART_RxHalfCpltCallback              0x0800456f   Thumb Code     2  stm32f4xx_hal_uart.o(i.HAL_UART_RxHalfCpltCallback)
    HAL_UART_Transmit_DMA                    0x08004571   Thumb Code   110  stm32f4xx_hal_uart.o(i.HAL_UART_Transmit_DMA)
    HAL_UART_TxCpltCallback                  0x080045ed   Thumb Code     2  stm32f4xx_hal_uart.o(i.HAL_UART_TxCpltCallback)
    HAL_UART_TxHalfCpltCallback              0x080045ef   Thumb Code     2  stm32f4xx_hal_uart.o(i.HAL_UART_TxHalfCpltCallback)
    HardFault_Handler                        0x080045f1   Thumb Code     2  stm32f4xx_it.o(i.HardFault_Handler)
    Hierogram_Get                            0x080045f5   Thumb Code   376  driver_hierogram.o(i.Hierogram_Get)
    Init_Ninming                             0x080049a9   Thumb Code     6  driver_niming.o(i.Init_Ninming)
    LED_Set                                  0x080049b5   Thumb Code   110  driver_display.o(i.LED_Set)
    M2006_PID_Set                            0x08004a35   Thumb Code    64  ctrl_rammer.o(i.M2006_PID_Set)
    M3508_PID_Set                            0x08004a79   Thumb Code   180  ctrl_chassis.o(i.M3508_PID_Set)
    M6623_PID_Set                            0x08004b31   Thumb Code   242  ctrl_cloud.o(i.M6623_PID_Set)
    MX_CAN1_Init                             0x08004c39   Thumb Code    48  can.o(i.MX_CAN1_Init)
    MX_CAN2_Init                             0x08004c71   Thumb Code    48  can.o(i.MX_CAN2_Init)
    MX_DMA_Init                              0x08004ca9   Thumb Code   168  dma.o(i.MX_DMA_Init)
    MX_GPIO_Init                             0x08004d55   Thumb Code   336  gpio.o(i.MX_GPIO_Init)
    MX_I2C2_Init                             0x08004ebd   Thumb Code    36  i2c.o(i.MX_I2C2_Init)
    MX_SPI5_Init                             0x08004eed   Thumb Code    44  spi.o(i.MX_SPI5_Init)
    MX_TIM12_Init                            0x08004f21   Thumb Code    60  tim.o(i.MX_TIM12_Init)
    MX_TIM1_Init                             0x08004f65   Thumb Code   142  tim.o(i.MX_TIM1_Init)
    MX_TIM6_Init                             0x08004ffd   Thumb Code    40  tim.o(i.MX_TIM6_Init)
    MX_TIM7_Init                             0x0800502d   Thumb Code    42  tim.o(i.MX_TIM7_Init)
    MX_UART7_Init                            0x08005061   Thumb Code    32  usart.o(i.MX_UART7_Init)
    MX_UART8_Init                            0x08005089   Thumb Code    32  usart.o(i.MX_UART8_Init)
    MX_USART1_UART_Init                      0x080050b1   Thumb Code    30  usart.o(i.MX_USART1_UART_Init)
    MX_USART2_UART_Init                      0x080050dd   Thumb Code    32  usart.o(i.MX_USART2_UART_Init)
    MX_USART3_UART_Init                      0x08005105   Thumb Code    32  usart.o(i.MX_USART3_UART_Init)
    MX_USART6_UART_Init                      0x0800512d   Thumb Code    32  usart.o(i.MX_USART6_UART_Init)
    MecanumCalculate                         0x08005155   Thumb Code   358  ctrl_chassis.o(i.MecanumCalculate)
    MemManage_Handler                        0x080052e1   Thumb Code     2  stm32f4xx_it.o(i.MemManage_Handler)
    Mode_Set                                 0x080052e5   Thumb Code    76  control.o(i.Mode_Set)
    Motor_Param_Init                         0x08005335   Thumb Code   684  user.o(i.Motor_Param_Init)
    NMI_Handler                              0x08005635   Thumb Code     2  stm32f4xx_it.o(i.NMI_Handler)
    OLED_Fill                                0x08005659   Thumb Code    84  dirver_oled.o(i.OLED_Fill)
    OLED_Init                                0x080056b1   Thumb Code    64  dirver_oled.o(i.OLED_Init)
    OLED_SetPos                              0x08005719   Thumb Code    58  dirver_oled.o(i.OLED_SetPos)
    OLED_ShowStr                             0x08005759   Thumb Code   212  dirver_oled.o(i.OLED_ShowStr)
    PC_Data_Analysis                         0x08005835   Thumb Code   158  driver_hierogram.o(i.PC_Data_Analysis)
    PID_struct_init                          0x080058e1   Thumb Code    16  driver_pid.o(i.PID_struct_init)
    Play_OLED_Chassis_Init                   0x080058f9   Thumb Code    42  dirver_oled.o(i.Play_OLED_Chassis_Init)
    Power_Limit                              0x0800593d   Thumb Code   202  ctrl_chassis.o(i.Power_Limit)
    Rammer_Angle                             0x08005a11   Thumb Code    90  ctrl_rammer.o(i.Rammer_Angle)
    Rammer_Param_Set                         0x08005a79   Thumb Code   308  ctrl_rammer.o(i.Rammer_Param_Set)
    Read_Cap_State                           0x08005bd1   Thumb Code    76  driver_supcap.o(i.Read_Cap_State)
    Read_M6623_First_Angle                   0x08005c29   Thumb Code    16  ctrl_cloud.o(i.Read_M6623_First_Angle)
    Set_moto_current                         0x08005c3d   Thumb Code    76  user_can.o(i.Set_moto_current)
    SysTick_Handler                          0x08005c89   Thumb Code    14  stm32f4xx_it.o(i.SysTick_Handler)
    SystemClock_Config                       0x08005c99   Thumb Code   142  main.o(i.SystemClock_Config)
    SystemInit                               0x08005d31   Thumb Code    66  system_stm32f4xx.o(i.SystemInit)
    TIM6_DAC_IRQHandler                      0x08005d85   Thumb Code     6  stm32f4xx_it.o(i.TIM6_DAC_IRQHandler)
    TIM7_IRQHandler                          0x08005d91   Thumb Code     6  stm32f4xx_it.o(i.TIM7_IRQHandler)
    TIM_Base_SetConfig                       0x08005d9d   Thumb Code   148  stm32f4xx_hal_tim.o(i.TIM_Base_SetConfig)
    TIM_CCxChannelCmd                        0x08005e5d   Thumb Code    22  stm32f4xx_hal_tim.o(i.TIM_CCxChannelCmd)
    TIM_Init                                 0x08005e75   Thumb Code    58  user_tim.o(i.TIM_Init)
    TIM_OC2_SetConfig                        0x08005f19   Thumb Code    90  stm32f4xx_hal_tim.o(i.TIM_OC2_SetConfig)
    Transmit_Judge                           0x0800602d   Thumb Code   128  driver_judge.o(i.Transmit_Judge)
    UART7_IRQHandler                         0x080060b9   Thumb Code    52  stm32f4xx_it.o(i.UART7_IRQHandler)
    UART8_IRQHandler                         0x080060fd   Thumb Code    52  stm32f4xx_it.o(i.UART8_IRQHandler)
    UART_Init                                0x080061cd   Thumb Code    78  user_usart.o(i.UART_Init)
    USART1_IRQHandler                        0x080065dd   Thumb Code    70  stm32f4xx_it.o(i.USART1_IRQHandler)
    USART2_IRQHandler                        0x08006639   Thumb Code    38  stm32f4xx_it.o(i.USART2_IRQHandler)
    USART3_IRQHandler                        0x0800666d   Thumb Code    54  stm32f4xx_it.o(i.USART3_IRQHandler)
    USART6_IRQHandler                        0x080066b5   Thumb Code    52  stm32f4xx_it.o(i.USART6_IRQHandler)
    UsageFault_Handler                       0x080066f9   Thumb Code     2  stm32f4xx_it.o(i.UsageFault_Handler)
    Verify_CRC16_Check_Sum                   0x080066fd   Thumb Code    62  driver_judge.o(i.Verify_CRC16_Check_Sum)
    WriteDat                                 0x08006741   Thumb Code    34  dirver_oled.o(i.WriteDat)
    __scatterload_copy                       0x0800676d   Thumb Code    14  handlers.o(i.__scatterload_copy)
    __scatterload_null                       0x0800677b   Thumb Code     2  handlers.o(i.__scatterload_null)
    __scatterload_zeroinit                   0x0800677d   Thumb Code    14  handlers.o(i.__scatterload_zeroinit)
    abs_limit                                0x0800678b   Thumb Code    42  driver_pid.o(i.abs_limit)
    main                                     0x080067b5   Thumb Code   134  main.o(i.main)
    pid_calc                                 0x08006845   Thumb Code  1232  driver_pid.o(i.pid_calc)
    APBAHBPrescTable                         0x08006d28   Data          16  stm32f4xx_hal_rcc.o(.constdata)
    CRC8_TAB                                 0x08006d40   Data         256  driver_judge.o(.constdata)
    wCRC_Table                               0x08006e40   Data         512  driver_judge.o(.constdata)
    F6x8                                     0x08007040   Data         552  dirver_oled.o(.constdata)
    F8X16                                    0x08007268   Data        1520  dirver_oled.o(.constdata)
    Rammer_Max_Angle                         0x08007858   Data           4  ctrl_rammer.o(.constdata)
    Pitch_Min                                0x0800785c   Data           4  ctrl_cloud.o(.constdata)
    Region$$Table$$Base                      0x08007860   Number         0  anon$$obj.o(Region$$Table)
    Region$$Table$$Limit                     0x08007880   Number         0  anon$$obj.o(Region$$Table)
    UARTtemp                                 0x20000004   Data           1  stm32f4xx_it.o(.data)
    SystemCoreClock                          0x20000008   Data           4  system_stm32f4xx.o(.data)
    uwTick                                   0x2000000c   Data           4  stm32f4xx_hal.o(.data)
    Meter_Power_Limit                        0x20000010   Data           1  user_can.o(.data)
    Type                                     0x20000014   Data           4  user_can.o(.data)
    Cur_Meter                                0x20000018   Data           8  user_can.o(.data)
    DBUSFrameCounter                         0x20000020   Data           1  driver_dbus.o(.data)
    DBUSFrameRate                            0x20000021   Data           1  driver_dbus.o(.data)
    DBUSConnectStatus                        0x20000022   Data           1  driver_dbus.o(.data)
    Remote                                   0x20000024   Data           8  driver_dbus.o(.data)
    Judge_Power_Limit                        0x2000002d   Data           1  driver_judge.o(.data)
    CRC_INIT                                 0x2000002e   Data           2  driver_judge.o(.data)
    Judge_RobotHurt                          0x20000030   Data           2  driver_judge.o(.data)
    Judge_RobotRfidDetect                    0x20000032   Data           2  driver_judge.o(.data)
    Judge_RobotGetBuff                       0x20000034   Data           2  driver_judge.o(.data)
    wExpected                                0x20000036   Data           2  driver_judge.o(.data)
    JudgeFrameCounter                        0x20000038   Data           4  driver_judge.o(.data)
    JudgeFrameRate                           0x2000003c   Data           4  driver_judge.o(.data)
    Judge_RobotShootData                     0x20000040   Data           6  driver_judge.o(.data)
    Judge_RobotState                         0x20000046   Data           8  driver_judge.o(.data)
    Judge                                    0x20000050   Data           8  driver_judge.o(.data)
    Hierogram_flag                           0x2000005c   Data           1  driver_hierogram.o(.data)
    Hierogram_Y                              0x20000062   Data           2  driver_hierogram.o(.data)
    Hierogram_X                              0x20000064   Data           2  driver_hierogram.o(.data)
    Target_Auto_Yaw                          0x20000068   Data           4  driver_hierogram.o(.data)
    Target_Auto_Pitch                        0x2000006c   Data           4  driver_hierogram.o(.data)
    PC_Data                                  0x20000070   Data           8  driver_hierogram.o(.data)
    Gyro_Init_flag                           0x20000078   Data           1  driver_gyro.o(.data)
    ERror                                    0x2000007e   Data           2  driver_gyro.o(.data)
    user_i2c                                 0x20000080   Data           4  dirver_oled.o(.data)
    user_Time                                0x20000084   Data           4  driver_niming.o(.data)
    user_huart                               0x20000088   Data           4  driver_niming.o(.data)
    CAP_OFF                                  0x2000008c   Data           1  driver_supcap.o(.data)
    Sup_Cap                                  0x2000008e   Data           1  driver_supcap.o(.data)
    Mode                                     0x20000090   Data           1  control.o(.data)
    Flag1_1Hz                                0x20000091   Data           1  control.o(.data)
    Flag1_10Hz                               0x20000092   Data           1  control.o(.data)
    Flag1_20Hz                               0x20000093   Data           1  control.o(.data)
    Flag1_50Hz                               0x20000094   Data           1  control.o(.data)
    Flag2_1Hz                                0x20000095   Data           1  control.o(.data)
    Flag2_10Hz                               0x20000096   Data           1  control.o(.data)
    Flag2_20Hz                               0x20000097   Data           1  control.o(.data)
    Flag2_50Hz                               0x20000098   Data           1  control.o(.data)
    Flag3_1Hz                                0x20000099   Data           1  control.o(.data)
    Flag3_10Hz                               0x2000009a   Data           1  control.o(.data)
    Flag3_20Hz                               0x2000009b   Data           1  control.o(.data)
    Flag3_50Hz                               0x2000009c   Data           1  control.o(.data)
    Cnt_1Hz                                  0x2000009e   Data           2  control.o(.data)
    Cnt_10Hz                                 0x200000a0   Data           2  control.o(.data)
    Cnt_20Hz                                 0x200000a2   Data           2  control.o(.data)
    Cnt_50Hz                                 0x200000a4   Data           2  control.o(.data)
    First_Yaw_Angle                          0x200000a6   Data           2  control.o(.data)
    First_Pitch_Angle                        0x200000a8   Data           2  control.o(.data)
    Mou_x                                    0x200000ac   Data           4  control.o(.data)
    Mou_y                                    0x200000b0   Data           4  control.o(.data)
    Hierogram_Shoot                          0x200000b4   Data           1  ctrl_rammer.o(.data)
    Shoot                                    0x200000b8   Data           6  ctrl_rammer.o(.data)
    MaxWheelSpeed                            0x200000c2   Data           2  ctrl_chassis.o(.data)
    FRICT_SPEED                              0x200000d6   Data           2  ctrl_frict.o(.data)
    hcan1                                    0x200000d8   Data          64  can.o(.bss)
    hcan2                                    0x20000118   Data          64  can.o(.bss)
    hi2c2                                    0x20000158   Data          68  i2c.o(.bss)
    hspi5                                    0x2000019c   Data          88  spi.o(.bss)
    htim1                                    0x200001f4   Data          60  tim.o(.bss)
    htim6                                    0x20000230   Data          60  tim.o(.bss)
    htim7                                    0x2000026c   Data          60  tim.o(.bss)
    htim12                                   0x200002a8   Data          60  tim.o(.bss)
    huart7                                   0x200002e4   Data          64  usart.o(.bss)
    huart8                                   0x20000324   Data          64  usart.o(.bss)
    huart1                                   0x20000364   Data          64  usart.o(.bss)
    huart2                                   0x200003a4   Data          64  usart.o(.bss)
    huart3                                   0x200003e4   Data          64  usart.o(.bss)
    huart6                                   0x20000424   Data          64  usart.o(.bss)
    hdma_uart7_rx                            0x20000464   Data          88  usart.o(.bss)
    hdma_uart8_rx                            0x200004bc   Data          88  usart.o(.bss)
    hdma_usart1_rx                           0x20000514   Data          88  usart.o(.bss)
    hdma_usart2_rx                           0x2000056c   Data          88  usart.o(.bss)
    hdma_usart3_rx                           0x200005c4   Data          88  usart.o(.bss)
    hdma_usart3_tx                           0x2000061c   Data          88  usart.o(.bss)
    hdma_usart6_rx                           0x20000674   Data          88  usart.o(.bss)
    hdma_usart6_tx                           0x200006cc   Data          88  usart.o(.bss)
    DBUSBuffer                               0x200007a4   Data          19  driver_dbus.o(.bss)
    DBUS_ReceiveData                         0x200007b8   Data          24  driver_dbus.o(.bss)
    LASTDBUS_ReceiveData                     0x200007d0   Data          24  driver_dbus.o(.bss)
    JudgeDataBuffer                          0x200007e8   Data         150  driver_judge.o(.bss)
    InfantryJudge                            0x20000880   Data          16  driver_judge.o(.bss)
    Judge_RobotPowerHeatData                 0x20000890   Data          20  driver_judge.o(.bss)
    Judge_RobotPos                           0x200008a4   Data          16  driver_judge.o(.bss)
    pchMessage                               0x200008b4   Data          22  driver_judge.o(.bss)
    Hierogram                                0x200008ca   Data          20  driver_hierogram.o(.bss)
    Hierogram_Yaw                            0x200008de   Data          18  driver_hierogram.o(.bss)
    Hierogram_Pitch                          0x200008f0   Data          18  driver_hierogram.o(.bss)
    Auto_Yaw_PID                             0x20000904   Data         108  driver_hierogram.o(.bss)
    Auto_Pitch_PID                           0x20000970   Data         108  driver_hierogram.o(.bss)
    Cloud_Gyro_Data                          0x200009dc   Data          20  driver_gyro.o(.bss)
    Chassis_Gyro_Data                        0x200009f0   Data          20  driver_gyro.o(.bss)
    Current_Meter                            0x20000a04   Data          16  control.o(.bss)
    ChassisParam                             0x20000a14   Data        1212  control.o(.bss)
    CloudParam                               0x20000ed0   Data        1264  control.o(.bss)
    M2006                                    0x200013c0   Data         276  control.o(.bss)
    Buffer                                   0x200014d4   Data          16  ctrl_chassis.o(.bss)
    __initial_sp                             0x200018e8   Data           0  startup_stm32f427xx.o(STACK)



==============================================================================

Memory Map of the image

  Image Entry point : 0x080001ad

  Load Region LR_IROM1 (Base: 0x08000000, Size: 0x00007958, Max: 0x00200000, ABSOLUTE)

    Execution Region ER_IROM1 (Exec base: 0x08000000, Load base: 0x08000000, Size: 0x00007880, Max: 0x00200000, ABSOLUTE)

    Exec Addr    Load Addr    Size         Type   Attr      Idx    E Section Name        Object

    0x08000000   0x08000000   0x000001ac   Data   RO            3    RESET               startup_stm32f427xx.o
    0x080001ac   0x080001ac   0x00000000   Code   RO         4813  * .ARM.Collect$$$$00000000  mc_w.l(entry.o)
    0x080001ac   0x080001ac   0x00000004   Code   RO         5092    .ARM.Collect$$$$00000001  mc_w.l(entry2.o)
    0x080001b0   0x080001b0   0x00000004   Code   RO         5095    .ARM.Collect$$$$00000004  mc_w.l(entry5.o)
    0x080001b4   0x080001b4   0x00000000   Code   RO         5097    .ARM.Collect$$$$00000008  mc_w.l(entry7b.o)
    0x080001b4   0x080001b4   0x00000000   Code   RO         5099    .ARM.Collect$$$$0000000A  mc_w.l(entry8b.o)
    0x080001b4   0x080001b4   0x00000008   Code   RO         5100    .ARM.Collect$$$$0000000B  mc_w.l(entry9a.o)
    0x080001bc   0x080001bc   0x00000000   Code   RO         5102    .ARM.Collect$$$$0000000D  mc_w.l(entry10a.o)
    0x080001bc   0x080001bc   0x00000000   Code   RO         5104    .ARM.Collect$$$$0000000F  mc_w.l(entry11a.o)
    0x080001bc   0x080001bc   0x00000004   Code   RO         5093    .ARM.Collect$$$$00002712  mc_w.l(entry2.o)
    0x080001c0   0x080001c0   0x00000024   Code   RO            4    .text               startup_stm32f427xx.o
    0x080001e4   0x080001e4   0x00000024   Code   RO         4816    .text               mc_w.l(memcpya.o)
    0x08000208   0x08000208   0x0000014e   Code   RO         5080    .text               mf_w.l(dadd.o)
    0x08000356   0x08000356   0x000000e4   Code   RO         5082    .text               mf_w.l(dmul.o)
    0x0800043a   0x0800043a   0x00000022   Code   RO         5084    .text               mf_w.l(dflti.o)
    0x0800045c   0x0800045c   0x0000003e   Code   RO         5086    .text               mf_w.l(dfixi.o)
    0x0800049a   0x0800049a   0x00000026   Code   RO         5088    .text               mf_w.l(f2d.o)
    0x080004c0   0x080004c0   0x00000038   Code   RO         5090    .text               mf_w.l(d2f.o)
    0x080004f8   0x080004f8   0x0000001e   Code   RO         5110    .text               mc_w.l(llshl.o)
    0x08000516   0x08000516   0x00000020   Code   RO         5112    .text               mc_w.l(llushr.o)
    0x08000536   0x08000536   0x00000024   Code   RO         5114    .text               mc_w.l(llsshr.o)
    0x0800055a   0x0800055a   0x00000000   Code   RO         5116    .text               mc_w.l(iusefp.o)
    0x0800055a   0x0800055a   0x0000006e   Code   RO         5117    .text               mf_w.l(fepilogue.o)
    0x080005c8   0x080005c8   0x000000ba   Code   RO         5119    .text               mf_w.l(depilogue.o)
    0x08000682   0x08000682   0x00000002   PAD
    0x08000684   0x08000684   0x00000024   Code   RO         5127    .text               mc_w.l(init.o)
    0x080006a8   0x080006a8   0x000000a8   Code   RO         4285    i.Analysis_Chassis_Gyro  driver_gyro.o
    0x08000750   0x08000750   0x000000a8   Code   RO         4286    i.Analysis_Cloud_Gyro  driver_gyro.o
    0x080007f8   0x080007f8   0x00000268   Code   RO         4127    i.Analysis_Judge    driver_judge.o
    0x08000a60   0x08000a60   0x0000027c   Code   RO         3940    i.Analysis_RM_Can   user_can.o
    0x08000cdc   0x08000cdc   0x00000028   Code   RO         4128    i.Append_CRC16_Check_Sum  driver_judge.o
    0x08000d04   0x08000d04   0x00000038   Code   RO         3838    i.Bell_Init         user.o
    0x08000d3c   0x08000d3c   0x00000002   Code   RO          569    i.BusFault_Handler  stm32f4xx_it.o
    0x08000d3e   0x08000d3e   0x00000002   PAD
    0x08000d40   0x08000d40   0x0000000c   Code   RO          570    i.CAN1_RX0_IRQHandler  stm32f4xx_it.o
    0x08000d4c   0x08000d4c   0x0000000c   Code   RO          571    i.CAN1_TX_IRQHandler  stm32f4xx_it.o
    0x08000d58   0x08000d58   0x0000000c   Code   RO          572    i.CAN2_RX0_IRQHandler  stm32f4xx_it.o
    0x08000d64   0x08000d64   0x0000000c   Code   RO          573    i.CAN2_TX_IRQHandler  stm32f4xx_it.o
    0x08000d70   0x08000d70   0x00000074   Code   RO         3941    i.CAN_Init          user_can.o
    0x08000de4   0x08000de4   0x00000128   Code   RO          839    i.CAN_Receive_IT    stm32f4xx_hal_can.o
    0x08000f0c   0x08000f0c   0x00000060   Code   RO          840    i.CAN_Transmit_IT   stm32f4xx_hal_can.o
    0x08000f6c   0x08000f6c   0x00000038   Code   RO         4522    i.Cap_Casual        driver_supcap.o
    0x08000fa4   0x08000fa4   0x000000b4   Code   RO         4523    i.Cap_Mode          driver_supcap.o
    0x08001058   0x08001058   0x0000075c   Code   RO         4687    i.Chassis_Param_Set  ctrl_chassis.o
    0x080017b4   0x080017b4   0x000005dc   Code   RO         4733    i.Cloud_Param_Set   ctrl_cloud.o
    0x08001d90   0x08001d90   0x000000b8   Code   RO         4734    i.Cloud_Target_Angle  ctrl_cloud.o
    0x08001e48   0x08001e48   0x00000014   Code   RO         4063    i.DBUS_CheckPush    driver_dbus.o
    0x08001e5c   0x08001e5c   0x00000094   Code   RO         4064    i.DBUS_DataDecoding  driver_dbus.o
    0x08001ef0   0x08001ef0   0x00000024   Code   RO         4065    i.DBUS_InitConfig   driver_dbus.o
    0x08001f14   0x08001f14   0x0000000c   Code   RO          574    i.DMA1_Stream1_IRQHandler  stm32f4xx_it.o
    0x08001f20   0x08001f20   0x0000000c   Code   RO          575    i.DMA1_Stream3_IRQHandler  stm32f4xx_it.o
    0x08001f2c   0x08001f2c   0x0000000c   Code   RO          576    i.DMA1_Stream4_IRQHandler  stm32f4xx_it.o
    0x08001f38   0x08001f38   0x0000000c   Code   RO          577    i.DMA1_Stream5_IRQHandler  stm32f4xx_it.o
    0x08001f44   0x08001f44   0x0000000c   Code   RO          578    i.DMA1_Stream6_IRQHandler  stm32f4xx_it.o
    0x08001f50   0x08001f50   0x0000000c   Code   RO          579    i.DMA2_Stream1_IRQHandler  stm32f4xx_it.o
    0x08001f5c   0x08001f5c   0x0000000c   Code   RO          580    i.DMA2_Stream2_IRQHandler  stm32f4xx_it.o
    0x08001f68   0x08001f68   0x0000000c   Code   RO          581    i.DMA2_Stream6_IRQHandler  stm32f4xx_it.o
    0x08001f74   0x08001f74   0x00000028   Code   RO         3632    i.DMA_CalcBaseAndBitshift  stm32f4xx_hal_dma.o
    0x08001f9c   0x08001f9c   0x00000028   Code   RO         3633    i.DMA_SetConfig     stm32f4xx_hal_dma.o
    0x08001fc4   0x08001fc4   0x00000002   Code   RO         4210    i.Data_Display      driver_display.o
    0x08001fc6   0x08001fc6   0x00000002   Code   RO          582    i.DebugMon_Handler  stm32f4xx_it.o
    0x08001fc8   0x08001fc8   0x0000001a   Code   RO         4576    i.Filter            control.o
    0x08001fe2   0x08001fe2   0x00000002   PAD
    0x08001fe4   0x08001fe4   0x000001b4   Code   RO         4577    i.Frame_Rate_Statistics  control.o
    0x08002198   0x08002198   0x000000c8   Code   RO         4786    i.Frict_Param_Set   ctrl_frict.o
    0x08002260   0x08002260   0x0000002c   Code   RO         4130    i.Get_CRC16_Check_Sum  driver_judge.o
    0x0800228c   0x0800228c   0x0000001c   Code   RO         4131    i.Get_CRC8_Check_Sum  driver_judge.o
    0x080022a8   0x080022a8   0x00000070   Code   RO         4290    i.Get_Target_Angle  driver_gyro.o
    0x08002318   0x08002318   0x000000e4   Code   RO          841    i.HAL_CAN_ConfigFilter  stm32f4xx_hal_can.o
    0x080023fc   0x080023fc   0x00000002   Code   RO          843    i.HAL_CAN_ErrorCallback  stm32f4xx_hal_can.o
    0x080023fe   0x080023fe   0x00000002   PAD
    0x08002400   0x08002400   0x00000180   Code   RO          846    i.HAL_CAN_IRQHandler  stm32f4xx_hal_can.o
    0x08002580   0x08002580   0x00000148   Code   RO          847    i.HAL_CAN_Init      stm32f4xx_hal_can.o
    0x080026c8   0x080026c8   0x000000e4   Code   RO          246    i.HAL_CAN_MspInit   can.o
    0x080027ac   0x080027ac   0x0000003c   Code   RO         3942    i.HAL_CAN_RxCpltCallback  user_can.o
    0x080027e8   0x080027e8   0x00000194   Code   RO          854    i.HAL_CAN_Transmit  stm32f4xx_hal_can.o
    0x0800297c   0x0800297c   0x00000002   Code   RO          856    i.HAL_CAN_TxCpltCallback  stm32f4xx_hal_can.o
    0x0800297e   0x0800297e   0x00000002   PAD
    0x08002980   0x08002980   0x00000054   Code   RO         3634    i.HAL_DMA_Abort     stm32f4xx_hal_dma.o
    0x080029d4   0x080029d4   0x000001a0   Code   RO         3638    i.HAL_DMA_IRQHandler  stm32f4xx_hal_dma.o
    0x08002b74   0x08002b74   0x00000078   Code   RO         3639    i.HAL_DMA_Init      stm32f4xx_hal_dma.o
    0x08002bec   0x08002bec   0x0000004e   Code   RO         3642    i.HAL_DMA_Start_IT  stm32f4xx_hal_dma.o
    0x08002c3a   0x08002c3a   0x00000016   Code   RO         2672    i.HAL_Delay         stm32f4xx_hal.o
    0x08002c50   0x08002c50   0x000001cc   Code   RO         1067    i.HAL_GPIO_Init     stm32f4xx_hal_gpio.o
    0x08002e1c   0x08002e1c   0x00000008   Code   RO         1070    i.HAL_GPIO_TogglePin  stm32f4xx_hal_gpio.o
    0x08002e24   0x08002e24   0x0000000a   Code   RO         1071    i.HAL_GPIO_WritePin  stm32f4xx_hal_gpio.o
    0x08002e2e   0x08002e2e   0x00000002   PAD
    0x08002e30   0x08002e30   0x0000000c   Code   RO         2680    i.HAL_GetTick       stm32f4xx_hal.o
    0x08002e3c   0x08002e3c   0x00000108   Code   RO         1140    i.HAL_I2C_Init      stm32f4xx_hal_i2c.o
    0x08002f44   0x08002f44   0x0000013c   Code   RO         1151    i.HAL_I2C_Master_Transmit  stm32f4xx_hal_i2c.o
    0x08003080   0x08003080   0x00000048   Code   RO          295    i.HAL_I2C_MspInit   i2c.o
    0x080030c8   0x080030c8   0x00000010   Code   RO         2681    i.HAL_IncTick       stm32f4xx_hal.o
    0x080030d8   0x080030d8   0x00000034   Code   RO         2682    i.HAL_Init          stm32f4xx_hal.o
    0x0800310c   0x0800310c   0x00000022   Code   RO         2683    i.HAL_InitTick      stm32f4xx_hal.o
    0x0800312e   0x0800312e   0x00000044   Code   RO          778    i.HAL_MspInit       stm32f4xx_hal_msp.o
    0x08003172   0x08003172   0x00000016   Code   RO         3718    i.HAL_NVIC_EnableIRQ  stm32f4xx_hal_cortex.o
    0x08003188   0x08003188   0x00000040   Code   RO         3724    i.HAL_NVIC_SetPriority  stm32f4xx_hal_cortex.o
    0x080031c8   0x080031c8   0x00000024   Code   RO         3725    i.HAL_NVIC_SetPriorityGrouping  stm32f4xx_hal_cortex.o
    0x080031ec   0x080031ec   0x0000008c   Code   RO         2935    i.HAL_PWREx_EnableOverDrive  stm32f4xx_hal_pwr_ex.o
    0x08003278   0x08003278   0x00000140   Code   RO         2825    i.HAL_RCC_ClockConfig  stm32f4xx_hal_rcc.o
    0x080033b8   0x080033b8   0x00000034   Code   RO         2830    i.HAL_RCC_GetHCLKFreq  stm32f4xx_hal_rcc.o
    0x080033ec   0x080033ec   0x0000002c   Code   RO         2832    i.HAL_RCC_GetPCLK1Freq  stm32f4xx_hal_rcc.o
    0x08003418   0x08003418   0x0000002c   Code   RO         2833    i.HAL_RCC_GetPCLK2Freq  stm32f4xx_hal_rcc.o
    0x08003444   0x08003444   0x00000074   Code   RO         2834    i.HAL_RCC_GetSysClockFreq  stm32f4xx_hal_rcc.o
    0x080034b8   0x080034b8   0x000002e4   Code   RO         2837    i.HAL_RCC_OscConfig  stm32f4xx_hal_rcc.o
    0x0800379c   0x0800379c   0x0000008c   Code   RO         2006    i.HAL_SPI_Init      stm32f4xx_hal_spi.o
    0x08003828   0x08003828   0x0000004c   Code   RO          337    i.HAL_SPI_MspInit   spi.o
    0x08003874   0x08003874   0x00000018   Code   RO         3727    i.HAL_SYSTICK_CLKSourceConfig  stm32f4xx_hal_cortex.o
    0x0800388c   0x0800388c   0x00000002   Code   RO         3728    i.HAL_SYSTICK_Callback  stm32f4xx_hal_cortex.o
    0x0800388e   0x0800388e   0x00000028   Code   RO         3729    i.HAL_SYSTICK_Config  stm32f4xx_hal_cortex.o
    0x080038b6   0x080038b6   0x00000008   Code   RO         3730    i.HAL_SYSTICK_IRQHandler  stm32f4xx_hal_cortex.o
    0x080038be   0x080038be   0x00000002   Code   RO         1522    i.HAL_TIMEx_BreakCallback  stm32f4xx_hal_tim_ex.o
    0x080038c0   0x080038c0   0x00000002   Code   RO         1523    i.HAL_TIMEx_CommutationCallback  stm32f4xx_hal_tim_ex.o
    0x080038c2   0x080038c2   0x00000042   Code   RO         1524    i.HAL_TIMEx_ConfigBreakDeadTime  stm32f4xx_hal_tim_ex.o
    0x08003904   0x08003904   0x00000050   Code   RO         1539    i.HAL_TIMEx_MasterConfigSynchronization  stm32f4xx_hal_tim_ex.o
    0x08003954   0x08003954   0x00000036   Code   RO         3003    i.HAL_TIM_Base_Init  stm32f4xx_hal_tim.o
    0x0800398a   0x0800398a   0x00000002   PAD
    0x0800398c   0x0800398c   0x00000064   Code   RO          379    i.HAL_TIM_Base_MspInit  tim.o
    0x080039f0   0x080039f0   0x00000018   Code   RO         3008    i.HAL_TIM_Base_Start_IT  stm32f4xx_hal_tim.o
    0x08003a08   0x08003a08   0x00000002   Code   RO         3032    i.HAL_TIM_IC_CaptureCallback  stm32f4xx_hal_tim.o
    0x08003a0a   0x08003a0a   0x00000166   Code   RO         3045    i.HAL_TIM_IRQHandler  stm32f4xx_hal_tim.o
    0x08003b70   0x08003b70   0x00000070   Code   RO          380    i.HAL_TIM_MspPostInit  tim.o
    0x08003be0   0x08003be0   0x00000002   Code   RO         3048    i.HAL_TIM_OC_DelayElapsedCallback  stm32f4xx_hal_tim.o
    0x08003be2   0x08003be2   0x000000d0   Code   RO         3069    i.HAL_TIM_PWM_ConfigChannel  stm32f4xx_hal_tim.o
    0x08003cb2   0x08003cb2   0x00000036   Code   RO         3072    i.HAL_TIM_PWM_Init  stm32f4xx_hal_tim.o
    0x08003ce8   0x08003ce8   0x00000044   Code   RO          382    i.HAL_TIM_PWM_MspInit  tim.o
    0x08003d2c   0x08003d2c   0x00000002   Code   RO         3075    i.HAL_TIM_PWM_PulseFinishedCallback  stm32f4xx_hal_tim.o
    0x08003d2e   0x08003d2e   0x00000002   PAD
    0x08003d30   0x08003d30   0x00000038   Code   RO         3076    i.HAL_TIM_PWM_Start  stm32f4xx_hal_tim.o
    0x08003d68   0x08003d68   0x000002ec   Code   RO         4578    i.HAL_TIM_PeriodElapsedCallback  control.o
    0x08004054   0x08004054   0x00000002   Code   RO         3086    i.HAL_TIM_TriggerCallback  stm32f4xx_hal_tim.o
    0x08004056   0x08004056   0x00000034   Code   RO         1771    i.HAL_UART_DMAStop  stm32f4xx_hal_uart.o
    0x0800408a   0x0800408a   0x00000002   Code   RO         1773    i.HAL_UART_ErrorCallback  stm32f4xx_hal_uart.o
    0x0800408c   0x0800408c   0x000000e8   Code   RO         1776    i.HAL_UART_IRQHandler  stm32f4xx_hal_uart.o
    0x08004174   0x08004174   0x00000062   Code   RO         1777    i.HAL_UART_Init     stm32f4xx_hal_uart.o
    0x080041d6   0x080041d6   0x00000002   PAD
    0x080041d8   0x080041d8   0x0000031c   Code   RO          457    i.HAL_UART_MspInit  usart.o
    0x080044f4   0x080044f4   0x00000078   Code   RO         1781    i.HAL_UART_Receive_DMA  stm32f4xx_hal_uart.o
    0x0800456c   0x0800456c   0x00000002   Code   RO         3906    i.HAL_UART_RxCpltCallback  user_usart.o
    0x0800456e   0x0800456e   0x00000002   Code   RO         1784    i.HAL_UART_RxHalfCpltCallback  stm32f4xx_hal_uart.o
    0x08004570   0x08004570   0x0000007c   Code   RO         1786    i.HAL_UART_Transmit_DMA  stm32f4xx_hal_uart.o
    0x080045ec   0x080045ec   0x00000002   Code   RO         1788    i.HAL_UART_TxCpltCallback  stm32f4xx_hal_uart.o
    0x080045ee   0x080045ee   0x00000002   Code   RO         1789    i.HAL_UART_TxHalfCpltCallback  stm32f4xx_hal_uart.o
    0x080045f0   0x080045f0   0x00000002   Code   RO          583    i.HardFault_Handler  stm32f4xx_it.o
    0x080045f2   0x080045f2   0x00000002   PAD
    0x080045f4   0x080045f4   0x0000018c   Code   RO         4241    i.Hierogram_Get     driver_hierogram.o
    0x08004780   0x08004780   0x00000028   Code   RO         1181    i.I2C_IsAcknowledgeFailed  stm32f4xx_hal_i2c.o
    0x080047a8   0x080047a8   0x00000090   Code   RO         1185    i.I2C_MasterRequestWrite  stm32f4xx_hal_i2c.o
    0x08004838   0x08004838   0x0000008e   Code   RO         1191    i.I2C_WaitOnFlagUntilTimeout  stm32f4xx_hal_i2c.o
    0x080048c6   0x080048c6   0x00000002   PAD
    0x080048c8   0x080048c8   0x0000008c   Code   RO         1192    i.I2C_WaitOnMasterAddressFlagUntilTimeout  stm32f4xx_hal_i2c.o
    0x08004954   0x08004954   0x00000052   Code   RO         1195    i.I2C_WaitOnTXEFlagUntilTimeout  stm32f4xx_hal_i2c.o
    0x080049a6   0x080049a6   0x00000002   PAD
    0x080049a8   0x080049a8   0x0000000c   Code   RO         4461    i.Init_Ninming      driver_niming.o
    0x080049b4   0x080049b4   0x00000080   Code   RO         4211    i.LED_Set           driver_display.o
    0x08004a34   0x08004a34   0x00000044   Code   RO         4639    i.M2006_PID_Set     ctrl_rammer.o
    0x08004a78   0x08004a78   0x000000b8   Code   RO         4688    i.M3508_PID_Set     ctrl_chassis.o
    0x08004b30   0x08004b30   0x00000108   Code   RO         4735    i.M6623_PID_Set     ctrl_cloud.o
    0x08004c38   0x08004c38   0x00000038   Code   RO          247    i.MX_CAN1_Init      can.o
    0x08004c70   0x08004c70   0x00000038   Code   RO          248    i.MX_CAN2_Init      can.o
    0x08004ca8   0x08004ca8   0x000000ac   Code   RO          221    i.MX_DMA_Init       dma.o
    0x08004d54   0x08004d54   0x00000168   Code   RO          545    i.MX_GPIO_Init      gpio.o
    0x08004ebc   0x08004ebc   0x00000030   Code   RO          296    i.MX_I2C2_Init      i2c.o
    0x08004eec   0x08004eec   0x00000034   Code   RO          338    i.MX_SPI5_Init      spi.o
    0x08004f20   0x08004f20   0x00000044   Code   RO          383    i.MX_TIM12_Init     tim.o
    0x08004f64   0x08004f64   0x00000098   Code   RO          384    i.MX_TIM1_Init      tim.o
    0x08004ffc   0x08004ffc   0x00000030   Code   RO          385    i.MX_TIM6_Init      tim.o
    0x0800502c   0x0800502c   0x00000034   Code   RO          386    i.MX_TIM7_Init      tim.o
    0x08005060   0x08005060   0x00000028   Code   RO          458    i.MX_UART7_Init     usart.o
    0x08005088   0x08005088   0x00000028   Code   RO          459    i.MX_UART8_Init     usart.o
    0x080050b0   0x080050b0   0x0000002c   Code   RO          460    i.MX_USART1_UART_Init  usart.o
    0x080050dc   0x080050dc   0x00000028   Code   RO          461    i.MX_USART2_UART_Init  usart.o
    0x08005104   0x08005104   0x00000028   Code   RO          462    i.MX_USART3_UART_Init  usart.o
    0x0800512c   0x0800512c   0x00000028   Code   RO          463    i.MX_USART6_UART_Init  usart.o
    0x08005154   0x08005154   0x0000018c   Code   RO         4689    i.MecanumCalculate  ctrl_chassis.o
    0x080052e0   0x080052e0   0x00000002   Code   RO          584    i.MemManage_Handler  stm32f4xx_it.o
    0x080052e2   0x080052e2   0x00000002   PAD
    0x080052e4   0x080052e4   0x00000050   Code   RO         4579    i.Mode_Set          control.o
    0x08005334   0x08005334   0x00000300   Code   RO         3839    i.Motor_Param_Init  user.o
    0x08005634   0x08005634   0x00000002   Code   RO          585    i.NMI_Handler       stm32f4xx_it.o
    0x08005636   0x08005636   0x00000020   Code   RO         3731    i.NVIC_SetPriority  stm32f4xx_hal_cortex.o
    0x08005656   0x08005656   0x00000002   PAD
    0x08005658   0x08005658   0x00000058   Code   RO         4355    i.OLED_Fill         dirver_oled.o
    0x080056b0   0x080056b0   0x00000068   Code   RO         4356    i.OLED_Init         dirver_oled.o
    0x08005718   0x08005718   0x00000040   Code   RO         4359    i.OLED_SetPos       dirver_oled.o
    0x08005758   0x08005758   0x000000dc   Code   RO         4361    i.OLED_ShowStr      dirver_oled.o
    0x08005834   0x08005834   0x000000ac   Code   RO         4242    i.PC_Data_Analysis  driver_hierogram.o
    0x080058e0   0x080058e0   0x00000018   Code   RO         4015    i.PID_struct_init   driver_pid.o
    0x080058f8   0x080058f8   0x00000044   Code   RO         4363    i.Play_OLED_Chassis_Init  dirver_oled.o
    0x0800593c   0x0800593c   0x000000d4   Code   RO         4690    i.Power_Limit       ctrl_chassis.o
    0x08005a10   0x08005a10   0x00000068   Code   RO         4640    i.Rammer_Angle      ctrl_rammer.o
    0x08005a78   0x08005a78   0x00000158   Code   RO         4641    i.Rammer_Param_Set  ctrl_rammer.o
    0x08005bd0   0x08005bd0   0x00000058   Code   RO         4526    i.Read_Cap_State    driver_supcap.o
    0x08005c28   0x08005c28   0x00000014   Code   RO         4736    i.Read_M6623_First_Angle  ctrl_cloud.o
    0x08005c3c   0x08005c3c   0x0000004c   Code   RO         3945    i.Set_moto_current  user_can.o
    0x08005c88   0x08005c88   0x0000000e   Code   RO          586    i.SysTick_Handler   stm32f4xx_it.o
    0x08005c96   0x08005c96   0x00000002   PAD
    0x08005c98   0x08005c98   0x00000098   Code   RO           13    i.SystemClock_Config  main.o
    0x08005d30   0x08005d30   0x00000054   Code   RO          803    i.SystemInit        system_stm32f4xx.o
    0x08005d84   0x08005d84   0x0000000c   Code   RO          587    i.TIM6_DAC_IRQHandler  stm32f4xx_it.o
    0x08005d90   0x08005d90   0x0000000c   Code   RO          588    i.TIM7_IRQHandler   stm32f4xx_it.o
    0x08005d9c   0x08005d9c   0x000000c0   Code   RO         3087    i.TIM_Base_SetConfig  stm32f4xx_hal_tim.o
    0x08005e5c   0x08005e5c   0x00000016   Code   RO         3088    i.TIM_CCxChannelCmd  stm32f4xx_hal_tim.o
    0x08005e72   0x08005e72   0x00000002   PAD
    0x08005e74   0x08005e74   0x0000004c   Code   RO         3876    i.TIM_Init          user_tim.o
    0x08005ec0   0x08005ec0   0x00000058   Code   RO         3096    i.TIM_OC1_SetConfig  stm32f4xx_hal_tim.o
    0x08005f18   0x08005f18   0x00000064   Code   RO         3097    i.TIM_OC2_SetConfig  stm32f4xx_hal_tim.o
    0x08005f7c   0x08005f7c   0x00000060   Code   RO         3098    i.TIM_OC3_SetConfig  stm32f4xx_hal_tim.o
    0x08005fdc   0x08005fdc   0x00000050   Code   RO         3099    i.TIM_OC4_SetConfig  stm32f4xx_hal_tim.o
    0x0800602c   0x0800602c   0x0000008c   Code   RO         4133    i.Transmit_Judge    driver_judge.o
    0x080060b8   0x080060b8   0x00000044   Code   RO          589    i.UART7_IRQHandler  stm32f4xx_it.o
    0x080060fc   0x080060fc   0x00000044   Code   RO          590    i.UART8_IRQHandler  stm32f4xx_it.o
    0x08006140   0x08006140   0x00000022   Code   RO         1790    i.UART_DMAError     stm32f4xx_hal_uart.o
    0x08006162   0x08006162   0x00000028   Code   RO         1791    i.UART_DMAReceiveCplt  stm32f4xx_hal_uart.o
    0x0800618a   0x0800618a   0x0000000a   Code   RO         1792    i.UART_DMARxHalfCplt  stm32f4xx_hal_uart.o
    0x08006194   0x08006194   0x0000002e   Code   RO         1793    i.UART_DMATransmitCplt  stm32f4xx_hal_uart.o
    0x080061c2   0x080061c2   0x0000000a   Code   RO         1794    i.UART_DMATxHalfCplt  stm32f4xx_hal_uart.o
    0x080061cc   0x080061cc   0x00000068   Code   RO         3907    i.UART_Init         user_usart.o
    0x08006234   0x08006234   0x00000096   Code   RO         1795    i.UART_Receive_IT   stm32f4xx_hal_uart.o
    0x080062ca   0x080062ca   0x00000002   PAD
    0x080062cc   0x080062cc   0x000002ac   Code   RO         1796    i.UART_SetConfig    stm32f4xx_hal_uart.o
    0x08006578   0x08006578   0x00000062   Code   RO         1797    i.UART_Transmit_IT  stm32f4xx_hal_uart.o
    0x080065da   0x080065da   0x00000002   PAD
    0x080065dc   0x080065dc   0x0000005c   Code   RO          591    i.USART1_IRQHandler  stm32f4xx_it.o
    0x08006638   0x08006638   0x00000034   Code   RO          592    i.USART2_IRQHandler  stm32f4xx_it.o
    0x0800666c   0x0800666c   0x00000048   Code   RO          593    i.USART3_IRQHandler  stm32f4xx_it.o
    0x080066b4   0x080066b4   0x00000044   Code   RO          594    i.USART6_IRQHandler  stm32f4xx_it.o
    0x080066f8   0x080066f8   0x00000002   Code   RO          595    i.UsageFault_Handler  stm32f4xx_it.o
    0x080066fa   0x080066fa   0x00000002   PAD
    0x080066fc   0x080066fc   0x00000044   Code   RO         4134    i.Verify_CRC16_Check_Sum  driver_judge.o
    0x08006740   0x08006740   0x0000002c   Code   RO         4365    i.WriteDat          dirver_oled.o
    0x0800676c   0x0800676c   0x0000000e   Code   RO         5131    i.__scatterload_copy  mc_w.l(handlers.o)
    0x0800677a   0x0800677a   0x00000002   Code   RO         5132    i.__scatterload_null  mc_w.l(handlers.o)
    0x0800677c   0x0800677c   0x0000000e   Code   RO         5133    i.__scatterload_zeroinit  mc_w.l(handlers.o)
    0x0800678a   0x0800678a   0x0000002a   Code   RO         4016    i.abs_limit         driver_pid.o
    0x080067b4   0x080067b4   0x00000090   Code   RO           14    i.main              main.o
    0x08006844   0x08006844   0x000004d0   Code   RO         4017    i.pid_calc          driver_pid.o
    0x08006d14   0x08006d14   0x0000000e   Code   RO         4018    i.pid_param_init    driver_pid.o
    0x08006d22   0x08006d22   0x00000006   Code   RO         4019    i.pid_reset         driver_pid.o
    0x08006d28   0x08006d28   0x00000010   Data   RO         2838    .constdata          stm32f4xx_hal_rcc.o
    0x08006d38   0x08006d38   0x00000008   Data   RO         3643    .constdata          stm32f4xx_hal_dma.o
    0x08006d40   0x08006d40   0x00000300   Data   RO         4138    .constdata          driver_judge.o
    0x08007040   0x08007040   0x00000818   Data   RO         4366    .constdata          dirver_oled.o
    0x08007858   0x08007858   0x00000004   Data   RO         4642    .constdata          ctrl_rammer.o
    0x0800785c   0x0800785c   0x00000004   Data   RO         4737    .constdata          ctrl_cloud.o
    0x08007860   0x08007860   0x00000020   Data   RO         5129    Region$$Table       anon$$obj.o


    Execution Region RW_IRAM1 (Exec base: 0x20000000, Load base: 0x08007880, Size: 0x000018e8, Max: 0x00030000, ABSOLUTE)

    Exec Addr    Load Addr    Size         Type   Attr      Idx    E Section Name        Object

    0x20000000   0x08007880   0x00000004   Data   RW          250    .data               can.o
    0x20000004   0x08007884   0x00000001   Data   RW          596    .data               stm32f4xx_it.o
    0x20000005   0x08007885   0x00000003   PAD
    0x20000008   0x08007888   0x00000004   Data   RW          805    .data               system_stm32f4xx.o
    0x2000000c   0x0800788c   0x00000004   Data   RW         2688    .data               stm32f4xx_hal.o
    0x20000010   0x08007890   0x00000010   Data   RW         3947    .data               user_can.o
    0x20000020   0x080078a0   0x0000000c   Data   RW         4068    .data               driver_dbus.o
    0x2000002c   0x080078ac   0x0000002c   Data   RW         4139    .data               driver_judge.o
    0x20000058   0x080078d8   0x00000001   Data   RW         4212    .data               driver_display.o
    0x20000059   0x080078d9   0x00000003   PAD
    0x2000005c   0x080078dc   0x0000001c   Data   RW         4246    .data               driver_hierogram.o
    0x20000078   0x080078f8   0x00000008   Data   RW         4293    .data               driver_gyro.o
    0x20000080   0x08007900   0x00000004   Data   RW         4367    .data               dirver_oled.o
    0x20000084   0x08007904   0x00000008   Data   RW         4468    .data               driver_niming.o
    0x2000008c   0x0800790c   0x00000003   Data   RW         4527    .data               driver_supcap.o
    0x2000008f   0x0800790f   0x00000001   PAD
    0x20000090   0x08007910   0x00000016   Data   RW         4582    .data               control.o
    0x200000a6   0x08007926   0x00000002   Data   RW         4583    .data               control.o
    0x200000a8   0x08007928   0x00000002   Data   RW         4584    .data               control.o
    0x200000aa   0x0800792a   0x00000002   PAD
    0x200000ac   0x0800792c   0x00000004   Data   RW         4585    .data               control.o
    0x200000b0   0x08007930   0x00000004   Data   RW         4586    .data               control.o
    0x200000b4   0x08007934   0x0000000a   Data   RW         4644    .data               ctrl_rammer.o
    0x200000be   0x0800793e   0x00000002   PAD
    0x200000c0   0x08007940   0x00000014   Data   RW         4692    .data               ctrl_chassis.o
    0x200000d4   0x08007954   0x00000004   Data   RW         4787    .data               ctrl_frict.o
    0x200000d8        -       0x00000080   Zero   RW          249    .bss                can.o
    0x20000158        -       0x00000044   Zero   RW          297    .bss                i2c.o
    0x2000019c        -       0x00000058   Zero   RW          339    .bss                spi.o
    0x200001f4        -       0x000000f0   Zero   RW          387    .bss                tim.o
    0x200002e4        -       0x00000440   Zero   RW          466    .bss                usart.o
    0x20000724        -       0x00000080   Zero   RW         3946    .bss                user_can.o
    0x200007a4        -       0x00000044   Zero   RW         4067    .bss                driver_dbus.o
    0x200007e8        -       0x000000e2   Zero   RW         4136    .bss                driver_judge.o
    0x200008ca        -       0x00000038   Zero   RW         4243    .bss                driver_hierogram.o
    0x20000902   0x08007958   0x00000002   PAD
    0x20000904        -       0x0000006c   Zero   RW         4244    .bss                driver_hierogram.o
    0x20000970        -       0x0000006c   Zero   RW         4245    .bss                driver_hierogram.o
    0x200009dc        -       0x00000028   Zero   RW         4292    .bss                driver_gyro.o
    0x20000a04        -       0x00000010   Zero   RW         4580    .bss                control.o
    0x20000a14        -       0x00000ac0   Zero   RW         4581    .bss                control.o
    0x200014d4        -       0x00000010   Zero   RW         4691    .bss                ctrl_chassis.o
    0x200014e4   0x08007958   0x00000004   PAD
    0x200014e8        -       0x00000400   Zero   RW            1    STACK               startup_stm32f427xx.o


==============================================================================

Image component sizes


      Code (inc. data)   RO Data    RW Data    ZI Data      Debug   Object Name

       340         40          0          4        128       2318   can.o
      1290        108          0         34       2768       8216   control.o
      2676        188          0         20         16       5152   ctrl_chassis.o
      1968        152          4          0          0       4816   ctrl_cloud.o
       200         20          0          4          0       1004   ctrl_frict.o
       516         54          4         10          0       6665   ctrl_rammer.o
       588         94       2072          4          0       5505   dirver_oled.o
       172          4          0          0          0        870   dma.o
       204         22          0         12         68       7135   driver_dbus.o
       130         18          0          1          0       1713   driver_display.o
       448         54          0          8         40       2910   driver_gyro.o
       568         34          0         28        272       2746   driver_hierogram.o
       936         62        768         44        226      12936   driver_judge.o
        12          6          0          8          0       1350   driver_niming.o
      1318         48          0          0          0       4377   driver_pid.o
       324         42          0          3          0       2135   driver_supcap.o
       360         24          0          0          0       1179   gpio.o
       120         24          0          0         68       1573   i2c.o
       296         20          0          0          0     433423   main.o
       128         20          0          0         88       1597   spi.o
        36          8        428          0       1024        848   startup_stm32f427xx.o
       136         16          0          4          0       4283   stm32f4xx_hal.o
      1740         38          0          0          0       7031   stm32f4xx_hal_can.o
       228         14          0          0          0      32253   stm32f4xx_hal_cortex.o
       778         14          8          0          0       5363   stm32f4xx_hal_dma.o
       478         52          0          0          0       3193   stm32f4xx_hal_gpio.o
      1128         26          0          0          0       8313   stm32f4xx_hal_i2c.o
        68          0          0          0          0        526   stm32f4xx_hal_msp.o
       140         14          0          0          0       1312   stm32f4xx_hal_pwr_ex.o
      1316         68         16          0          0       5999   stm32f4xx_hal_rcc.o
       140          0          0          0          0       1343   stm32f4xx_hal_spi.o
      1340         88          0          0          0      12566   stm32f4xx_hal_tim.o
       150          0          0          0          0       3254   stm32f4xx_hal_tim_ex.o
      1706         36          0          0          0      12179   stm32f4xx_hal_uart.o
       614        186          0          1          0      13478   stm32f4xx_it.o
        84         18          0          4          0       1373   system_stm32f4xx.o
       600         82          0          0        240       4743   tim.o
      1040        120          0          0       1088       6361   usart.o
       824         88          0          0          0       1962   user.o
       888         66          0         16        128       8086   user_can.o
        76         18          0          0          0        527   user_tim.o
       106         26          0          0          0       1390   user_usart.o

    ----------------------------------------------------------------------
     26246       2012       3332        216       6160     644003   Object Totals
         0          0         32          0          0          0   (incl. Generated)
        36          0          0         11          6          0   (incl. Padding)

    ----------------------------------------------------------------------

      Code (inc. data)   RO Data    RW Data    ZI Data      Debug   Library Member Name

         0          0          0          0          0          0   entry.o
         0          0          0          0          0          0   entry10a.o
         0          0          0          0          0          0   entry11a.o
         8          4          0          0          0          0   entry2.o
         4          0          0          0          0          0   entry5.o
         0          0          0          0          0          0   entry7b.o
         0          0          0          0          0          0   entry8b.o
         8          4          0          0          0          0   entry9a.o
        30          0          0          0          0          0   handlers.o
        36          8          0          0          0         68   init.o
         0          0          0          0          0          0   iusefp.o
        30          0          0          0          0         68   llshl.o
        36          0          0          0          0         68   llsshr.o
        32          0          0          0          0         68   llushr.o
        36          0          0          0          0         68   memcpya.o
        56          0          0          0          0         88   d2f.o
       334          0          0          0          0        148   dadd.o
       186          0          0          0          0        176   depilogue.o
        62          0          0          0          0         80   dfixi.o
        34          0          0          0          0         76   dflti.o
       228          0          0          0          0         96   dmul.o
        38          0          0          0          0         68   f2d.o
       110          0          0          0          0        168   fepilogue.o

    ----------------------------------------------------------------------
      1270         16          0          0          0       1240   Library Totals
         2          0          0          0          0          0   (incl. Padding)

    ----------------------------------------------------------------------

      Code (inc. data)   RO Data    RW Data    ZI Data      Debug   Library Name

       220         16          0          0          0        340   mc_w.l
      1048          0          0          0          0        900   mf_w.l

    ----------------------------------------------------------------------
      1270         16          0          0          0       1240   Library Totals

    ----------------------------------------------------------------------

==============================================================================


      Code (inc. data)   RO Data    RW Data    ZI Data      Debug   

     27516       2028       3332        216       6160     627127   Grand Totals
     27516       2028       3332        216       6160     627127   ELF Image Totals
     27516       2028       3332        216          0          0   ROM Totals

==============================================================================

    Total RO  Size (Code + RO Data)                30848 (  30.13kB)
    Total RW  Size (RW Data + ZI Data)              6376 (   6.23kB)
    Total ROM Size (Code + RO Data + RW Data)      31064 (  30.34kB)

==============================================================================

